::1 - - [19/Mar/2025:17:14:52 +0000] "POST /api/oneapp/admin/zone HTTP/1.1" 404 - "-" "PostmanRuntime/7.43.2"
::1 - - [19/Mar/2025:17:17:25 +0000] "POST /api/oneapp/admin/zone HTTP/1.1" 404 - "-" "PostmanRuntime/7.43.2"
::1 - - [19/Mar/2025:17:23:29 +0000] "POST /api/oneapp/admin/zone HTTP/1.1" 404 - "-" "PostmanRuntime/7.43.2"
::1 - - [19/Mar/2025:17:23:48 +0000] "POST /api/oneapp/admin/zone/create-zone HTTP/1.1" 500 - "-" "PostmanRuntime/7.43.2"
::1 - - [19/Mar/2025:17:24:08 +0000] "POST /api/oneapp/admin/zone/create-zone HTTP/1.1" 500 1537 "-" "PostmanRuntime/7.43.2"
::1 - - [19/Mar/2025:17:24:30 +0000] "POST /api/oneapp/admin/zone/create-zone HTTP/1.1" 201 - "-" "PostmanRuntime/7.43.2"
::1 - - [19/Mar/2025:17:26:21 +0000] "POST /api/oneapp/admin/zone/create-zone HTTP/1.1" 422 - "-" "PostmanRuntime/7.43.2"
::1 - - [19/Mar/2025:17:27:23 +0000] "POST /api/oneapp/admin/zone/create-zone HTTP/1.1" - - "-" "PostmanRuntime/7.43.2"
::1 - - [19/Mar/2025:17:27:47 +0000] "POST /api/oneapp/admin/zone/create-zone HTTP/1.1" 422 - "-" "PostmanRuntime/7.43.2"
::1 - - [19/Mar/2025:17:28:07 +0000] "POST /api/oneapp/admin/zone/create-zone HTTP/1.1" 422 - "-" "PostmanRuntime/7.43.2"
::1 - - [19/Mar/2025:17:28:29 +0000] "POST /api/oneapp/admin/zone/create-zone HTTP/1.1" 422 - "-" "PostmanRuntime/7.43.2"
::1 - - [19/Mar/2025:17:29:47 +0000] "POST /api/oneapp/admin/zone/create-zone HTTP/1.1" 500 - "-" "PostmanRuntime/7.43.2"
::1 - - [19/Mar/2025:17:30:10 +0000] "POST /api/oneapp/admin/zone/create-zone HTTP/1.1" 500 - "-" "PostmanRuntime/7.43.2"
::1 - - [19/Mar/2025:17:33:28 +0000] "POST /api/oneapp/admin/zone/create-zone HTTP/1.1" 500 - "-" "PostmanRuntime/7.43.2"
::1 - - [19/Mar/2025:17:34:46 +0000] "POST /api/oneapp/admin/zone/create-zone HTTP/1.1" 500 - "-" "PostmanRuntime/7.43.2"
::1 - - [19/Mar/2025:18:02:48 +0000] "POST /api/oneapp/admin/zone/create-zone HTTP/1.1" 500 - "-" "PostmanRuntime/7.43.2"
::1 - - [19/Mar/2025:18:04:45 +0000] "POST /api/oneapp/admin/zone/create-zone HTTP/1.1" 500 - "-" "PostmanRuntime/7.43.2"
::1 - - [19/Mar/2025:18:05:22 +0000] "POST /api/oneapp/admin/zone/create-zone HTTP/1.1" 500 - "-" "PostmanRuntime/7.43.2"
::1 - - [19/Mar/2025:18:05:58 +0000] "POST /api/oneapp/admin/zone/create-zone HTTP/1.1" 201 - "-" "PostmanRuntime/7.43.2"
::1 - - [19/Mar/2025:18:06:26 +0000] "POST /api/oneapp/admin/zone/create-zone HTTP/1.1" 201 - "-" "PostmanRuntime/7.43.2"
::1 - - [19/Mar/2025:18:10:45 +0000] "GET /api/oneapp/admin/zone/create-area HTTP/1.1" 404 - "-" "PostmanRuntime/7.43.2"
::1 - - [19/Mar/2025:18:10:52 +0000] "POST /api/oneapp/admin/zone/create-zone HTTP/1.1" 201 - "-" "PostmanRuntime/7.43.2"
::1 - - [19/Mar/2025:18:13:09 +0000] "POST /api/oneapp/admin/zone/create-zone HTTP/1.1" 201 - "-" "PostmanRuntime/7.43.2"
::1 - - [19/Mar/2025:18:13:14 +0000] "POST /api/oneapp/admin/zone/create-zone HTTP/1.1" 201 - "-" "PostmanRuntime/7.43.2"
::1 - - [19/Mar/2025:18:45:52 +0000] "POST /api/oneapp/admin/zone/create-area HTTP/1.1" 500 - "-" "PostmanRuntime/7.43.2"
::1 - - [19/Mar/2025:18:46:19 +0000] "POST /api/oneapp/admin/zone/create-area HTTP/1.1" 500 - "-" "PostmanRuntime/7.43.2"
::1 - - [19/Mar/2025:18:46:46 +0000] "POST /api/oneapp/admin/zone/create-area HTTP/1.1" 201 - "-" "PostmanRuntime/7.43.2"
::1 - - [19/Mar/2025:18:51:04 +0000] "POST /api/oneapp/admin/zone/create-area HTTP/1.1" 201 - "-" "PostmanRuntime/7.43.2"
::1 - - [19/Mar/2025:19:07:07 +0000] "POST /api/oneapp/admin/zone/create-area HTTP/1.1" 201 - "-" "PostmanRuntime/7.43.2"
::1 - - [20/Mar/2025:00:37:30 +0000] "POST /api/oneapp/admin/zone/create-user HTTP/1.1" 404 - "-" "PostmanRuntime/7.43.2"
::1 - - [20/Mar/2025:00:40:13 +0000] "POST /api/oneapp/admin/zone/create-user HTTP/1.1" 201 - "-" "PostmanRuntime/7.43.2"
::1 - - [20/Mar/2025:00:53:56 +0000] "POST /api/oneapp/admin/zone/find-user HTTP/1.1" 200 - "-" "PostmanRuntime/7.43.2"
::1 - - [20/Mar/2025:00:55:12 +0000] "POST /api/oneapp/admin/zone/find-user HTTP/1.1" 404 - "-" "PostmanRuntime/7.43.2"
::1 - - [20/Mar/2025:01:08:28 +0000] "POST /api/oneapp/admin/zone/create-seller HTTP/1.1" 201 - "-" "PostmanRuntime/7.43.2"
::1 - - [20/Mar/2025:01:10:08 +0000] "POST /api/oneapp/admin/zone/create-seller HTTP/1.1" 201 - "-" "PostmanRuntime/7.43.2"
::1 - - [20/Mar/2025:01:13:58 +0000] "POST /api/oneapp/admin/zone/create-seller HTTP/1.1" 201 - "-" "PostmanRuntime/7.43.2"
::1 - - [20/Mar/2025:01:20:12 +0000] "POST /api/oneapp/admin/zone/find-sellers HTTP/1.1" 404 - "-" "PostmanRuntime/7.43.2"
::1 - - [20/Mar/2025:01:20:27 +0000] "POST /api/oneapp/admin/zone/find-sellers HTTP/1.1" 200 - "-" "PostmanRuntime/7.43.2"
::1 - - [20/Mar/2025:01:23:17 +0000] "POST /api/oneapp/admin/zone/find-sellers HTTP/1.1" 200 - "-" "PostmanRuntime/7.43.2"
::ffff:192.168.29.108 - - [20/Mar/2025:04:04:15 +0000] "POST /api/oneapp/admin/zone/create-zone HTTP/1.1" 201 - "-" "PostmanRuntime/7.43.2"
::ffff:192.168.29.121 - - [20/Mar/2025:04:04:47 +0000] "GET /api/oneapp/admin/zone/create-zone HTTP/1.1" 404 - "-" "Mozilla/5.0 (Windows NT 10.0; Win64; x64) AppleWebKit/537.36 (KHTML, like Gecko) Chrome/134.0.0.0 Safari/537.36 Edg/134.0.0.0"
::ffff:192.168.29.121 - - [20/Mar/2025:04:05:01 +0000] "GET / HTTP/1.1" 404 - "-" "Mozilla/5.0 (Windows NT 10.0; Win64; x64) AppleWebKit/537.36 (KHTML, like Gecko) Chrome/134.0.0.0 Safari/537.36"
::ffff:192.168.29.121 - - [20/Mar/2025:04:09:16 +0000] "POST /api/oneapp/admin/zone/create-zone HTTP/1.1" 201 - "-" "PostmanRuntime/7.39.1"
::1 - - [20/Mar/2025:04:20:36 +0000] "POST /api/oneapp/admin/zone/find-sellers HTTP/1.1" 200 - "-" "PostmanRuntime/7.43.2"
::1 - - [20/Mar/2025:10:44:42 +0000] "POST /api/oneapp/admin/zone/find-sellers HTTP/1.1" 404 - "-" "PostmanRuntime/7.43.2"
::1 - - [20/Mar/2025:10:44:56 +0000] "POST /api/oneapp/admin/zone/find-sellers HTTP/1.1" 200 - "-" "PostmanRuntime/7.43.2"
::1 - - [20/Mar/2025:10:54:02 +0000] "POST /api/oneapp/admin/zone/find-sellers HTTP/1.1" 404 - "-" "PostmanRuntime/7.43.2"
::1 - - [20/Mar/2025:11:03:46 +0000] "POST /api/oneapp/admin/zone/find-sellers HTTP/1.1" 200 - "-" "PostmanRuntime/7.43.2"
::1 - - [20/Mar/2025:11:04:01 +0000] "POST /api/oneapp/admin/zone/find-sellers HTTP/1.1" 500 - "-" "PostmanRuntime/7.43.2"
::1 - - [20/Mar/2025:11:04:07 +0000] "POST /api/oneapp/admin/zone/find-sellers HTTP/1.1" 200 - "-" "PostmanRuntime/7.43.2"
::1 - - [20/Mar/2025:11:27:04 +0000] "POST /api/oneapp/admin/zone/find-sellers HTTP/1.1" 200 - "-" "PostmanRuntime/7.43.2"
::1 - - [20/Mar/2025:11:30:40 +0000] "POST /api/oneapp/admin/zone/find-sellers HTTP/1.1" 200 - "-" "PostmanRuntime/7.43.2"
::1 - - [20/Mar/2025:11:30:56 +0000] "POST /api/oneapp/admin/zone/find-sellers HTTP/1.1" 404 - "-" "PostmanRuntime/7.43.2"
::1 - - [20/Mar/2025:11:36:22 +0000] "POST /api/oneapp/admin/zone/find-sellers HTTP/1.1" 404 - "-" "PostmanRuntime/7.43.2"
::1 - - [20/Mar/2025:11:39:14 +0000] "POST /api/oneapp/admin/zone/find-sellers HTTP/1.1" 500 - "-" "PostmanRuntime/7.43.2"
::1 - - [20/Mar/2025:11:39:30 +0000] "POST /api/oneapp/admin/zone/find-sellers HTTP/1.1" 500 - "-" "PostmanRuntime/7.43.2"
::1 - - [20/Mar/2025:11:39:45 +0000] "POST /api/oneapp/admin/zone/find-sellers HTTP/1.1" 200 - "-" "PostmanRuntime/7.43.2"
::1 - - [20/Mar/2025:12:01:41 +0000] "POST /api/oneapp/admin/zone/create-partner HTTP/1.1" 404 - "-" "PostmanRuntime/7.43.2"
::1 - - [20/Mar/2025:12:02:31 +0000] "POST /api/oneapp/admin/zone/create-partner HTTP/1.1" 500 - "-" "PostmanRuntime/7.43.2"
::1 - - [20/Mar/2025:12:03:02 +0000] "POST /api/oneapp/admin/zone/create-partner HTTP/1.1" 201 - "-" "PostmanRuntime/7.43.2"
::1 - - [20/Mar/2025:12:05:24 +0000] "POST /api/oneapp/admin/zone//find-delivery-partner HTTP/1.1" 404 - "-" "PostmanRuntime/7.43.2"
::1 - - [20/Mar/2025:12:05:31 +0000] "POST /api/oneapp/admin/zone/find-delivery-partner HTTP/1.1" 404 - "-" "PostmanRuntime/7.43.2"
::1 - - [20/Mar/2025:12:05:51 +0000] "POST /api/oneapp/admin/zone/find-delivery-partner HTTP/1.1" 404 - "-" "PostmanRuntime/7.43.2"
::1 - - [20/Mar/2025:12:08:15 +0000] "POST /api/oneapp/admin/zone/find-delivery-partner HTTP/1.1" 500 - "-" "PostmanRuntime/7.43.2"
::1 - - [20/Mar/2025:12:09:50 +0000] "POST /api/oneapp/admin/zone/find-delivery-partner HTTP/1.1" 200 - "-" "PostmanRuntime/7.43.2"
::1 - - [21/Mar/2025:04:06:43 +0000] "POST /api/oneapp/admin/zone/create-area HTTP/1.1" 201 - "-" "PostmanRuntime/7.43.2"
::1 - - [21/Mar/2025:04:11:14 +0000] "POST /api/oneapp/admin/zone/create-user HTTP/1.1" 201 - "-" "PostmanRuntime/7.43.2"
::1 - - [21/Mar/2025:04:14:40 +0000] "POST /api/oneapp/admin/zone/create-seller HTTP/1.1" 201 - "-" "PostmanRuntime/7.43.2"
::1 - - [21/Mar/2025:04:15:11 +0000] "POST /api/oneapp/admin/zone/find-sellers HTTP/1.1" 200 - "-" "PostmanRuntime/7.43.2"
::1 - - [21/Mar/2025:04:16:12 +0000] "POST /api/oneapp/admin/zone/find-sellers HTTP/1.1" 200 - "-" "PostmanRuntime/7.43.2"
::ffff:192.168.0.117 - - [21/Mar/2025:04:46:55 +0000] "POST /api/oneapp/admin/zone/create-zone HTTP/1.1" 201 - "-" "PostmanRuntime/7.43.2"
::ffff:192.168.0.120 - - [21/Mar/2025:06:22:01 +0000] "POST /api/oneapp/admin/zone/find-sellers HTTP/1.1" 200 - "-" "PostmanRuntime/7.43.2"
::ffff:192.168.0.117 - - [21/Mar/2025:06:47:17 +0000] "GET /api/oneapp/admin/zone/get-area HTTP/1.1" - - "-" "PostmanRuntime/7.43.2"
::ffff:192.168.0.117 - - [21/Mar/2025:06:47:45 +0000] "GET /api/oneapp/admin/zone/get-area HTTP/1.1" 500 - "-" "PostmanRuntime/7.43.2"
::ffff:192.168.0.117 - - [21/Mar/2025:06:48:11 +0000] "GET /api/oneapp/admin/zone/get-area HTTP/1.1" 200 - "-" "PostmanRuntime/7.43.2"
::ffff:192.168.0.117 - - [21/Mar/2025:06:51:08 +0000] "GET /api/oneapp/admin/zone/get-zone HTTP/1.1" 200 - "-" "PostmanRuntime/7.43.2"
::ffff:192.168.0.120 - - [21/Mar/2025:06:53:56 +0000] "POST /api/oneapp/admin/zone/find-delivery-partner HTTP/1.1" 200 - "-" "PostmanRuntime/7.43.2"
::ffff:192.168.0.120 - - [21/Mar/2025:06:54:17 +0000] "POST /api/oneapp/admin/zone/create-zone HTTP/1.1" 201 - "-" "PostmanRuntime/7.43.2"
::ffff:192.168.0.120 - - [21/Mar/2025:06:54:26 +0000] "POST /api/oneapp/admin/zone/create-area HTTP/1.1" 201 - "-" "PostmanRuntime/7.43.2"
::ffff:192.168.0.139 - - [21/Mar/2025:07:01:45 +0000] "GET /api/oneapp/admin/zone/get-zones HTTP/1.1" 404 - "http://localhost:3000/" "Mozilla/5.0 (Windows NT 10.0; Win64; x64) AppleWebKit/537.36 (KHTML, like Gecko) Chrome/134.0.0.0 Safari/537.36"
::ffff:192.168.0.139 - - [21/Mar/2025:07:01:45 +0000] "GET /api/oneapp/admin/zone/get-area HTTP/1.1" 200 - "http://localhost:3000/" "Mozilla/5.0 (Windows NT 10.0; Win64; x64) AppleWebKit/537.36 (KHTML, like Gecko) Chrome/134.0.0.0 Safari/537.36"
::ffff:192.168.0.139 - - [21/Mar/2025:07:01:46 +0000] "GET /api/oneapp/admin/zone/get-zones HTTP/1.1" 404 - "http://localhost:3000/" "Mozilla/5.0 (Windows NT 10.0; Win64; x64) AppleWebKit/537.36 (KHTML, like Gecko) Chrome/134.0.0.0 Safari/537.36"
::ffff:192.168.0.139 - - [21/Mar/2025:07:01:48 +0000] "GET /api/oneapp/admin/zone/get-zones HTTP/1.1" 404 - "http://localhost:3000/" "Mozilla/5.0 (Windows NT 10.0; Win64; x64) AppleWebKit/537.36 (KHTML, like Gecko) Chrome/134.0.0.0 Safari/537.36"
::ffff:192.168.0.139 - - [21/Mar/2025:07:01:52 +0000] "GET /api/oneapp/admin/zone/get-zones HTTP/1.1" 404 - "http://localhost:3000/" "Mozilla/5.0 (Windows NT 10.0; Win64; x64) AppleWebKit/537.36 (KHTML, like Gecko) Chrome/134.0.0.0 Safari/537.36"
::ffff:192.168.0.139 - - [21/Mar/2025:07:02:27 +0000] "GET /api/oneapp/admin/zone/get-zones HTTP/1.1" 404 - "http://localhost:3000/" "Mozilla/5.0 (Windows NT 10.0; Win64; x64) AppleWebKit/537.36 (KHTML, like Gecko) Chrome/134.0.0.0 Safari/537.36"
::ffff:192.168.0.139 - - [21/Mar/2025:07:02:34 +0000] "GET /api/oneapp/admin/zone/get-zones HTTP/1.1" 404 - "http://localhost:3000/" "Mozilla/5.0 (Windows NT 10.0; Win64; x64) AppleWebKit/537.36 (KHTML, like Gecko) Chrome/134.0.0.0 Safari/537.36"
::ffff:192.168.0.139 - - [21/Mar/2025:07:02:34 +0000] "GET /api/oneapp/admin/zone/get-area HTTP/1.1" 200 - "http://localhost:3000/" "Mozilla/5.0 (Windows NT 10.0; Win64; x64) AppleWebKit/537.36 (KHTML, like Gecko) Chrome/134.0.0.0 Safari/537.36"
::ffff:192.168.0.139 - - [21/Mar/2025:07:02:35 +0000] "GET /api/oneapp/admin/zone/get-zones HTTP/1.1" 404 - "http://localhost:3000/" "Mozilla/5.0 (Windows NT 10.0; Win64; x64) AppleWebKit/537.36 (KHTML, like Gecko) Chrome/134.0.0.0 Safari/537.36"
::ffff:192.168.0.139 - - [21/Mar/2025:07:02:37 +0000] "GET /api/oneapp/admin/zone/get-zones HTTP/1.1" 404 - "http://localhost:3000/" "Mozilla/5.0 (Windows NT 10.0; Win64; x64) AppleWebKit/537.36 (KHTML, like Gecko) Chrome/134.0.0.0 Safari/537.36"
::ffff:192.168.0.139 - - [21/Mar/2025:07:02:41 +0000] "GET /api/oneapp/admin/zone/get-zones HTTP/1.1" 404 - "http://localhost:3000/" "Mozilla/5.0 (Windows NT 10.0; Win64; x64) AppleWebKit/537.36 (KHTML, like Gecko) Chrome/134.0.0.0 Safari/537.36"
::ffff:192.168.0.139 - - [21/Mar/2025:07:02:59 +0000] "GET /api/oneapp/admin/zone/get-zones HTTP/1.1" 404 - "http://localhost:3000/" "Mozilla/5.0 (Windows NT 10.0; Win64; x64) AppleWebKit/537.36 (KHTML, like Gecko) Chrome/134.0.0.0 Safari/537.36"
::ffff:192.168.0.139 - - [21/Mar/2025:07:03:00 +0000] "GET /api/oneapp/admin/zone/get-zone HTTP/1.1" 200 - "http://localhost:3000/" "Mozilla/5.0 (Windows NT 10.0; Win64; x64) AppleWebKit/537.36 (KHTML, like Gecko) Chrome/134.0.0.0 Safari/537.36"
::ffff:192.168.0.117 - - [21/Mar/2025:07:08:35 +0000] "POST /api/oneapp/admin/zone/create-area HTTP/1.1" 201 - "-" "PostmanRuntime/7.43.2"
::ffff:192.168.0.117 - - [21/Mar/2025:07:08:47 +0000] "POST /api/oneapp/admin/zone/create-area HTTP/1.1" 201 - "-" "PostmanRuntime/7.43.2"
::ffff:192.168.0.139 - - [21/Mar/2025:07:09:17 +0000] "GET /api/oneapp/admin/zone/get-area HTTP/1.1" 200 - "http://localhost:3000/" "Mozilla/5.0 (Windows NT 10.0; Win64; x64) AppleWebKit/537.36 (KHTML, like Gecko) Chrome/134.0.0.0 Safari/537.36"
::ffff:192.168.0.139 - - [21/Mar/2025:07:09:17 +0000] "GET /api/oneapp/admin/zone/get-zone HTTP/1.1" 200 - "http://localhost:3000/" "Mozilla/5.0 (Windows NT 10.0; Win64; x64) AppleWebKit/537.36 (KHTML, like Gecko) Chrome/134.0.0.0 Safari/537.36"
::ffff:192.168.0.117 - - [21/Mar/2025:07:09:31 +0000] "POST /api/oneapp/admin/zone/create-area HTTP/1.1" 201 - "-" "PostmanRuntime/7.43.2"
::ffff:192.168.0.139 - - [21/Mar/2025:07:09:50 +0000] "GET /api/oneapp/admin/zone/get-area HTTP/1.1" 200 - "http://localhost:3000/" "Mozilla/5.0 (Windows NT 10.0; Win64; x64) AppleWebKit/537.36 (KHTML, like Gecko) Chrome/134.0.0.0 Safari/537.36"
::ffff:192.168.0.139 - - [21/Mar/2025:07:09:50 +0000] "GET /api/oneapp/admin/zone/get-zone HTTP/1.1" 200 - "http://localhost:3000/" "Mozilla/5.0 (Windows NT 10.0; Win64; x64) AppleWebKit/537.36 (KHTML, like Gecko) Chrome/134.0.0.0 Safari/537.36"
::ffff:192.168.0.139 - - [21/Mar/2025:07:09:59 +0000] "GET /api/oneapp/admin/zone/get-area HTTP/1.1" 200 - "http://localhost:3000/" "Mozilla/5.0 (Windows NT 10.0; Win64; x64) AppleWebKit/537.36 (KHTML, like Gecko) Chrome/134.0.0.0 Safari/537.36"
::ffff:192.168.0.139 - - [21/Mar/2025:07:09:59 +0000] "GET /api/oneapp/admin/zone/get-zone HTTP/1.1" 200 - "http://localhost:3000/" "Mozilla/5.0 (Windows NT 10.0; Win64; x64) AppleWebKit/537.36 (KHTML, like Gecko) Chrome/134.0.0.0 Safari/537.36"
::ffff:192.168.0.117 - - [21/Mar/2025:07:10:44 +0000] "POST /api/oneapp/admin/zone/create-area HTTP/1.1" 201 - "-" "PostmanRuntime/7.43.2"
::ffff:192.168.0.117 - - [21/Mar/2025:07:11:00 +0000] "POST /api/oneapp/admin/zone/create-area HTTP/1.1" 201 - "-" "PostmanRuntime/7.43.2"
::ffff:192.168.0.117 - - [21/Mar/2025:07:11:21 +0000] "POST /api/oneapp/admin/zone/create-area HTTP/1.1" 200 - "-" "PostmanRuntime/7.43.2"
::ffff:192.168.0.139 - - [21/Mar/2025:07:13:15 +0000] "GET /api/oneapp/admin/zone/get-area HTTP/1.1" 200 - "http://localhost:3000/" "Mozilla/5.0 (Windows NT 10.0; Win64; x64) AppleWebKit/537.36 (KHTML, like Gecko) Chrome/134.0.0.0 Safari/537.36"
::ffff:192.168.0.139 - - [21/Mar/2025:07:13:15 +0000] "GET /api/oneapp/admin/zone/get-zone HTTP/1.1" 200 - "http://localhost:3000/" "Mozilla/5.0 (Windows NT 10.0; Win64; x64) AppleWebKit/537.36 (KHTML, like Gecko) Chrome/134.0.0.0 Safari/537.36"
::ffff:192.168.0.139 - - [21/Mar/2025:07:15:51 +0000] "GET /api/oneapp/admin/zone/get-area HTTP/1.1" 200 - "http://localhost:3000/" "Mozilla/5.0 (Windows NT 10.0; Win64; x64) AppleWebKit/537.36 (KHTML, like Gecko) Chrome/134.0.0.0 Safari/537.36"
::ffff:192.168.0.139 - - [21/Mar/2025:07:15:51 +0000] "GET /api/oneapp/admin/zone/get-zone HTTP/1.1" 200 - "http://localhost:3000/" "Mozilla/5.0 (Windows NT 10.0; Win64; x64) AppleWebKit/537.36 (KHTML, like Gecko) Chrome/134.0.0.0 Safari/537.36"
::ffff:192.168.0.139 - - [21/Mar/2025:07:17:16 +0000] "GET /api/oneapp/admin/zone/get-area HTTP/1.1" 200 - "http://localhost:3000/" "Mozilla/5.0 (Windows NT 10.0; Win64; x64) AppleWebKit/537.36 (KHTML, like Gecko) Chrome/134.0.0.0 Safari/537.36"
::ffff:192.168.0.139 - - [21/Mar/2025:07:17:16 +0000] "GET /api/oneapp/admin/zone/get-zone HTTP/1.1" 200 - "http://localhost:3000/" "Mozilla/5.0 (Windows NT 10.0; Win64; x64) AppleWebKit/537.36 (KHTML, like Gecko) Chrome/134.0.0.0 Safari/537.36"
::ffff:192.168.0.139 - - [21/Mar/2025:07:21:53 +0000] "GET /api/oneapp/admin/zone/get-area HTTP/1.1" 200 - "http://localhost:3000/" "Mozilla/5.0 (Windows NT 10.0; Win64; x64) AppleWebKit/537.36 (KHTML, like Gecko) Chrome/134.0.0.0 Safari/537.36"
::ffff:192.168.0.139 - - [21/Mar/2025:07:21:53 +0000] "GET /api/oneapp/admin/zone/get-zone HTTP/1.1" 200 - "http://localhost:3000/" "Mozilla/5.0 (Windows NT 10.0; Win64; x64) AppleWebKit/537.36 (KHTML, like Gecko) Chrome/134.0.0.0 Safari/537.36"
::ffff:192.168.0.139 - - [21/Mar/2025:07:22:27 +0000] "GET /api/oneapp/admin/zone/get-area HTTP/1.1" 200 - "http://localhost:3000/" "Mozilla/5.0 (Windows NT 10.0; Win64; x64) AppleWebKit/537.36 (KHTML, like Gecko) Chrome/134.0.0.0 Safari/537.36"
::ffff:192.168.0.139 - - [21/Mar/2025:07:22:27 +0000] "GET /api/oneapp/admin/zone/get-zone HTTP/1.1" 200 - "http://localhost:3000/" "Mozilla/5.0 (Windows NT 10.0; Win64; x64) AppleWebKit/537.36 (KHTML, like Gecko) Chrome/134.0.0.0 Safari/537.36"
::ffff:192.168.0.139 - - [21/Mar/2025:07:25:40 +0000] "GET /api/oneapp/admin/zone/get-area HTTP/1.1" 200 - "http://localhost:3000/" "Mozilla/5.0 (Windows NT 10.0; Win64; x64) AppleWebKit/537.36 (KHTML, like Gecko) Chrome/134.0.0.0 Safari/537.36"
::ffff:192.168.0.139 - - [21/Mar/2025:07:25:40 +0000] "GET /api/oneapp/admin/zone/get-zone HTTP/1.1" 200 - "http://localhost:3000/" "Mozilla/5.0 (Windows NT 10.0; Win64; x64) AppleWebKit/537.36 (KHTML, like Gecko) Chrome/134.0.0.0 Safari/537.36"
::ffff:192.168.0.152 - - [21/Mar/2025:07:27:30 +0000] "GET /api/oneapp/admin/zone/find-sellers HTTP/1.1" 404 - "-" "okhttp/4.12.0"
::ffff:192.168.0.130 - - [21/Mar/2025:07:29:40 +0000] "POST /api/oneapp/admin/zone/find-sellers HTTP/1.1" 404 - "-" "PostmanRuntime/7.43.2"
::ffff:192.168.0.139 - - [21/Mar/2025:07:30:45 +0000] "OPTIONS /api/oneapp/admin/zone/create-area HTTP/1.1" 204 0 "http://localhost:3000/" "Mozilla/5.0 (Windows NT 10.0; Win64; x64) AppleWebKit/537.36 (KHTML, like Gecko) Chrome/134.0.0.0 Safari/537.36"
::ffff:192.168.0.139 - - [21/Mar/2025:07:30:45 +0000] "POST /api/oneapp/admin/zone/create-area HTTP/1.1" 201 - "http://localhost:3000/" "Mozilla/5.0 (Windows NT 10.0; Win64; x64) AppleWebKit/537.36 (KHTML, like Gecko) Chrome/134.0.0.0 Safari/537.36"
::ffff:192.168.0.139 - - [21/Mar/2025:07:30:45 +0000] "GET /api/oneapp/admin/zone/get-area HTTP/1.1" 200 - "http://localhost:3000/" "Mozilla/5.0 (Windows NT 10.0; Win64; x64) AppleWebKit/537.36 (KHTML, like Gecko) Chrome/134.0.0.0 Safari/537.36"
::ffff:192.168.0.130 - - [21/Mar/2025:07:31:09 +0000] "POST /api/oneapp/admin/zone/find-sellers HTTP/1.1" 404 - "-" "PostmanRuntime/7.43.2"
::ffff:192.168.0.139 - - [21/Mar/2025:07:32:31 +0000] "OPTIONS /api/oneapp/admin/zone/create-area HTTP/1.1" 204 0 "http://localhost:3000/" "Mozilla/5.0 (Windows NT 10.0; Win64; x64) AppleWebKit/537.36 (KHTML, like Gecko) Chrome/134.0.0.0 Safari/537.36"
::ffff:192.168.0.139 - - [21/Mar/2025:07:32:31 +0000] "POST /api/oneapp/admin/zone/create-area HTTP/1.1" 201 - "http://localhost:3000/" "Mozilla/5.0 (Windows NT 10.0; Win64; x64) AppleWebKit/537.36 (KHTML, like Gecko) Chrome/134.0.0.0 Safari/537.36"
::ffff:192.168.0.139 - - [21/Mar/2025:07:32:31 +0000] "GET /api/oneapp/admin/zone/get-area HTTP/1.1" 200 - "http://localhost:3000/" "Mozilla/5.0 (Windows NT 10.0; Win64; x64) AppleWebKit/537.36 (KHTML, like Gecko) Chrome/134.0.0.0 Safari/537.36"
::ffff:192.168.0.130 - - [21/Mar/2025:07:32:40 +0000] "POST /api/oneapp/admin/zone/find-sellers HTTP/1.1" 404 - "-" "PostmanRuntime/7.43.2"
::ffff:192.168.0.117 - - [21/Mar/2025:07:32:49 +0000] "POST /api/oneapp/admin/zone/find-sellers HTTP/1.1" 404 - "-" "PostmanRuntime/7.43.2"
::ffff:192.168.0.117 - - [21/Mar/2025:07:33:00 +0000] "POST /api/oneapp/admin/zone/find-sellers HTTP/1.1" 404 - "-" "PostmanRuntime/7.43.2"
::ffff:192.168.0.139 - - [21/Mar/2025:07:33:46 +0000] "GET /api/oneapp/admin/zone/get-area HTTP/1.1" 200 - "http://localhost:3000/" "Mozilla/5.0 (Windows NT 10.0; Win64; x64) AppleWebKit/537.36 (KHTML, like Gecko) Chrome/134.0.0.0 Safari/537.36"
::ffff:192.168.0.139 - - [21/Mar/2025:07:33:46 +0000] "GET /api/oneapp/admin/zone/get-zone HTTP/1.1" 200 - "http://localhost:3000/" "Mozilla/5.0 (Windows NT 10.0; Win64; x64) AppleWebKit/537.36 (KHTML, like Gecko) Chrome/134.0.0.0 Safari/537.36"
::ffff:192.168.0.139 - - [21/Mar/2025:07:34:01 +0000] "GET /api/oneapp/admin/zone/get-area HTTP/1.1" 200 - "http://localhost:3000/" "Mozilla/5.0 (Windows NT 10.0; Win64; x64) AppleWebKit/537.36 (KHTML, like Gecko) Chrome/134.0.0.0 Safari/537.36"
::ffff:192.168.0.139 - - [21/Mar/2025:07:34:01 +0000] "GET /api/oneapp/admin/zone/get-zone HTTP/1.1" 200 - "http://localhost:3000/" "Mozilla/5.0 (Windows NT 10.0; Win64; x64) AppleWebKit/537.36 (KHTML, like Gecko) Chrome/134.0.0.0 Safari/537.36"
::ffff:192.168.0.139 - - [21/Mar/2025:07:34:53 +0000] "OPTIONS /api/oneapp/admin/zone/create-area HTTP/1.1" 204 0 "http://localhost:3000/" "Mozilla/5.0 (Windows NT 10.0; Win64; x64) AppleWebKit/537.36 (KHTML, like Gecko) Chrome/134.0.0.0 Safari/537.36"
::ffff:192.168.0.139 - - [21/Mar/2025:07:34:53 +0000] "POST /api/oneapp/admin/zone/create-area HTTP/1.1" 201 - "http://localhost:3000/" "Mozilla/5.0 (Windows NT 10.0; Win64; x64) AppleWebKit/537.36 (KHTML, like Gecko) Chrome/134.0.0.0 Safari/537.36"
::ffff:192.168.0.139 - - [21/Mar/2025:07:34:53 +0000] "GET /api/oneapp/admin/zone/get-area HTTP/1.1" 200 - "http://localhost:3000/" "Mozilla/5.0 (Windows NT 10.0; Win64; x64) AppleWebKit/537.36 (KHTML, like Gecko) Chrome/134.0.0.0 Safari/537.36"
::ffff:192.168.0.139 - - [21/Mar/2025:07:35:07 +0000] "GET /api/oneapp/admin/zone/get-area HTTP/1.1" 200 - "http://localhost:3000/" "Mozilla/5.0 (Windows NT 10.0; Win64; x64) AppleWebKit/537.36 (KHTML, like Gecko) Chrome/134.0.0.0 Safari/537.36"
::ffff:192.168.0.139 - - [21/Mar/2025:07:35:07 +0000] "GET /api/oneapp/admin/zone/get-zone HTTP/1.1" 200 - "http://localhost:3000/" "Mozilla/5.0 (Windows NT 10.0; Win64; x64) AppleWebKit/537.36 (KHTML, like Gecko) Chrome/134.0.0.0 Safari/537.36"
::ffff:192.168.0.139 - - [21/Mar/2025:07:35:22 +0000] "GET /api/oneapp/admin/zone/get-area HTTP/1.1" 200 - "http://localhost:3000/" "Mozilla/5.0 (Windows NT 10.0; Win64; x64) AppleWebKit/537.36 (KHTML, like Gecko) Chrome/134.0.0.0 Safari/537.36"
::ffff:192.168.0.139 - - [21/Mar/2025:07:35:22 +0000] "GET /api/oneapp/admin/zone/get-zone HTTP/1.1" 200 - "http://localhost:3000/" "Mozilla/5.0 (Windows NT 10.0; Win64; x64) AppleWebKit/537.36 (KHTML, like Gecko) Chrome/134.0.0.0 Safari/537.36"
::ffff:192.168.0.139 - - [21/Mar/2025:07:35:50 +0000] "GET /api/oneapp/admin/zone/get-area HTTP/1.1" 200 - "http://localhost:3000/" "Mozilla/5.0 (Windows NT 10.0; Win64; x64) AppleWebKit/537.36 (KHTML, like Gecko) Chrome/134.0.0.0 Safari/537.36"
::ffff:192.168.0.139 - - [21/Mar/2025:07:35:50 +0000] "GET /api/oneapp/admin/zone/get-zone HTTP/1.1" 200 - "http://localhost:3000/" "Mozilla/5.0 (Windows NT 10.0; Win64; x64) AppleWebKit/537.36 (KHTML, like Gecko) Chrome/134.0.0.0 Safari/537.36"
::ffff:192.168.0.117 - - [21/Mar/2025:07:36:31 +0000] "POST /api/oneapp/admin/zone/find-sellers HTTP/1.1" 404 - "-" "PostmanRuntime/7.43.2"
::ffff:192.168.0.117 - - [21/Mar/2025:07:37:30 +0000] "POST /api/oneapp/admin/zone/find-sellers HTTP/1.1" 200 - "-" "PostmanRuntime/7.43.2"
::ffff:192.168.0.139 - - [21/Mar/2025:07:37:34 +0000] "GET /api/oneapp/admin/zone/get-area HTTP/1.1" 200 - "http://localhost:3000/" "Mozilla/5.0 (Windows NT 10.0; Win64; x64) AppleWebKit/537.36 (KHTML, like Gecko) Chrome/134.0.0.0 Safari/537.36"
::ffff:192.168.0.139 - - [21/Mar/2025:07:37:34 +0000] "GET /api/oneapp/admin/zone/get-zone HTTP/1.1" 200 - "http://localhost:3000/" "Mozilla/5.0 (Windows NT 10.0; Win64; x64) AppleWebKit/537.36 (KHTML, like Gecko) Chrome/134.0.0.0 Safari/537.36"
::ffff:192.168.0.130 - - [21/Mar/2025:07:37:50 +0000] "POST /api/oneapp/admin/zone/find-sellers HTTP/1.1" 200 - "-" "PostmanRuntime/7.43.2"
::ffff:192.168.0.139 - - [21/Mar/2025:07:37:59 +0000] "GET /api/oneapp/admin/zone/get-area HTTP/1.1" 200 - "http://localhost:3000/" "Mozilla/5.0 (Windows NT 10.0; Win64; x64) AppleWebKit/537.36 (KHTML, like Gecko) Chrome/134.0.0.0 Safari/537.36"
::ffff:192.168.0.139 - - [21/Mar/2025:07:37:59 +0000] "GET /api/oneapp/admin/zone/get-zone HTTP/1.1" 200 - "http://localhost:3000/" "Mozilla/5.0 (Windows NT 10.0; Win64; x64) AppleWebKit/537.36 (KHTML, like Gecko) Chrome/134.0.0.0 Safari/537.36"
::ffff:192.168.0.152 - - [21/Mar/2025:07:38:21 +0000] "GET /api/oneapp/admin/zone/find-sellers HTTP/1.1" 404 - "-" "okhttp/4.12.0"
::ffff:192.168.0.152 - - [21/Mar/2025:07:39:44 +0000] "GET /api/oneapp/admin/zone/find-sellers HTTP/1.1" 404 - "-" "okhttp/4.12.0"
::ffff:192.168.0.152 - - [21/Mar/2025:07:39:46 +0000] "GET /api/oneapp/admin/zone/find-sellers HTTP/1.1" 404 - "-" "okhttp/4.12.0"
::ffff:192.168.0.139 - - [21/Mar/2025:07:40:11 +0000] "OPTIONS /api/oneapp/admin/zone/create-area HTTP/1.1" 204 0 "http://localhost:3000/" "Mozilla/5.0 (Windows NT 10.0; Win64; x64) AppleWebKit/537.36 (KHTML, like Gecko) Chrome/134.0.0.0 Safari/537.36"
::ffff:192.168.0.139 - - [21/Mar/2025:07:40:11 +0000] "POST /api/oneapp/admin/zone/create-area HTTP/1.1" 201 - "http://localhost:3000/" "Mozilla/5.0 (Windows NT 10.0; Win64; x64) AppleWebKit/537.36 (KHTML, like Gecko) Chrome/134.0.0.0 Safari/537.36"
::ffff:192.168.0.139 - - [21/Mar/2025:07:40:11 +0000] "GET /api/oneapp/admin/zone/get-area HTTP/1.1" 200 - "http://localhost:3000/" "Mozilla/5.0 (Windows NT 10.0; Win64; x64) AppleWebKit/537.36 (KHTML, like Gecko) Chrome/134.0.0.0 Safari/537.36"
::ffff:192.168.0.152 - - [21/Mar/2025:07:40:14 +0000] "GET /api/oneapp/admin/zone/find-sellers HTTP/1.1" 404 - "-" "okhttp/4.12.0"
::ffff:192.168.0.152 - - [21/Mar/2025:07:40:14 +0000] "GET /api/oneapp/admin/zone/find-sellers HTTP/1.1" 404 - "-" "okhttp/4.12.0"
::ffff:192.168.0.152 - - [21/Mar/2025:07:40:14 +0000] "GET /api/oneapp/admin/zone/find-sellers HTTP/1.1" 404 - "-" "okhttp/4.12.0"
::ffff:192.168.0.152 - - [21/Mar/2025:07:40:14 +0000] "GET /api/oneapp/admin/zone/find-sellers HTTP/1.1" 404 - "-" "okhttp/4.12.0"
::ffff:192.168.0.152 - - [21/Mar/2025:07:40:14 +0000] "GET /api/oneapp/admin/zone/find-sellers HTTP/1.1" 404 - "-" "okhttp/4.12.0"
::ffff:192.168.0.152 - - [21/Mar/2025:07:44:27 +0000] "POST /api/oneapp/admin/zone/find-sellers HTTP/1.1" 400 - "-" "okhttp/4.12.0"
::ffff:192.168.0.152 - - [21/Mar/2025:07:45:24 +0000] "POST /api/oneapp/admin/zone/find-sellers HTTP/1.1" 400 - "-" "okhttp/4.12.0"
::ffff:192.168.0.152 - - [21/Mar/2025:07:45:26 +0000] "POST /api/oneapp/admin/zone/find-sellers HTTP/1.1" 400 - "-" "okhttp/4.12.0"
::ffff:192.168.0.152 - - [21/Mar/2025:07:45:54 +0000] "POST /api/oneapp/admin/zone/find-sellers HTTP/1.1" 400 - "-" "okhttp/4.12.0"
::ffff:192.168.0.152 - - [21/Mar/2025:07:45:54 +0000] "POST /api/oneapp/admin/zone/find-sellers HTTP/1.1" 400 - "-" "okhttp/4.12.0"
::ffff:192.168.0.152 - - [21/Mar/2025:07:46:24 +0000] "POST /api/oneapp/admin/zone/find-sellers HTTP/1.1" 400 - "-" "okhttp/4.12.0"
::ffff:192.168.0.152 - - [21/Mar/2025:07:46:24 +0000] "POST /api/oneapp/admin/zone/find-sellers HTTP/1.1" 400 - "-" "okhttp/4.12.0"
::ffff:192.168.0.152 - - [21/Mar/2025:07:46:54 +0000] "POST /api/oneapp/admin/zone/find-sellers HTTP/1.1" 400 - "-" "okhttp/4.12.0"
::ffff:192.168.0.152 - - [21/Mar/2025:07:47:24 +0000] "POST /api/oneapp/admin/zone/find-sellers HTTP/1.1" 400 - "-" "okhttp/4.12.0"
::ffff:192.168.0.130 - - [21/Mar/2025:07:47:42 +0000] "POST /api/oneapp/admin/zone/find-sellers HTTP/1.1" 200 - "-" "PostmanRuntime/7.43.2"
::ffff:192.168.0.152 - - [21/Mar/2025:07:48:34 +0000] "POST /api/oneapp/admin/zone/find-sellers HTTP/1.1" 400 - "-" "okhttp/4.12.0"
::ffff:192.168.0.152 - - [21/Mar/2025:07:48:37 +0000] "POST /api/oneapp/admin/zone/find-sellers HTTP/1.1" 400 - "-" "okhttp/4.12.0"
::ffff:192.168.0.152 - - [21/Mar/2025:07:49:04 +0000] "POST /api/oneapp/admin/zone/find-sellers HTTP/1.1" 400 - "-" "okhttp/4.12.0"
::ffff:192.168.0.152 - - [21/Mar/2025:07:49:04 +0000] "POST /api/oneapp/admin/zone/find-sellers HTTP/1.1" 400 - "-" "okhttp/4.12.0"
::ffff:192.168.0.152 - - [21/Mar/2025:07:52:04 +0000] "POST /api/oneapp/admin/zone/find-sellers HTTP/1.1" 400 - "-" "okhttp/4.12.0"
::ffff:192.168.0.152 - - [21/Mar/2025:07:52:35 +0000] "POST /api/oneapp/admin/zone/find-sellers HTTP/1.1" 200 - "-" "okhttp/4.12.0"
::ffff:192.168.0.152 - - [21/Mar/2025:07:53:24 +0000] "POST /api/oneapp/admin/zone/find-sellers HTTP/1.1" 400 - "-" "okhttp/4.12.0"
::ffff:192.168.0.139 - - [21/Mar/2025:07:58:21 +0000] "GET /api/oneapp/admin/zone/get-area HTTP/1.1" 200 - "http://localhost:3000/" "Mozilla/5.0 (Windows NT 10.0; Win64; x64) AppleWebKit/537.36 (KHTML, like Gecko) Chrome/134.0.0.0 Safari/537.36"
::ffff:192.168.0.139 - - [21/Mar/2025:07:58:21 +0000] "GET /api/oneapp/admin/zone/get-zone HTTP/1.1" 200 - "http://localhost:3000/" "Mozilla/5.0 (Windows NT 10.0; Win64; x64) AppleWebKit/537.36 (KHTML, like Gecko) Chrome/134.0.0.0 Safari/537.36"
::ffff:192.168.0.139 - - [21/Mar/2025:08:48:42 +0000] "GET /api/oneapp/admin/zone/get-area HTTP/1.1" 200 - "http://localhost:3000/" "Mozilla/5.0 (Windows NT 10.0; Win64; x64) AppleWebKit/537.36 (KHTML, like Gecko) Chrome/134.0.0.0 Safari/537.36"
::ffff:192.168.0.139 - - [21/Mar/2025:08:48:42 +0000] "GET /api/oneapp/admin/zone/get-zone HTTP/1.1" 200 - "http://localhost:3000/" "Mozilla/5.0 (Windows NT 10.0; Win64; x64) AppleWebKit/537.36 (KHTML, like Gecko) Chrome/134.0.0.0 Safari/537.36"
::ffff:192.168.0.139 - - [21/Mar/2025:08:48:47 +0000] "GET /api/oneapp/admin/zone/get-area HTTP/1.1" 200 - "http://localhost:3000/" "Mozilla/5.0 (Windows NT 10.0; Win64; x64) AppleWebKit/537.36 (KHTML, like Gecko) Chrome/134.0.0.0 Safari/537.36"
::ffff:192.168.0.139 - - [21/Mar/2025:08:48:47 +0000] "GET /api/oneapp/admin/zone/get-zone HTTP/1.1" 200 - "http://localhost:3000/" "Mozilla/5.0 (Windows NT 10.0; Win64; x64) AppleWebKit/537.36 (KHTML, like Gecko) Chrome/134.0.0.0 Safari/537.36"
::ffff:192.168.0.139 - - [21/Mar/2025:08:49:48 +0000] "GET /api/oneapp/admin/zone/get-area HTTP/1.1" 200 - "http://localhost:3000/" "Mozilla/5.0 (Windows NT 10.0; Win64; x64) AppleWebKit/537.36 (KHTML, like Gecko) Chrome/134.0.0.0 Safari/537.36"
::ffff:192.168.0.139 - - [21/Mar/2025:08:49:48 +0000] "GET /api/oneapp/admin/zone/get-zone HTTP/1.1" 200 - "http://localhost:3000/" "Mozilla/5.0 (Windows NT 10.0; Win64; x64) AppleWebKit/537.36 (KHTML, like Gecko) Chrome/134.0.0.0 Safari/537.36"
::ffff:192.168.0.130 - - [21/Mar/2025:08:53:25 +0000] "POST /api/oneapp/admin/zone/find-delivery-partner HTTP/1.1" 404 - "-" "PostmanRuntime/7.43.2"
::ffff:192.168.0.130 - - [21/Mar/2025:09:00:06 +0000] "POST /api/oneapp/admin/zone/find-delivery-partner HTTP/1.1" 404 - "-" "PostmanRuntime/7.43.2"
::ffff:192.168.0.139 - - [21/Mar/2025:09:04:40 +0000] "GET /api/oneapp/admin/zone/get-area HTTP/1.1" 200 - "http://localhost:3000/" "Mozilla/5.0 (Windows NT 10.0; Win64; x64) AppleWebKit/537.36 (KHTML, like Gecko) Chrome/134.0.0.0 Safari/537.36"
::ffff:192.168.0.139 - - [21/Mar/2025:09:04:40 +0000] "GET /api/oneapp/admin/zone/get-zone HTTP/1.1" 200 - "http://localhost:3000/" "Mozilla/5.0 (Windows NT 10.0; Win64; x64) AppleWebKit/537.36 (KHTML, like Gecko) Chrome/134.0.0.0 Safari/537.36"
::ffff:192.168.0.117 - - [21/Mar/2025:09:07:10 +0000] "GET /api/oneapp/admin/zone/get-area HTTP/1.1" 200 - "-" "PostmanRuntime/7.43.2"
::ffff:192.168.0.139 - - [21/Mar/2025:09:08:25 +0000] "GET /api/oneapp/admin/zone/get-zone HTTP/1.1" 200 - "http://localhost:3000/" "Mozilla/5.0 (Windows NT 10.0; Win64; x64) AppleWebKit/537.36 (KHTML, like Gecko) Chrome/134.0.0.0 Safari/537.36"
::ffff:192.168.0.139 - - [21/Mar/2025:09:08:25 +0000] "GET /api/oneapp/admin/zone/get-area HTTP/1.1" 200 - "http://localhost:3000/" "Mozilla/5.0 (Windows NT 10.0; Win64; x64) AppleWebKit/537.36 (KHTML, like Gecko) Chrome/134.0.0.0 Safari/537.36"
::ffff:192.168.0.130 - - [21/Mar/2025:09:09:08 +0000] "POST /api/oneapp/admin/zone/find-delivery-partner HTTP/1.1" 404 - "-" "PostmanRuntime/7.43.2"
::ffff:192.168.0.117 - - [21/Mar/2025:09:09:56 +0000] "GET /api/oneapp/admin/zone/get-zone HTTP/1.1" 200 - "-" "PostmanRuntime/7.43.2"
::ffff:192.168.0.152 - - [21/Mar/2025:09:11:42 +0000] "POST /api/oneapp/admin/zone/find-sellers HTTP/1.1" 400 - "-" "okhttp/4.12.0"
::ffff:192.168.0.130 - - [21/Mar/2025:09:12:18 +0000] "POST /api/oneapp/admin/zone/find-delivery-partner HTTP/1.1" 404 - "-" "PostmanRuntime/7.43.2"
::ffff:192.168.0.117 - - [21/Mar/2025:09:12:46 +0000] "POST /api/oneapp/admin/zone/find-sellers HTTP/1.1" 200 - "-" "PostmanRuntime/7.43.2"
::ffff:192.168.0.130 - - [21/Mar/2025:09:12:57 +0000] "POST /api/oneapp/admin/zone/find-delivery-partner HTTP/1.1" 404 - "-" "PostmanRuntime/7.43.2"
::ffff:192.168.0.130 - - [21/Mar/2025:09:13:12 +0000] "POST /api/oneapp/admin/zone/find-delivery-partner HTTP/1.1" 404 - "-" "PostmanRuntime/7.43.2"
::ffff:192.168.0.139 - - [21/Mar/2025:09:13:27 +0000] "GET /api/oneapp/admin/zone/get-area HTTP/1.1" 200 - "http://localhost:3000/" "Mozilla/5.0 (Windows NT 10.0; Win64; x64) AppleWebKit/537.36 (KHTML, like Gecko) Chrome/134.0.0.0 Safari/537.36"
::ffff:192.168.0.139 - - [21/Mar/2025:09:13:27 +0000] "GET /api/oneapp/admin/zone/get-zone HTTP/1.1" 200 - "http://localhost:3000/" "Mozilla/5.0 (Windows NT 10.0; Win64; x64) AppleWebKit/537.36 (KHTML, like Gecko) Chrome/134.0.0.0 Safari/537.36"
::ffff:192.168.0.130 - - [21/Mar/2025:09:13:35 +0000] "POST /api/oneapp/admin/zone/find-delivery-partner HTTP/1.1" 404 - "-" "PostmanRuntime/7.43.2"
::ffff:192.168.0.130 - - [21/Mar/2025:09:14:08 +0000] "POST /api/oneapp/admin/zone/find-delivery-partner HTTP/1.1" 404 - "-" "PostmanRuntime/7.43.2"
::ffff:192.168.0.117 - - [21/Mar/2025:09:14:12 +0000] "POST /api/oneapp/admin/zone/find-sellers HTTP/1.1" 200 - "-" "PostmanRuntime/7.43.2"
::ffff:192.168.0.130 - - [21/Mar/2025:09:14:26 +0000] "POST /api/oneapp/admin/zone/find-sellers HTTP/1.1" 200 - "-" "PostmanRuntime/7.43.2"
::ffff:192.168.0.139 - - [21/Mar/2025:09:14:52 +0000] "GET /api/oneapp/admin/zone/get-area HTTP/1.1" 200 - "http://localhost:3000/" "Mozilla/5.0 (Windows NT 10.0; Win64; x64) AppleWebKit/537.36 (KHTML, like Gecko) Chrome/134.0.0.0 Safari/537.36"
::ffff:192.168.0.139 - - [21/Mar/2025:09:14:52 +0000] "GET /api/oneapp/admin/zone/get-zone HTTP/1.1" 200 - "http://localhost:3000/" "Mozilla/5.0 (Windows NT 10.0; Win64; x64) AppleWebKit/537.36 (KHTML, like Gecko) Chrome/134.0.0.0 Safari/537.36"
::ffff:192.168.0.117 - - [21/Mar/2025:09:16:09 +0000] "POST /api/oneapp/admin/zone/find-sellers?lat=13.021659&long=80.207264 HTTP/1.1" 404 - "-" "PostmanRuntime/7.43.2"
::ffff:192.168.0.117 - - [21/Mar/2025:09:16:17 +0000] "GET /api/oneapp/admin/zone/find-sellers?lat=13.021659&long=80.207264 HTTP/1.1" 200 - "-" "PostmanRuntime/7.43.2"
::ffff:192.168.0.139 - - [21/Mar/2025:09:17:44 +0000] "OPTIONS /api/oneapp/admin/zone/create-area HTTP/1.1" 204 0 "http://localhost:3000/" "Mozilla/5.0 (Windows NT 10.0; Win64; x64) AppleWebKit/537.36 (KHTML, like Gecko) Chrome/134.0.0.0 Safari/537.36"
::ffff:192.168.0.139 - - [21/Mar/2025:09:17:44 +0000] "POST /api/oneapp/admin/zone/create-area HTTP/1.1" 201 - "http://localhost:3000/" "Mozilla/5.0 (Windows NT 10.0; Win64; x64) AppleWebKit/537.36 (KHTML, like Gecko) Chrome/134.0.0.0 Safari/537.36"
::ffff:192.168.0.139 - - [21/Mar/2025:09:17:44 +0000] "GET /api/oneapp/admin/zone/get-area HTTP/1.1" 200 - "http://localhost:3000/" "Mozilla/5.0 (Windows NT 10.0; Win64; x64) AppleWebKit/537.36 (KHTML, like Gecko) Chrome/134.0.0.0 Safari/537.36"
::ffff:192.168.0.130 - - [21/Mar/2025:09:18:39 +0000] "GET /api/oneapp/admin/zone/find-sellers?lat=13.021659&long=80.207264 HTTP/1.1" 200 - "-" "PostmanRuntime/7.43.2"
::ffff:192.168.0.117 - - [21/Mar/2025:09:18:52 +0000] "GET /api/oneapp/admin/zone/find-sellers?lat=13.021659&long=80.207264 HTTP/1.1" 400 - "-" "PostmanRuntime/7.43.2"
::ffff:192.168.0.117 - - [21/Mar/2025:09:19:03 +0000] "GET /api/oneapp/admin/zone/find-sellers?lat=13.021659&long=80.207264 HTTP/1.1" 200 - "-" "PostmanRuntime/7.43.2"
::ffff:192.168.0.117 - - [21/Mar/2025:09:19:15 +0000] "POST /api/oneapp/admin/zone/find-sellers HTTP/1.1" 404 - "-" "PostmanRuntime/7.43.2"
::ffff:192.168.0.117 - - [21/Mar/2025:09:19:50 +0000] "GET /api/oneapp/admin/zone/find-sellers?lat=13.021659&long=80.207264 HTTP/1.1" 200 - "-" "PostmanRuntime/7.43.2"
::ffff:192.168.0.117 - - [21/Mar/2025:09:20:14 +0000] "GET /api/oneapp/admin/zone/find-sellers?lat=13.021659&long=80.207264 HTTP/1.1" 400 - "-" "PostmanRuntime/7.43.2"
::ffff:192.168.0.117 - - [21/Mar/2025:09:20:18 +0000] "GET /api/oneapp/admin/zone/find-sellers?lat=13.021659&long=80.207264 HTTP/1.1" 400 - "-" "PostmanRuntime/7.43.2"
::ffff:192.168.0.117 - - [21/Mar/2025:09:20:20 +0000] "GET /api/oneapp/admin/zone/find-sellers?lat=13.021659&long=80.207264 HTTP/1.1" 400 - "-" "PostmanRuntime/7.43.2"
::ffff:192.168.0.130 - - [21/Mar/2025:09:20:24 +0000] "GET /api/oneapp/admin/zone/find-sellers?lat=13.021659&long=80.207264 HTTP/1.1" 400 - "-" "PostmanRuntime/7.43.2"
::ffff:192.168.0.139 - - [21/Mar/2025:09:20:35 +0000] "OPTIONS /api/oneapp/admin/zone/create-zone HTTP/1.1" 204 0 "http://localhost:3000/" "Mozilla/5.0 (Windows NT 10.0; Win64; x64) AppleWebKit/537.36 (KHTML, like Gecko) Chrome/134.0.0.0 Safari/537.36"
::ffff:192.168.0.139 - - [21/Mar/2025:09:20:35 +0000] "POST /api/oneapp/admin/zone/create-zone HTTP/1.1" 201 - "http://localhost:3000/" "Mozilla/5.0 (Windows NT 10.0; Win64; x64) AppleWebKit/537.36 (KHTML, like Gecko) Chrome/134.0.0.0 Safari/537.36"
::ffff:192.168.0.139 - - [21/Mar/2025:09:20:35 +0000] "GET /api/oneapp/admin/zone/get-zone HTTP/1.1" 200 - "http://localhost:3000/" "Mozilla/5.0 (Windows NT 10.0; Win64; x64) AppleWebKit/537.36 (KHTML, like Gecko) Chrome/134.0.0.0 Safari/537.36"
::ffff:192.168.0.117 - - [21/Mar/2025:09:20:46 +0000] "GET /api/oneapp/admin/zone/find-sellers?lat=13.021659&long=80.207264 HTTP/1.1" 400 - "-" "PostmanRuntime/7.43.2"
::ffff:192.168.0.117 - - [21/Mar/2025:09:21:13 +0000] "GET /api/oneapp/admin/zone/find-sellers?lat=13.021659&long=80.207264 HTTP/1.1" 400 - "-" "PostmanRuntime/7.43.2"
::ffff:192.168.0.117 - - [21/Mar/2025:09:21:27 +0000] "GET /api/oneapp/admin/zone/find-sellers?lat=13.021659&long=80.207264 HTTP/1.1" 400 - "-" "PostmanRuntime/7.43.2"
::ffff:192.168.0.117 - - [21/Mar/2025:09:22:33 +0000] "GET /api/oneapp/admin/zone/find-sellers?lat=13.021659&long=80.207264 HTTP/1.1" 200 - "-" "PostmanRuntime/7.43.2"
::ffff:192.168.0.117 - - [21/Mar/2025:09:22:36 +0000] "GET /api/oneapp/admin/zone/find-sellers?lat=13.021659&long=80.207264 HTTP/1.1" 200 - "-" "PostmanRuntime/7.43.2"
::ffff:192.168.0.117 - - [21/Mar/2025:09:22:38 +0000] "GET /api/oneapp/admin/zone/find-sellers?lat=13.021659&long=80.207264 HTTP/1.1" 200 - "-" "PostmanRuntime/7.43.2"
::ffff:192.168.0.117 - - [21/Mar/2025:09:22:39 +0000] "GET /api/oneapp/admin/zone/find-sellers?lat=13.021659&long=80.207264 HTTP/1.1" 200 - "-" "PostmanRuntime/7.43.2"
::ffff:192.168.0.117 - - [21/Mar/2025:09:22:40 +0000] "GET /api/oneapp/admin/zone/find-sellers?lat=13.021659&long=80.207264 HTTP/1.1" 200 - "-" "PostmanRuntime/7.43.2"
::ffff:192.168.0.117 - - [21/Mar/2025:09:22:42 +0000] "GET /api/oneapp/admin/zone/find-sellers?lat=13.021659&long=80.207264 HTTP/1.1" 200 - "-" "PostmanRuntime/7.43.2"
::ffff:192.168.0.117 - - [21/Mar/2025:09:22:43 +0000] "GET /api/oneapp/admin/zone/find-sellers?lat=13.021659&long=80.207264 HTTP/1.1" 200 - "-" "PostmanRuntime/7.43.2"
::ffff:192.168.0.130 - - [21/Mar/2025:09:23:08 +0000] "GET /api/oneapp/admin/zone/find-sellers?lat=13.021659&long=80.207264 HTTP/1.1" 400 - "-" "PostmanRuntime/7.43.2"
::ffff:192.168.0.130 - - [21/Mar/2025:09:23:16 +0000] "GET /api/oneapp/admin/zone/find-sellers?lat=13.021659&long=80.207264 HTTP/1.1" 400 - "-" "PostmanRuntime/7.43.2"
::ffff:192.168.0.117 - - [21/Mar/2025:09:23:28 +0000] "GET /api/oneapp/admin/zone/find-sellers?lat=13.021659&long=80.207264 HTTP/1.1" 200 - "-" "PostmanRuntime/7.43.2"
::ffff:192.168.0.130 - - [21/Mar/2025:09:23:32 +0000] "GET /api/oneapp/admin/zone/find-sellers?lat=13.021659&long=80.207264 HTTP/1.1" 200 - "-" "PostmanRuntime/7.43.2"
::ffff:192.168.0.130 - - [21/Mar/2025:09:23:35 +0000] "GET /api/oneapp/admin/zone/find-sellers?lat=13.021659&long=80.207264 HTTP/1.1" 200 - "-" "PostmanRuntime/7.43.2"
::ffff:192.168.0.117 - - [21/Mar/2025:09:23:45 +0000] "GET /api/oneapp/admin/zone/find-sellers?lat=13.021659&long=80.207264 HTTP/1.1" 200 - "-" "PostmanRuntime/7.43.2"
::ffff:192.168.0.117 - - [21/Mar/2025:09:24:12 +0000] "GET /api/oneapp/admin/zone/find-sellers?lat=13.021659&long=80.207264 HTTP/1.1" - - "-" "PostmanRuntime/7.43.2"
::ffff:192.168.0.117 - - [21/Mar/2025:09:25:30 +0000] "GET /api/oneapp/admin/zone/find-sellers?lat=13.021659&long=80.207264 HTTP/1.1" 404 - "-" "PostmanRuntime/7.43.2"
::ffff:192.168.0.117 - - [21/Mar/2025:09:25:38 +0000] "GET /api/oneapp/admin/zone/find-sellers?lat=13.021659&long=80.207264 HTTP/1.1" 404 - "-" "PostmanRuntime/7.43.2"
::ffff:192.168.0.117 - - [21/Mar/2025:09:26:47 +0000] "GET /api/oneapp/admin/zone/find-sellers?lat=13.021659&long=80.207264 HTTP/1.1" 200 - "-" "PostmanRuntime/7.43.2"
::ffff:192.168.0.117 - - [21/Mar/2025:09:27:17 +0000] "GET /api/oneapp/admin/zone/find-sellers?lat=13.021659&long=80.207264 HTTP/1.1" 404 - "-" "PostmanRuntime/7.43.2"
::ffff:192.168.0.117 - - [21/Mar/2025:09:27:27 +0000] "GET /api/oneapp/admin/zone/find-sellers?lat=13.021659&long=80.207264 HTTP/1.1" 200 - "-" "PostmanRuntime/7.43.2"
::ffff:192.168.0.117 - - [21/Mar/2025:09:28:21 +0000] "GET /api/oneapp/admin/zone/find-sellers?lat=13.021659&long=80.207264 HTTP/1.1" 200 - "-" "PostmanRuntime/7.43.2"
::ffff:192.168.0.117 - - [21/Mar/2025:09:28:23 +0000] "GET /api/oneapp/admin/zone/find-sellers?lat=13.021659&long=80.207264 HTTP/1.1" 200 - "-" "PostmanRuntime/7.43.2"
::ffff:192.168.0.152 - - [21/Mar/2025:09:29:16 +0000] "POST /api/oneapp/admin/zone/find-sellers HTTP/1.1" 404 - "-" "okhttp/4.12.0"
::ffff:192.168.0.152 - - [21/Mar/2025:09:29:45 +0000] "GET /api/oneapp/admin/zone/find-sellers?latitude=13.0216915&longitude=80.2073075 HTTP/1.1" 400 - "-" "okhttp/4.12.0"
::ffff:192.168.0.117 - - [21/Mar/2025:09:30:59 +0000] "GET /api/oneapp/admin/zone/find-sellers?lat=13.021659&long=80.207264 HTTP/1.1" 200 - "-" "PostmanRuntime/7.43.2"
::ffff:192.168.0.117 - - [21/Mar/2025:09:31:34 +0000] "GET /api/oneapp/admin/zone/find-sellers?lat=13.021659&long=80.207264 HTTP/1.1" 404 - "-" "PostmanRuntime/7.43.2"
::ffff:192.168.0.117 - - [21/Mar/2025:09:31:59 +0000] "GET /api/oneapp/admin/zone/find-sellers?lat=13.021659&long=80.207264 HTTP/1.1" 200 - "-" "PostmanRuntime/7.43.2"
::ffff:192.168.0.152 - - [21/Mar/2025:09:32:29 +0000] "GET /api/oneapp/admin/zone/find-sellers?lat=13.021659&long=80.207264 HTTP/1.1" 200 - "-" "okhttp/4.12.0"
::ffff:192.168.0.152 - - [21/Mar/2025:09:32:30 +0000] "GET /api/oneapp/admin/zone/find-sellers?lat=13.021659&long=80.207264 HTTP/1.1" 200 - "-" "okhttp/4.12.0"
::ffff:192.168.0.117 - - [21/Mar/2025:09:36:00 +0000] "GET /api/oneapp/admin/zone/find-sellers?lat=13.021659&long=80.207264 HTTP/1.1" 404 - "-" "PostmanRuntime/7.43.2"
::ffff:192.168.0.117 - - [21/Mar/2025:09:36:17 +0000] "GET /api/oneapp/admin/zone/find-sellers?lat=13.021659&long=80.207264 HTTP/1.1" 200 - "-" "PostmanRuntime/7.43.2"
::ffff:192.168.0.117 - - [21/Mar/2025:09:37:43 +0000] "GET /api/oneapp/admin/zone/find-sellers?lat=13.021659&long=80.207264 HTTP/1.1" 200 - "-" "PostmanRuntime/7.43.2"
::ffff:192.168.0.152 - - [21/Mar/2025:09:44:10 +0000] "GET /api/oneapp/admin/zone/find-sellers?lat=13.021659&long=80.207264 HTTP/1.1" 200 - "-" "okhttp/4.12.0"
::ffff:192.168.0.117 - - [21/Mar/2025:09:44:42 +0000] "PATCH /api/oneapp/admin/zone/get-zone HTTP/1.1" 404 - "-" "PostmanRuntime/7.43.2"
::ffff:192.168.0.117 - - [21/Mar/2025:09:46:55 +0000] "PATCH /api/oneapp/admin/zone/update-all-area HTTP/1.1" 200 - "-" "PostmanRuntime/7.43.2"
::ffff:192.168.0.117 - - [21/Mar/2025:09:49:24 +0000] "PATCH /api/oneapp/admin/zone/update-all-area HTTP/1.1" 200 - "-" "PostmanRuntime/7.43.2"
::ffff:192.168.0.117 - - [21/Mar/2025:09:51:39 +0000] "PATCH /api/oneapp/admin/zone/update-all-area HTTP/1.1" 200 - "-" "PostmanRuntime/7.43.2"
::ffff:192.168.0.152 - - [21/Mar/2025:09:53:27 +0000] "GET /api/oneapp/admin/zone/find-sellers?lat=13.021659&long=80.207264 HTTP/1.1" 200 - "-" "okhttp/4.12.0"
::ffff:192.168.0.117 - - [21/Mar/2025:09:55:23 +0000] "PATCH /api/oneapp/admin/zone/update-all-area HTTP/1.1" 200 - "-" "PostmanRuntime/7.43.2"
::ffff:192.168.0.139 - - [21/Mar/2025:09:56:45 +0000] "GET /api/oneapp/admin/zone/get-area HTTP/1.1" 200 - "http://localhost:3000/" "Mozilla/5.0 (Windows NT 10.0; Win64; x64) AppleWebKit/537.36 (KHTML, like Gecko) Chrome/134.0.0.0 Safari/537.36"
::ffff:192.168.0.139 - - [21/Mar/2025:09:56:45 +0000] "GET /api/oneapp/admin/zone/get-zone HTTP/1.1" 200 - "http://localhost:3000/" "Mozilla/5.0 (Windows NT 10.0; Win64; x64) AppleWebKit/537.36 (KHTML, like Gecko) Chrome/134.0.0.0 Safari/537.36"
::ffff:192.168.0.152 - - [21/Mar/2025:09:58:01 +0000] "GET /api/oneapp/admin/zone/find-sellers?lat=13.021659&long=80.207264 HTTP/1.1" 200 - "-" "okhttp/4.12.0"
::ffff:192.168.0.152 - - [21/Mar/2025:09:58:01 +0000] "GET /api/oneapp/admin/zone/find-sellers?lat=13.021659&long=80.207264 HTTP/1.1" 200 - "-" "okhttp/4.12.0"
::ffff:192.168.0.139 - - [21/Mar/2025:09:58:09 +0000] "GET /api/oneapp/admin/zone/get-area HTTP/1.1" 200 - "http://localhost:3000/" "Mozilla/5.0 (Windows NT 10.0; Win64; x64) AppleWebKit/537.36 (KHTML, like Gecko) Chrome/134.0.0.0 Safari/537.36"
::ffff:192.168.0.139 - - [21/Mar/2025:09:58:09 +0000] "GET /api/oneapp/admin/zone/get-zone HTTP/1.1" 200 - "http://localhost:3000/" "Mozilla/5.0 (Windows NT 10.0; Win64; x64) AppleWebKit/537.36 (KHTML, like Gecko) Chrome/134.0.0.0 Safari/537.36"
::ffff:192.168.0.152 - - [21/Mar/2025:09:59:13 +0000] "GET /api/oneapp/admin/zone/find-sellers?lat=13.021659&long=80.207264 HTTP/1.1" 200 - "-" "okhttp/4.12.0"
::ffff:192.168.0.117 - - [21/Mar/2025:09:59:42 +0000] "PATCH /api/oneapp/admin/zone/update-all-area HTTP/1.1" 200 - "-" "PostmanRuntime/7.43.2"
::ffff:192.168.0.117 - - [21/Mar/2025:10:01:11 +0000] "PATCH /api/oneapp/admin/zone/update-all-area HTTP/1.1" 400 - "-" "PostmanRuntime/7.43.2"
::ffff:192.168.0.152 - - [21/Mar/2025:10:05:22 +0000] "GET /api/oneapp/admin/zone/find-sellers?lat=13.021659&long=80.207264 HTTP/1.1" 200 - "-" "okhttp/4.12.0"
::ffff:192.168.0.152 - - [21/Mar/2025:10:05:22 +0000] "GET /api/oneapp/admin/zone/find-sellers?lat=13.021659&long=80.207264 HTTP/1.1" 200 - "-" "okhttp/4.12.0"
::ffff:192.168.0.152 - - [21/Mar/2025:10:05:22 +0000] "GET /api/oneapp/admin/zone/find-sellers?lat=13.021659&long=80.207264 HTTP/1.1" 200 - "-" "okhttp/4.12.0"
::ffff:192.168.0.139 - - [21/Mar/2025:10:05:27 +0000] "GET /api/oneapp/admin/zone/get-area HTTP/1.1" 200 - "http://localhost:3000/" "Mozilla/5.0 (Windows NT 10.0; Win64; x64) AppleWebKit/537.36 (KHTML, like Gecko) Chrome/134.0.0.0 Safari/537.36"
::ffff:192.168.0.139 - - [21/Mar/2025:10:05:27 +0000] "GET /api/oneapp/admin/zone/get-zone HTTP/1.1" 200 - "http://localhost:3000/" "Mozilla/5.0 (Windows NT 10.0; Win64; x64) AppleWebKit/537.36 (KHTML, like Gecko) Chrome/134.0.0.0 Safari/537.36"
::ffff:192.168.0.152 - - [21/Mar/2025:10:05:50 +0000] "GET /api/oneapp/admin/zone/find-sellers?lat=13.021659&long=80.207264 HTTP/1.1" 200 - "-" "okhttp/4.12.0"
::ffff:192.168.0.152 - - [21/Mar/2025:10:05:50 +0000] "GET /api/oneapp/admin/zone/find-sellers?lat=13.021659&long=80.207264 HTTP/1.1" 200 - "-" "okhttp/4.12.0"
::ffff:192.168.0.152 - - [21/Mar/2025:10:05:50 +0000] "GET /api/oneapp/admin/zone/find-sellers?lat=13.021659&long=80.207264 HTTP/1.1" 200 - "-" "okhttp/4.12.0"
::ffff:192.168.0.139 - - [21/Mar/2025:10:06:28 +0000] "GET /api/oneapp/admin/zone/get-area HTTP/1.1" 200 - "http://localhost:3000/" "Mozilla/5.0 (Windows NT 10.0; Win64; x64) AppleWebKit/537.36 (KHTML, like Gecko) Chrome/134.0.0.0 Safari/537.36"
::ffff:192.168.0.139 - - [21/Mar/2025:10:06:28 +0000] "GET /api/oneapp/admin/zone/get-zone HTTP/1.1" 200 - "http://localhost:3000/" "Mozilla/5.0 (Windows NT 10.0; Win64; x64) AppleWebKit/537.36 (KHTML, like Gecko) Chrome/134.0.0.0 Safari/537.36"
::ffff:192.168.0.152 - - [21/Mar/2025:10:06:46 +0000] "GET /api/oneapp/admin/zone/find-sellers?lat=13.021659&long=80.207264 HTTP/1.1" 200 - "-" "okhttp/4.12.0"
::ffff:192.168.0.152 - - [21/Mar/2025:10:06:46 +0000] "GET /api/oneapp/admin/zone/find-sellers?lat=13.021659&long=80.207264 HTTP/1.1" 200 - "-" "okhttp/4.12.0"
::ffff:192.168.0.139 - - [21/Mar/2025:10:07:08 +0000] "GET /api/oneapp/admin/zone/get-area HTTP/1.1" 200 - "http://localhost:3000/" "Mozilla/5.0 (Windows NT 10.0; Win64; x64) AppleWebKit/537.36 (KHTML, like Gecko) Chrome/134.0.0.0 Safari/537.36"
::ffff:192.168.0.139 - - [21/Mar/2025:10:07:08 +0000] "GET /api/oneapp/admin/zone/get-zone HTTP/1.1" 200 - "http://localhost:3000/" "Mozilla/5.0 (Windows NT 10.0; Win64; x64) AppleWebKit/537.36 (KHTML, like Gecko) Chrome/134.0.0.0 Safari/537.36"
