::ffff:192.168.0.108 - - [24/Mar/2025:12:14:34 +0000] "POST /api/oneapp/admin/zone/verify-otp-user HTTP/1.1" 404 - "-" "Mergit/1 CFNetwork/3826.400.120 Darwin/24.3.0"
::ffff:192.168.0.108 - - [24/Mar/2025:12:16:27 +0000] "POST /api/oneapp/admin/zone/send-otp-user HTTP/1.1" 200 - "-" "PostmanRuntime/7.43.2"
::ffff:192.168.0.108 - - [24/Mar/2025:12:16:40 +0000] "POST /api/oneapp/admin/zone/send-otp-user HTTP/1.1" 200 - "-" "Mergit/1 CFNetwork/3826.400.120 Darwin/24.3.0"
::ffff:192.168.0.108 - - [24/Mar/2025:12:16:45 +0000] "POST /api/oneapp/admin/zone/verify-otp-user HTTP/1.1" 404 - "-" "Mergit/1 CFNetwork/3826.400.120 Darwin/24.3.0"
::ffff:192.168.0.108 - - [24/Mar/2025:12:18:21 +0000] "POST /api/oneapp/admin/zone/verify-otp-user HTTP/1.1" 404 - "-" "Mergit/1 CFNetwork/3826.400.120 Darwin/24.3.0"
::ffff:192.168.0.108 - - [24/Mar/2025:12:19:48 +0000] "POST /api/oneapp/admin/zone/verify-otp-user HTTP/1.1" 404 - "-" "Mergit/1 CFNetwork/3826.400.120 Darwin/24.3.0"
::ffff:192.168.0.108 - - [24/Mar/2025:12:23:07 +0000] "POST /api/oneapp/admin/zone/send-otp-user HTTP/1.1" 200 - "-" "Mergit/1 CFNetwork/3826.400.120 Darwin/24.3.0"
::ffff:192.168.0.108 - - [24/Mar/2025:12:23:12 +0000] "POST /api/oneapp/admin/zone/verify-otp-user HTTP/1.1" 404 - "-" "Mergit/1 CFNetwork/3826.400.120 Darwin/24.3.0"
::ffff:192.168.0.108 - - [24/Mar/2025:12:23:43 +0000] "POST /api/oneapp/admin/zone/verify-otp-user HTTP/1.1" - - "-" "Mergit/1 CFNetwork/3826.400.120 Darwin/24.3.0"
::ffff:192.168.0.108 - - [24/Mar/2025:12:24:06 +0000] "POST /api/oneapp/admin/zone/verify-otp-user HTTP/1.1" - - "-" "Mergit/1 CFNetwork/3826.400.120 Darwin/24.3.0"
::ffff:192.168.0.108 - - [24/Mar/2025:12:24:12 +0000] "POST /api/oneapp/admin/zone/verify-otp-user HTTP/1.1" 404 - "-" "Mergit/1 CFNetwork/3826.400.120 Darwin/24.3.0"
::ffff:192.168.0.108 - - [24/Mar/2025:12:24:27 +0000] "POST /api/oneapp/admin/zone/verify-otp-user HTTP/1.1" 404 - "-" "Mergit/1 CFNetwork/3826.400.120 Darwin/24.3.0"
::ffff:192.168.0.108 - - [24/Mar/2025:12:24:30 +0000] "POST /api/oneapp/admin/zone/verify-otp-user HTTP/1.1" 404 - "-" "Mergit/1 CFNetwork/3826.400.120 Darwin/24.3.0"
::ffff:192.168.0.108 - - [24/Mar/2025:12:24:34 +0000] "POST /api/oneapp/admin/zone/send-otp-user HTTP/1.1" 200 - "-" "Mergit/1 CFNetwork/3826.400.120 Darwin/24.3.0"
::ffff:192.168.0.108 - - [24/Mar/2025:12:24:36 +0000] "POST /api/oneapp/admin/zone/verify-otp-user HTTP/1.1" 400 - "-" "Mergit/1 CFNetwork/3826.400.120 Darwin/24.3.0"
::ffff:192.168.0.108 - - [24/Mar/2025:12:24:40 +0000] "POST /api/oneapp/admin/zone/verify-otp-user HTTP/1.1" 404 - "-" "Mergit/1 CFNetwork/3826.400.120 Darwin/24.3.0"
::ffff:192.168.0.108 - - [24/Mar/2025:12:24:45 +0000] "POST /api/oneapp/admin/zone/verify-otp-user HTTP/1.1" 404 - "-" "Mergit/1 CFNetwork/3826.400.120 Darwin/24.3.0"
::ffff:192.168.0.102 - - [24/Mar/2025:12:25:01 +0000] "POST /api/oneapp/admin/zone/send-otp-user HTTP/1.1" 200 - "-" "PostmanRuntime/7.43.2"
::ffff:192.168.0.102 - - [24/Mar/2025:12:25:07 +0000] "POST /api/oneapp/admin/zone/verify-otp-user HTTP/1.1" 200 - "-" "PostmanRuntime/7.43.2"
::ffff:192.168.0.108 - - [24/Mar/2025:12:25:43 +0000] "POST /api/oneapp/admin/zone/verify-otp-user HTTP/1.1" 404 - "-" "Mergit/1 CFNetwork/3826.400.120 Darwin/24.3.0"
::ffff:192.168.0.108 - - [24/Mar/2025:12:26:07 +0000] "POST /api/oneapp/admin/zone/verify-otp-user HTTP/1.1" 404 - "-" "Mergit/1 CFNetwork/3826.400.120 Darwin/24.3.0"
::ffff:192.168.0.108 - - [24/Mar/2025:12:26:26 +0000] "POST /api/oneapp/admin/zone/send-otp-user HTTP/1.1" 200 - "-" "Mergit/1 CFNetwork/3826.400.120 Darwin/24.3.0"
::ffff:192.168.0.108 - - [24/Mar/2025:12:26:34 +0000] "POST /api/oneapp/admin/zone/verify-otp-user HTTP/1.1" 404 - "-" "Mergit/1 CFNetwork/3826.400.120 Darwin/24.3.0"
::ffff:192.168.0.108 - - [24/Mar/2025:12:28:12 +0000] "POST /api/oneapp/admin/zone/verify-otp-user HTTP/1.1" 404 - "-" "Mergit/1 CFNetwork/3826.400.120 Darwin/24.3.0"
::ffff:192.168.0.108 - - [24/Mar/2025:12:28:17 +0000] "POST /api/oneapp/admin/zone/send-otp-user HTTP/1.1" 200 - "-" "Mergit/1 CFNetwork/3826.400.120 Darwin/24.3.0"
::ffff:192.168.0.108 - - [24/Mar/2025:12:28:21 +0000] "POST /api/oneapp/admin/zone/verify-otp-user HTTP/1.1" 404 - "-" "Mergit/1 CFNetwork/3826.400.120 Darwin/24.3.0"
::ffff:192.168.0.108 - - [24/Mar/2025:12:28:33 +0000] "POST /api/oneapp/admin/zone/verify-otp-user HTTP/1.1" 404 - "-" "Mergit/1 CFNetwork/3826.400.120 Darwin/24.3.0"
::ffff:192.168.0.108 - - [24/Mar/2025:12:34:10 +0000] "POST /api/oneapp/admin/zone/send-otp-user HTTP/1.1" 200 - "-" "Mergit/1 CFNetwork/3826.400.120 Darwin/24.3.0"
::ffff:192.168.0.108 - - [24/Mar/2025:12:34:14 +0000] "POST /api/oneapp/admin/zone/verify-otp-user HTTP/1.1" 404 - "-" "Mergit/1 CFNetwork/3826.400.120 Darwin/24.3.0"
::ffff:192.168.0.108 - - [24/Mar/2025:12:35:11 +0000] "POST /api/oneapp/admin/zone/send-otp-user HTTP/1.1" 200 - "-" "Mergit/1 CFNetwork/3826.400.120 Darwin/24.3.0"
::ffff:192.168.0.108 - - [24/Mar/2025:12:35:36 +0000] "POST /api/oneapp/admin/zone/verify-otp-user HTTP/1.1" 404 - "-" "Mergit/1 CFNetwork/3826.400.120 Darwin/24.3.0"
::ffff:192.168.0.108 - - [24/Mar/2025:12:37:04 +0000] "POST /api/oneapp/admin/zone/send-otp-user HTTP/1.1" 200 - "-" "Mergit/1 CFNetwork/3826.400.120 Darwin/24.3.0"
::ffff:192.168.0.108 - - [24/Mar/2025:12:37:10 +0000] "POST /api/oneapp/admin/zone/verify-otp-user HTTP/1.1" 404 - "-" "Mergit/1 CFNetwork/3826.400.120 Darwin/24.3.0"
::ffff:192.168.0.108 - - [24/Mar/2025:12:37:56 +0000] "POST /api/oneapp/admin/zone/send-otp-user HTTP/1.1" 200 - "-" "PostmanRuntime/7.43.2"
::ffff:192.168.0.108 - - [24/Mar/2025:12:38:00 +0000] "POST /api/oneapp/admin/zone/verify-otp-user HTTP/1.1" 200 - "-" "PostmanRuntime/7.43.2"
::ffff:192.168.0.100 - - [24/Mar/2025:12:38:49 +0000] "GET /api/oneapp/admin/zone/get-zone HTTP/1.1" 200 - "http://localhost:3000/" "Mozilla/5.0 (Windows NT 10.0; Win64; x64) AppleWebKit/537.36 (KHTML, like Gecko) Chrome/134.0.0.0 Safari/537.36"
::ffff:192.168.0.100 - - [24/Mar/2025:12:38:51 +0000] "GET /api/oneapp/admin/zone/get-area HTTP/1.1" 200 - "http://localhost:3000/" "Mozilla/5.0 (Windows NT 10.0; Win64; x64) AppleWebKit/537.36 (KHTML, like Gecko) Chrome/134.0.0.0 Safari/537.36"
::ffff:192.168.0.100 - - [24/Mar/2025:12:38:52 +0000] "GET /api/oneapp/admin/zone/get-zone HTTP/1.1" 200 - "http://localhost:3000/" "Mozilla/5.0 (Windows NT 10.0; Win64; x64) AppleWebKit/537.36 (KHTML, like Gecko) Chrome/134.0.0.0 Safari/537.36"
::ffff:192.168.0.100 - - [24/Mar/2025:12:38:52 +0000] "GET /api/oneapp/admin/zone/get-area HTTP/1.1" 200 - "http://localhost:3000/" "Mozilla/5.0 (Windows NT 10.0; Win64; x64) AppleWebKit/537.36 (KHTML, like Gecko) Chrome/134.0.0.0 Safari/537.36"
::ffff:192.168.0.100 - - [24/Mar/2025:12:38:52 +0000] "GET /api/oneapp/admin/zone/get-zone HTTP/1.1" 200 - "http://localhost:3000/" "Mozilla/5.0 (Windows NT 10.0; Win64; x64) AppleWebKit/537.36 (KHTML, like Gecko) Chrome/134.0.0.0 Safari/537.36"
::ffff:192.168.0.108 - - [24/Mar/2025:12:40:49 +0000] "POST /api/oneapp/admin/zone/send-otp-user HTTP/1.1" 200 - "-" "Mergit/1 CFNetwork/3826.400.120 Darwin/24.3.0"
::ffff:192.168.0.108 - - [24/Mar/2025:12:40:53 +0000] "POST /api/oneapp/admin/zone/verify-otp-user HTTP/1.1" 404 - "-" "Mergit/1 CFNetwork/3826.400.120 Darwin/24.3.0"
::ffff:192.168.0.108 - - [24/Mar/2025:12:41:09 +0000] "POST /api/oneapp/admin/zone/verify-otp-user HTTP/1.1" 404 - "-" "Mergit/1 CFNetwork/3826.400.120 Darwin/24.3.0"
::ffff:192.168.0.108 - - [24/Mar/2025:12:42:48 +0000] "POST /api/oneapp/admin/zone/verify-otp-user HTTP/1.1" 404 - "-" "Mergit/1 CFNetwork/3826.400.120 Darwin/24.3.0"
::ffff:192.168.0.108 - - [24/Mar/2025:12:42:55 +0000] "POST /api/oneapp/admin/zone/send-otp-user HTTP/1.1" 200 - "-" "Mergit/1 CFNetwork/3826.400.120 Darwin/24.3.0"
::ffff:192.168.0.108 - - [24/Mar/2025:12:43:00 +0000] "POST /api/oneapp/admin/zone/verify-otp-user HTTP/1.1" 404 - "-" "Mergit/1 CFNetwork/3826.400.120 Darwin/24.3.0"
::ffff:192.168.0.108 - - [24/Mar/2025:12:45:13 +0000] "POST /api/oneapp/admin/zone/send-otp-user HTTP/1.1" 200 - "-" "Mergit/1 CFNetwork/3826.400.120 Darwin/24.3.0"
::ffff:192.168.0.108 - - [24/Mar/2025:12:45:17 +0000] "POST /api/oneapp/admin/zone/verify-otp-user HTTP/1.1" 404 - "-" "Mergit/1 CFNetwork/3826.400.120 Darwin/24.3.0"
::ffff:192.168.0.115 - - [24/Mar/2025:12:47:01 +0000] "POST /api/oneapp/admin/zone/send-otp-user HTTP/1.1" 200 - "-" "Mergit/1 CFNetwork/3826.400.120 Darwin/24.3.0"
::ffff:192.168.0.115 - - [24/Mar/2025:12:47:05 +0000] "POST /api/oneapp/admin/zone/verify-otp-user HTTP/1.1" 404 - "-" "Mergit/1 CFNetwork/3826.400.120 Darwin/24.3.0"
::ffff:192.168.0.102 - - [24/Mar/2025:12:47:29 +0000] "POST /api/oneapp/admin/zone/send-otp-user HTTP/1.1" 200 - "-" "PostmanRuntime/7.43.2"
::ffff:192.168.0.102 - - [24/Mar/2025:12:47:33 +0000] "POST /api/oneapp/admin/zone/verify-otp-user HTTP/1.1" 200 - "-" "PostmanRuntime/7.43.2"
::ffff:192.168.0.102 - - [24/Mar/2025:12:47:42 +0000] "POST /api/oneapp/admin/zone/send-otp-user HTTP/1.1" 200 - "-" "PostmanRuntime/7.43.2"
::ffff:192.168.0.115 - - [24/Mar/2025:12:47:48 +0000] "POST /api/oneapp/admin/zone/send-otp-user HTTP/1.1" 200 - "-" "PostmanRuntime/7.43.2"
::ffff:192.168.0.102 - - [24/Mar/2025:12:47:50 +0000] "POST /api/oneapp/admin/zone/verify-otp-user HTTP/1.1" 200 - "-" "PostmanRuntime/7.43.2"
::ffff:192.168.0.115 - - [24/Mar/2025:12:47:58 +0000] "POST /api/oneapp/admin/zone/verify-otp-user HTTP/1.1" 404 - "-" "PostmanRuntime/7.43.2"
::ffff:192.168.0.115 - - [24/Mar/2025:12:48:05 +0000] "POST /api/oneapp/admin/zone/send-otp-user HTTP/1.1" 200 - "-" "PostmanRuntime/7.43.2"
::ffff:192.168.0.115 - - [24/Mar/2025:12:48:09 +0000] "POST /api/oneapp/admin/zone/verify-otp-user HTTP/1.1" 200 - "-" "PostmanRuntime/7.43.2"
::ffff:192.168.0.115 - - [24/Mar/2025:12:48:13 +0000] "POST /api/oneapp/admin/zone/verify-otp-user HTTP/1.1" 404 - "-" "PostmanRuntime/7.43.2"
::ffff:192.168.0.115 - - [24/Mar/2025:12:48:16 +0000] "POST /api/oneapp/admin/zone/verify-otp-user HTTP/1.1" 404 - "-" "PostmanRuntime/7.43.2"
::ffff:192.168.0.115 - - [24/Mar/2025:12:48:20 +0000] "POST /api/oneapp/admin/zone/send-otp-user HTTP/1.1" 200 - "-" "PostmanRuntime/7.43.2"
::ffff:192.168.0.115 - - [24/Mar/2025:12:48:24 +0000] "POST /api/oneapp/admin/zone/verify-otp-user HTTP/1.1" 200 - "-" "PostmanRuntime/7.43.2"
::ffff:192.168.0.115 - - [24/Mar/2025:12:49:50 +0000] "POST /api/oneapp/admin/zone/send-otp-user HTTP/1.1" 200 - "-" "Mergit/1 CFNetwork/3826.400.120 Darwin/24.3.0"
::ffff:192.168.0.115 - - [24/Mar/2025:12:49:56 +0000] "POST /api/oneapp/admin/zone/verify-otp-user HTTP/1.1" 404 - "-" "Mergit/1 CFNetwork/3826.400.120 Darwin/24.3.0"
::ffff:192.168.0.115 - - [24/Mar/2025:12:51:19 +0000] "POST /api/oneapp/admin/zone/send-otp-user HTTP/1.1" 200 - "-" "Mergit/1 CFNetwork/3826.400.120 Darwin/24.3.0"
::ffff:192.168.0.115 - - [24/Mar/2025:12:51:22 +0000] "POST /api/oneapp/admin/zone/verify-otp-user HTTP/1.1" 404 - "-" "Mergit/1 CFNetwork/3826.400.120 Darwin/24.3.0"
::ffff:192.168.0.102 - - [24/Mar/2025:12:51:39 +0000] "POST /api/oneapp/admin/zone/send-otp-user HTTP/1.1" 200 - "-" "PostmanRuntime/7.43.2"
::ffff:192.168.0.102 - - [24/Mar/2025:12:51:44 +0000] "POST /api/oneapp/admin/zone/verify-otp-user HTTP/1.1" 200 - "-" "PostmanRuntime/7.43.2"
::ffff:192.168.0.102 - - [24/Mar/2025:12:51:45 +0000] "POST /api/oneapp/admin/zone/verify-otp-user HTTP/1.1" 404 - "-" "PostmanRuntime/7.43.2"
::ffff:192.168.0.115 - - [24/Mar/2025:12:51:52 +0000] "POST /api/oneapp/admin/zone/send-otp-user HTTP/1.1" 200 - "-" "Mergit/1 CFNetwork/3826.400.120 Darwin/24.3.0"
::ffff:192.168.0.115 - - [24/Mar/2025:12:51:54 +0000] "POST /api/oneapp/admin/zone/verify-otp-user HTTP/1.1" 404 - "-" "Mergit/1 CFNetwork/3826.400.120 Darwin/24.3.0"
::ffff:192.168.0.102 - - [24/Mar/2025:12:51:55 +0000] "POST /api/oneapp/admin/zone/verify-otp-user HTTP/1.1" 404 - "-" "PostmanRuntime/7.43.2"
::ffff:192.168.0.102 - - [24/Mar/2025:12:52:01 +0000] "POST /api/oneapp/admin/zone/send-otp-user HTTP/1.1" 200 - "-" "PostmanRuntime/7.43.2"
::ffff:192.168.0.102 - - [24/Mar/2025:12:52:05 +0000] "POST /api/oneapp/admin/zone/verify-otp-user HTTP/1.1" 200 - "-" "PostmanRuntime/7.43.2"
::ffff:192.168.0.102 - - [24/Mar/2025:12:52:07 +0000] "POST /api/oneapp/admin/zone/verify-otp-user HTTP/1.1" 404 - "-" "PostmanRuntime/7.43.2"
::ffff:192.168.0.100 - - [24/Mar/2025:12:52:52 +0000] "GET /api/oneapp/admin/zone/get-area HTTP/1.1" 200 - "http://localhost:3000/" "Mozilla/5.0 (Windows NT 10.0; Win64; x64) AppleWebKit/537.36 (KHTML, like Gecko) Chrome/134.0.0.0 Safari/537.36"
::ffff:192.168.0.100 - - [24/Mar/2025:12:52:52 +0000] "GET /api/oneapp/admin/zone/get-zone HTTP/1.1" 200 - "http://localhost:3000/" "Mozilla/5.0 (Windows NT 10.0; Win64; x64) AppleWebKit/537.36 (KHTML, like Gecko) Chrome/134.0.0.0 Safari/537.36"
::ffff:192.168.0.115 - - [24/Mar/2025:12:53:04 +0000] "POST /api/oneapp/admin/zone/send-otp-user HTTP/1.1" 200 - "-" "Mergit/1 CFNetwork/3826.400.120 Darwin/24.3.0"
::ffff:192.168.0.115 - - [24/Mar/2025:12:53:06 +0000] "POST /api/oneapp/admin/zone/verify-otp-user HTTP/1.1" 404 - "-" "Mergit/1 CFNetwork/3826.400.120 Darwin/24.3.0"
::ffff:192.168.0.115 - - [24/Mar/2025:12:53:20 +0000] "POST /api/oneapp/admin/zone/send-otp-user HTTP/1.1" 200 - "-" "Mergit/1 CFNetwork/3826.400.120 Darwin/24.3.0"
::ffff:192.168.0.115 - - [24/Mar/2025:12:53:21 +0000] "POST /api/oneapp/admin/zone/verify-otp-user HTTP/1.1" 404 - "-" "Mergit/1 CFNetwork/3826.400.120 Darwin/24.3.0"
::ffff:192.168.0.102 - - [24/Mar/2025:12:53:41 +0000] "POST /api/oneapp/admin/zone/send-otp-user HTTP/1.1" 200 - "-" "PostmanRuntime/7.43.2"
::ffff:192.168.0.102 - - [24/Mar/2025:12:53:44 +0000] "POST /api/oneapp/admin/zone/verify-otp-user HTTP/1.1" 200 - "-" "PostmanRuntime/7.43.2"
::ffff:192.168.0.102 - - [24/Mar/2025:12:53:47 +0000] "POST /api/oneapp/admin/zone/verify-otp-user HTTP/1.1" 404 - "-" "PostmanRuntime/7.43.2"
::ffff:192.168.0.100 - - [24/Mar/2025:12:54:31 +0000] "GET /api/oneapp/admin/zone/get-zone HTTP/1.1" 200 - "http://localhost:3000/" "Mozilla/5.0 (Windows NT 10.0; Win64; x64) AppleWebKit/537.36 (KHTML, like Gecko) Chrome/134.0.0.0 Safari/537.36"
::ffff:192.168.0.100 - - [24/Mar/2025:12:54:31 +0000] "GET /api/oneapp/admin/zone/get-area HTTP/1.1" 200 - "http://localhost:3000/" "Mozilla/5.0 (Windows NT 10.0; Win64; x64) AppleWebKit/537.36 (KHTML, like Gecko) Chrome/134.0.0.0 Safari/537.36"
::ffff:192.168.0.115 - - [24/Mar/2025:12:54:59 +0000] "POST /api/oneapp/admin/zone/send-otp-user HTTP/1.1" 200 - "-" "Mergit/1 CFNetwork/3826.400.120 Darwin/24.3.0"
::ffff:192.168.0.115 - - [24/Mar/2025:12:55:00 +0000] "POST /api/oneapp/admin/zone/verify-otp-user HTTP/1.1" 404 - "-" "Mergit/1 CFNetwork/3826.400.120 Darwin/24.3.0"
::ffff:192.168.0.100 - - [24/Mar/2025:12:55:11 +0000] "GET /api/oneapp/admin/zone/get-area HTTP/1.1" 200 - "http://localhost:3000/" "Mozilla/5.0 (Windows NT 10.0; Win64; x64) AppleWebKit/537.36 (KHTML, like Gecko) Chrome/134.0.0.0 Safari/537.36"
::ffff:192.168.0.100 - - [24/Mar/2025:12:55:11 +0000] "GET /api/oneapp/admin/zone/get-zone HTTP/1.1" 200 - "http://localhost:3000/" "Mozilla/5.0 (Windows NT 10.0; Win64; x64) AppleWebKit/537.36 (KHTML, like Gecko) Chrome/134.0.0.0 Safari/537.36"
::ffff:192.168.0.115 - - [24/Mar/2025:12:55:34 +0000] "POST /api/oneapp/admin/zone/verify-otp-user HTTP/1.1" 404 - "-" "PostmanRuntime/7.43.2"
::ffff:192.168.0.100 - - [24/Mar/2025:12:55:35 +0000] "GET /api/oneapp/admin/zone/get-area HTTP/1.1" 200 - "http://localhost:3000/" "Mozilla/5.0 (Windows NT 10.0; Win64; x64) AppleWebKit/537.36 (KHTML, like Gecko) Chrome/134.0.0.0 Safari/537.36"
::ffff:192.168.0.100 - - [24/Mar/2025:12:55:35 +0000] "GET /api/oneapp/admin/zone/get-zone HTTP/1.1" 200 - "http://localhost:3000/" "Mozilla/5.0 (Windows NT 10.0; Win64; x64) AppleWebKit/537.36 (KHTML, like Gecko) Chrome/134.0.0.0 Safari/537.36"
::ffff:192.168.0.115 - - [24/Mar/2025:12:55:39 +0000] "POST /api/oneapp/admin/zone/send-otp-user HTTP/1.1" 200 - "-" "PostmanRuntime/7.43.2"
::ffff:192.168.0.115 - - [24/Mar/2025:12:55:43 +0000] "POST /api/oneapp/admin/zone/verify-otp-user HTTP/1.1" 200 - "-" "PostmanRuntime/7.43.2"
::ffff:192.168.0.115 - - [24/Mar/2025:12:55:48 +0000] "POST /api/oneapp/admin/zone/verify-otp-user HTTP/1.1" 404 - "-" "PostmanRuntime/7.43.2"
::ffff:192.168.0.115 - - [24/Mar/2025:12:55:53 +0000] "POST /api/oneapp/admin/zone/send-otp-user HTTP/1.1" 200 - "-" "PostmanRuntime/7.43.2"
::ffff:192.168.0.115 - - [24/Mar/2025:12:55:56 +0000] "POST /api/oneapp/admin/zone/send-otp-user HTTP/1.1" 200 - "-" "PostmanRuntime/7.43.2"
::ffff:192.168.0.115 - - [24/Mar/2025:12:55:58 +0000] "POST /api/oneapp/admin/zone/send-otp-user HTTP/1.1" 200 - "-" "PostmanRuntime/7.43.2"
::ffff:192.168.0.115 - - [24/Mar/2025:12:56:00 +0000] "POST /api/oneapp/admin/zone/send-otp-user HTTP/1.1" 200 - "-" "PostmanRuntime/7.43.2"
::ffff:192.168.0.115 - - [24/Mar/2025:12:56:05 +0000] "POST /api/oneapp/admin/zone/verify-otp-user HTTP/1.1" 200 - "-" "PostmanRuntime/7.43.2"
::ffff:192.168.0.115 - - [24/Mar/2025:12:56:06 +0000] "POST /api/oneapp/admin/zone/verify-otp-user HTTP/1.1" 404 - "-" "PostmanRuntime/7.43.2"
::ffff:192.168.0.102 - - [24/Mar/2025:12:56:54 +0000] "POST /api/oneapp/admin/zone/send-otp-user HTTP/1.1" 200 - "-" "PostmanRuntime/7.43.2"
::ffff:192.168.0.102 - - [24/Mar/2025:12:57:00 +0000] "POST /api/oneapp/admin/zone/verify-otp-user HTTP/1.1" 200 - "-" "PostmanRuntime/7.43.2"
::ffff:192.168.0.102 - - [24/Mar/2025:12:57:02 +0000] "POST /api/oneapp/admin/zone/verify-otp-user HTTP/1.1" 404 - "-" "PostmanRuntime/7.43.2"
::ffff:192.168.0.100 - - [24/Mar/2025:12:58:06 +0000] "GET /api/oneapp/admin/zone/get-area HTTP/1.1" 200 - "http://localhost:3000/" "Mozilla/5.0 (Windows NT 10.0; Win64; x64) AppleWebKit/537.36 (KHTML, like Gecko) Chrome/134.0.0.0 Safari/537.36"
::ffff:192.168.0.100 - - [24/Mar/2025:12:58:06 +0000] "GET /api/oneapp/admin/zone/get-zone HTTP/1.1" 200 - "http://localhost:3000/" "Mozilla/5.0 (Windows NT 10.0; Win64; x64) AppleWebKit/537.36 (KHTML, like Gecko) Chrome/134.0.0.0 Safari/537.36"
::ffff:192.168.0.100 - - [24/Mar/2025:12:58:06 +0000] "GET /api/oneapp/admin/zone/get-area HTTP/1.1" 200 - "http://localhost:3000/" "Mozilla/5.0 (Windows NT 10.0; Win64; x64) AppleWebKit/537.36 (KHTML, like Gecko) Chrome/134.0.0.0 Safari/537.36"
::ffff:192.168.0.100 - - [24/Mar/2025:12:58:06 +0000] "GET /api/oneapp/admin/zone/get-zone HTTP/1.1" 200 - "http://localhost:3000/" "Mozilla/5.0 (Windows NT 10.0; Win64; x64) AppleWebKit/537.36 (KHTML, like Gecko) Chrome/134.0.0.0 Safari/537.36"
::ffff:192.168.0.105 - - [24/Mar/2025:13:01:03 +0000] "POST /api/oneapp/admin/zone/send-otp-seller HTTP/1.1" 200 - "-" "PostmanRuntime/7.43.2"
::ffff:192.168.0.105 - - [24/Mar/2025:13:01:13 +0000] "POST /api/oneapp/admin/zone/verify-otp-seller HTTP/1.1" 404 - "-" "PostmanRuntime/7.43.2"
::ffff:192.168.0.105 - - [24/Mar/2025:13:01:32 +0000] "POST /api/oneapp/admin/zone/send-otp-seller HTTP/1.1" 200 - "-" "PostmanRuntime/7.43.2"
::ffff:192.168.0.105 - - [24/Mar/2025:13:01:54 +0000] "POST /api/oneapp/admin/zone/send-otp-user HTTP/1.1" 200 - "-" "PostmanRuntime/7.43.2"
::ffff:192.168.0.105 - - [24/Mar/2025:13:02:01 +0000] "POST /api/oneapp/admin/zone/verify-otp-user HTTP/1.1" 200 - "-" "PostmanRuntime/7.43.2"
::ffff:192.168.0.115 - - [24/Mar/2025:13:02:56 +0000] "POST /api/oneapp/admin/zone/send-otp-user HTTP/1.1" 200 - "-" "Mergit/1 CFNetwork/3826.400.120 Darwin/24.3.0"
::ffff:192.168.0.115 - - [24/Mar/2025:13:02:57 +0000] "POST /api/oneapp/admin/zone/verify-otp-user HTTP/1.1" 404 - "-" "Mergit/1 CFNetwork/3826.400.120 Darwin/24.3.0"
::ffff:192.168.0.105 - - [24/Mar/2025:13:03:10 +0000] "POST /api/oneapp/admin/zone/send-otp-seller HTTP/1.1" 200 - "-" "PostmanRuntime/7.43.2"
::ffff:192.168.0.105 - - [24/Mar/2025:13:03:14 +0000] "POST /api/oneapp/admin/zone/verify-otp-seller HTTP/1.1" 200 - "-" "PostmanRuntime/7.43.2"
::ffff:192.168.0.105 - - [24/Mar/2025:13:03:19 +0000] "POST /api/oneapp/admin/zone/verify-otp-seller HTTP/1.1" 404 - "-" "PostmanRuntime/7.43.2"
::ffff:192.168.0.105 - - [24/Mar/2025:13:03:21 +0000] "POST /api/oneapp/admin/zone/verify-otp-seller HTTP/1.1" 404 - "-" "PostmanRuntime/7.43.2"
::ffff:192.168.0.115 - - [24/Mar/2025:13:03:38 +0000] "POST /api/oneapp/admin/zone/verify-otp-user HTTP/1.1" 404 - "-" "PostmanRuntime/7.43.2"
::ffff:192.168.0.115 - - [24/Mar/2025:13:03:40 +0000] "POST /api/oneapp/admin/zone/verify-otp-user HTTP/1.1" 404 - "-" "PostmanRuntime/7.43.2"
::ffff:192.168.0.115 - - [24/Mar/2025:13:03:42 +0000] "POST /api/oneapp/admin/zone/send-otp-user HTTP/1.1" 200 - "-" "PostmanRuntime/7.43.2"
::ffff:192.168.0.115 - - [24/Mar/2025:13:03:48 +0000] "POST /api/oneapp/admin/zone/verify-otp-user HTTP/1.1" 404 - "-" "PostmanRuntime/7.43.2"
::ffff:192.168.0.115 - - [24/Mar/2025:13:03:49 +0000] "POST /api/oneapp/admin/zone/verify-otp-user HTTP/1.1" 404 - "-" "PostmanRuntime/7.43.2"
::ffff:192.168.0.115 - - [24/Mar/2025:13:03:50 +0000] "POST /api/oneapp/admin/zone/verify-otp-user HTTP/1.1" 404 - "-" "PostmanRuntime/7.43.2"
::ffff:192.168.0.115 - - [24/Mar/2025:13:03:58 +0000] "POST /api/oneapp/admin/zone/verify-otp-user HTTP/1.1" 404 - "-" "PostmanRuntime/7.43.2"
::ffff:192.168.0.105 - - [24/Mar/2025:13:04:26 +0000] "POST /api/oneapp/admin/zone/verify-otp-seller HTTP/1.1" 404 - "-" "PostmanRuntime/7.43.2"
::ffff:192.168.0.102 - - [24/Mar/2025:13:04:27 +0000] "POST /api/oneapp/admin/zone/send-otp-user HTTP/1.1" 200 - "-" "PostmanRuntime/7.43.2"
::ffff:192.168.0.105 - - [24/Mar/2025:13:04:32 +0000] "POST /api/oneapp/admin/zone/send-otp-seller HTTP/1.1" 200 - "-" "PostmanRuntime/7.43.2"
::ffff:192.168.0.102 - - [24/Mar/2025:13:04:32 +0000] "POST /api/oneapp/admin/zone/verify-otp-user HTTP/1.1" 200 - "-" "PostmanRuntime/7.43.2"
::ffff:192.168.0.102 - - [24/Mar/2025:13:04:34 +0000] "POST /api/oneapp/admin/zone/verify-otp-user HTTP/1.1" 404 - "-" "PostmanRuntime/7.43.2"
::ffff:192.168.0.105 - - [24/Mar/2025:13:04:38 +0000] "POST /api/oneapp/admin/zone/verify-otp-seller HTTP/1.1" 200 - "-" "PostmanRuntime/7.43.2"
::ffff:192.168.0.105 - - [24/Mar/2025:13:04:44 +0000] "POST /api/oneapp/admin/zone/verify-otp-seller HTTP/1.1" 404 - "-" "PostmanRuntime/7.43.2"
::ffff:192.168.0.115 - - [24/Mar/2025:13:04:53 +0000] "POST /api/oneapp/admin/zone/send-otp-user HTTP/1.1" 200 - "-" "Mergit/1 CFNetwork/3826.400.120 Darwin/24.3.0"
::ffff:192.168.0.115 - - [24/Mar/2025:13:04:54 +0000] "POST /api/oneapp/admin/zone/verify-otp-user HTTP/1.1" 200 - "-" "Mergit/1 CFNetwork/3826.400.120 Darwin/24.3.0"
::ffff:192.168.0.102 - - [25/Mar/2025:03:38:09 +0000] "POST /api/oneapp/admin/order/place-order HTTP/1.1" 403 - "-" "PostmanRuntime/7.43.2"
::ffff:192.168.0.102 - - [25/Mar/2025:03:38:38 +0000] "POST /api/oneapp/admin/zone/send-otp-user HTTP/1.1" 200 - "-" "PostmanRuntime/7.43.2"
::ffff:192.168.0.102 - - [25/Mar/2025:03:38:45 +0000] "POST /api/oneapp/admin/zone/verify-otp-user HTTP/1.1" 200 - "-" "PostmanRuntime/7.43.2"
::ffff:192.168.0.102 - - [25/Mar/2025:03:39:18 +0000] "POST /api/oneapp/admin/order/place-order HTTP/1.1" 400 - "-" "PostmanRuntime/7.43.2"
::ffff:192.168.0.102 - - [25/Mar/2025:03:39:51 +0000] "POST /api/oneapp/admin/order/place-order HTTP/1.1" 404 - "-" "PostmanRuntime/7.43.2"
::ffff:192.168.0.102 - - [25/Mar/2025:03:42:54 +0000] "POST /api/oneapp/admin/order/place-order HTTP/1.1" 404 - "-" "PostmanRuntime/7.43.2"
::ffff:192.168.0.102 - - [25/Mar/2025:03:44:22 +0000] "GET /api/oneapp/admin/zone/find-sellers?lat=13.021659&long=80.207264 HTTP/1.1" 404 - "-" "PostmanRuntime/7.43.2"
::ffff:192.168.0.102 - - [25/Mar/2025:03:46:44 +0000] "GET /api/oneapp/admin/zone/find-sellers?lat=13.021325&long=80.200982 HTTP/1.1" 404 - "-" "PostmanRuntime/7.43.2"
::ffff:192.168.0.100 - - [25/Mar/2025:03:54:19 +0000] "GET /api/oneapp/admin/zone/get-area HTTP/1.1" 200 - "http://localhost:3000/" "Mozilla/5.0 (Windows NT 10.0; Win64; x64) AppleWebKit/537.36 (KHTML, like Gecko) Chrome/134.0.0.0 Safari/537.36"
::ffff:192.168.0.100 - - [25/Mar/2025:03:54:19 +0000] "GET /api/oneapp/admin/zone/get-zone HTTP/1.1" 200 - "http://localhost:3000/" "Mozilla/5.0 (Windows NT 10.0; Win64; x64) AppleWebKit/537.36 (KHTML, like Gecko) Chrome/134.0.0.0 Safari/537.36"
::ffff:192.168.0.100 - - [25/Mar/2025:03:56:34 +0000] "GET /api/oneapp/admin/zone/get-area HTTP/1.1" 200 - "http://localhost:3000/" "Mozilla/5.0 (Windows NT 10.0; Win64; x64) AppleWebKit/537.36 (KHTML, like Gecko) Chrome/134.0.0.0 Safari/537.36"
::ffff:192.168.0.100 - - [25/Mar/2025:03:56:34 +0000] "GET /api/oneapp/admin/zone/get-zone HTTP/1.1" 200 - "http://localhost:3000/" "Mozilla/5.0 (Windows NT 10.0; Win64; x64) AppleWebKit/537.36 (KHTML, like Gecko) Chrome/134.0.0.0 Safari/537.36"
::ffff:192.168.0.100 - - [25/Mar/2025:03:56:34 +0000] "GET /api/oneapp/admin/zone/get-area HTTP/1.1" 200 - "http://localhost:3000/" "Mozilla/5.0 (Windows NT 10.0; Win64; x64) AppleWebKit/537.36 (KHTML, like Gecko) Chrome/134.0.0.0 Safari/537.36"
::ffff:192.168.0.100 - - [25/Mar/2025:03:56:34 +0000] "GET /api/oneapp/admin/zone/get-zone HTTP/1.1" 200 - "http://localhost:3000/" "Mozilla/5.0 (Windows NT 10.0; Win64; x64) AppleWebKit/537.36 (KHTML, like Gecko) Chrome/134.0.0.0 Safari/537.36"
::ffff:192.168.0.100 - - [25/Mar/2025:04:04:51 +0000] "GET /api/oneapp/admin/zone/find-sellers?lat=13.021659&long=80.207264 HTTP/1.1" 404 - "-" "PostmanRuntime/7.43.2"
::ffff:192.168.0.100 - - [25/Mar/2025:04:07:34 +0000] "GET /api/oneapp/admin/zone/get-area HTTP/1.1" 200 - "http://localhost:3000/" "Mozilla/5.0 (Windows NT 10.0; Win64; x64) AppleWebKit/537.36 (KHTML, like Gecko) Chrome/134.0.0.0 Safari/537.36"
::ffff:192.168.0.100 - - [25/Mar/2025:04:07:34 +0000] "GET /api/oneapp/admin/zone/get-zone HTTP/1.1" 200 - "http://localhost:3000/" "Mozilla/5.0 (Windows NT 10.0; Win64; x64) AppleWebKit/537.36 (KHTML, like Gecko) Chrome/134.0.0.0 Safari/537.36"
::ffff:192.168.0.100 - - [25/Mar/2025:04:07:34 +0000] "GET /api/oneapp/admin/zone/get-area HTTP/1.1" 200 - "http://localhost:3000/" "Mozilla/5.0 (Windows NT 10.0; Win64; x64) AppleWebKit/537.36 (KHTML, like Gecko) Chrome/134.0.0.0 Safari/537.36"
::ffff:192.168.0.100 - - [25/Mar/2025:04:07:34 +0000] "GET /api/oneapp/admin/zone/get-zone HTTP/1.1" 200 - "http://localhost:3000/" "Mozilla/5.0 (Windows NT 10.0; Win64; x64) AppleWebKit/537.36 (KHTML, like Gecko) Chrome/134.0.0.0 Safari/537.36"
::ffff:192.168.0.100 - - [25/Mar/2025:04:09:59 +0000] "POST /api/oneapp/admin/zone/send-otp-user HTTP/1.1" 200 - "-" "PostmanRuntime/7.43.2"
::ffff:192.168.0.100 - - [25/Mar/2025:04:10:03 +0000] "POST /api/oneapp/admin/zone/verify-otp-user HTTP/1.1" 200 - "-" "PostmanRuntime/7.43.2"
::ffff:192.168.0.100 - - [25/Mar/2025:04:10:11 +0000] "GET /api/oneapp/admin/zone/find-sellers?lat=13.021659&long=80.207264 HTTP/1.1" 404 - "-" "PostmanRuntime/7.43.2"
::ffff:192.168.0.100 - - [25/Mar/2025:04:10:13 +0000] "GET /api/oneapp/admin/zone/find-sellers?lat=13.021659&long=80.207264 HTTP/1.1" 404 - "-" "PostmanRuntime/7.43.2"
::ffff:192.168.0.100 - - [25/Mar/2025:04:14:25 +0000] "POST /api/oneapp/admin/zone/send-otp-user HTTP/1.1" 200 - "-" "Mergit/1 CFNetwork/3826.400.120 Darwin/24.3.0"
::ffff:192.168.0.100 - - [25/Mar/2025:04:14:52 +0000] "POST /api/oneapp/admin/zone/verify-otp-user HTTP/1.1" 200 - "-" "Mergit/1 CFNetwork/3826.400.120 Darwin/24.3.0"
::ffff:192.168.0.100 - - [25/Mar/2025:04:14:54 +0000] "POST /api/oneapp/admin/zone/verify-otp-user HTTP/1.1" 404 - "-" "Mergit/1 CFNetwork/3826.400.120 Darwin/24.3.0"
::ffff:192.168.0.100 - - [25/Mar/2025:04:15:03 +0000] "POST /api/oneapp/admin/zone/send-otp-user HTTP/1.1" 200 - "-" "Mergit/1 CFNetwork/3826.400.120 Darwin/24.3.0"
::ffff:192.168.0.100 - - [25/Mar/2025:04:15:04 +0000] "POST /api/oneapp/admin/zone/verify-otp-user HTTP/1.1" 200 - "-" "Mergit/1 CFNetwork/3826.400.120 Darwin/24.3.0"
::ffff:192.168.0.100 - - [25/Mar/2025:04:18:59 +0000] "POST /api/oneapp/admin/zone/send-otp-user HTTP/1.1" 200 - "-" "Mergit/1 CFNetwork/3826.400.120 Darwin/24.3.0"
::ffff:192.168.0.100 - - [25/Mar/2025:04:21:52 +0000] "POST /api/oneapp/admin/zone/send-otp-user HTTP/1.1" 200 - "-" "Mergit/1 CFNetwork/3826.400.120 Darwin/24.3.0"
::ffff:192.168.0.100 - - [25/Mar/2025:04:22:46 +0000] "POST /api/oneapp/admin/zone/send-otp-user HTTP/1.1" 200 - "-" "Mergit/1 CFNetwork/3826.400.120 Darwin/24.3.0"
::ffff:192.168.0.100 - - [25/Mar/2025:04:22:56 +0000] "POST /api/oneapp/admin/zone/send-otp-user HTTP/1.1" 200 - "-" "Mergit/1 CFNetwork/3826.400.120 Darwin/24.3.0"
::ffff:192.168.0.100 - - [25/Mar/2025:04:23:18 +0000] "POST /api/oneapp/admin/zone/send-otp-user HTTP/1.1" 200 - "-" "Mergit/1 CFNetwork/3826.400.120 Darwin/24.3.0"
::ffff:192.168.0.100 - - [25/Mar/2025:04:23:49 +0000] "POST /api/oneapp/admin/zone/send-otp-user HTTP/1.1" 200 - "-" "Mergit/1 CFNetwork/3826.400.120 Darwin/24.3.0"
::ffff:192.168.0.100 - - [25/Mar/2025:04:24:38 +0000] "POST /api/oneapp/admin/zone/send-otp-user HTTP/1.1" 200 - "-" "Mergit/1 CFNetwork/3826.400.120 Darwin/24.3.0"
::ffff:192.168.0.100 - - [25/Mar/2025:04:25:08 +0000] "POST /api/oneapp/admin/zone/send-otp-user HTTP/1.1" 200 - "-" "Mergit/1 CFNetwork/3826.400.120 Darwin/24.3.0"
::ffff:192.168.0.100 - - [25/Mar/2025:04:25:26 +0000] "OPTIONS /api/oneapp/admin/zone/update-all-area HTTP/1.1" 204 0 "http://localhost:3000/" "Mozilla/5.0 (Windows NT 10.0; Win64; x64) AppleWebKit/537.36 (KHTML, like Gecko) Chrome/134.0.0.0 Safari/537.36"
::ffff:192.168.0.100 - - [25/Mar/2025:04:25:26 +0000] "PATCH /api/oneapp/admin/zone/update-all-area HTTP/1.1" 200 - "http://localhost:3000/" "Mozilla/5.0 (Windows NT 10.0; Win64; x64) AppleWebKit/537.36 (KHTML, like Gecko) Chrome/134.0.0.0 Safari/537.36"
::ffff:192.168.0.100 - - [25/Mar/2025:04:25:26 +0000] "GET /api/oneapp/admin/zone/get-area HTTP/1.1" 200 - "http://localhost:3000/" "Mozilla/5.0 (Windows NT 10.0; Win64; x64) AppleWebKit/537.36 (KHTML, like Gecko) Chrome/134.0.0.0 Safari/537.36"
::ffff:192.168.0.100 - - [25/Mar/2025:04:25:26 +0000] "POST /api/oneapp/admin/zone/send-otp-user HTTP/1.1" 200 - "-" "Mergit/1 CFNetwork/3826.400.120 Darwin/24.3.0"
::ffff:192.168.0.100 - - [25/Mar/2025:04:25:30 +0000] "POST /api/oneapp/admin/zone/verify-otp-user HTTP/1.1" 404 - "-" "Mergit/1 CFNetwork/3826.400.120 Darwin/24.3.0"
::ffff:192.168.0.100 - - [25/Mar/2025:04:25:36 +0000] "POST /api/oneapp/admin/zone/send-otp-user HTTP/1.1" 200 - "-" "Mergit/1 CFNetwork/3826.400.120 Darwin/24.3.0"
::ffff:192.168.0.100 - - [25/Mar/2025:04:25:38 +0000] "POST /api/oneapp/admin/zone/verify-otp-user HTTP/1.1" 200 - "-" "Mergit/1 CFNetwork/3826.400.120 Darwin/24.3.0"
::ffff:192.168.0.102 - - [25/Mar/2025:04:25:49 +0000] "GET /api/oneapp/admin/zone/find-sellers?lat=13.021325&long=80.200982 HTTP/1.1" 404 - "-" "PostmanRuntime/7.43.2"
::ffff:192.168.0.100 - - [25/Mar/2025:04:26:27 +0000] "OPTIONS /api/oneapp/admin/zone/create-zone HTTP/1.1" 204 0 "http://localhost:3000/" "Mozilla/5.0 (Windows NT 10.0; Win64; x64) AppleWebKit/537.36 (KHTML, like Gecko) Chrome/134.0.0.0 Safari/537.36"
::ffff:192.168.0.100 - - [25/Mar/2025:04:26:27 +0000] "POST /api/oneapp/admin/zone/create-zone HTTP/1.1" 201 - "http://localhost:3000/" "Mozilla/5.0 (Windows NT 10.0; Win64; x64) AppleWebKit/537.36 (KHTML, like Gecko) Chrome/134.0.0.0 Safari/537.36"
::ffff:192.168.0.100 - - [25/Mar/2025:04:26:27 +0000] "GET /api/oneapp/admin/zone/get-zone HTTP/1.1" 200 - "http://localhost:3000/" "Mozilla/5.0 (Windows NT 10.0; Win64; x64) AppleWebKit/537.36 (KHTML, like Gecko) Chrome/134.0.0.0 Safari/537.36"
::ffff:192.168.0.100 - - [25/Mar/2025:04:26:39 +0000] "GET /api/oneapp/admin/zone/get-area HTTP/1.1" 200 - "http://localhost:3000/" "Mozilla/5.0 (Windows NT 10.0; Win64; x64) AppleWebKit/537.36 (KHTML, like Gecko) Chrome/134.0.0.0 Safari/537.36"
::ffff:192.168.0.100 - - [25/Mar/2025:04:26:39 +0000] "GET /api/oneapp/admin/zone/get-zone HTTP/1.1" 200 - "http://localhost:3000/" "Mozilla/5.0 (Windows NT 10.0; Win64; x64) AppleWebKit/537.36 (KHTML, like Gecko) Chrome/134.0.0.0 Safari/537.36"
::ffff:192.168.0.100 - - [25/Mar/2025:04:26:49 +0000] "OPTIONS /api/oneapp/admin/zone/multiple-all-area HTTP/1.1" 204 0 "http://localhost:3000/" "Mozilla/5.0 (Windows NT 10.0; Win64; x64) AppleWebKit/537.36 (KHTML, like Gecko) Chrome/134.0.0.0 Safari/537.36"
::ffff:192.168.0.100 - - [25/Mar/2025:04:26:49 +0000] "PATCH /api/oneapp/admin/zone/multiple-all-area HTTP/1.1" 200 - "http://localhost:3000/" "Mozilla/5.0 (Windows NT 10.0; Win64; x64) AppleWebKit/537.36 (KHTML, like Gecko) Chrome/134.0.0.0 Safari/537.36"
::ffff:192.168.0.100 - - [25/Mar/2025:04:26:49 +0000] "GET /api/oneapp/admin/zone/get-area HTTP/1.1" 200 - "http://localhost:3000/" "Mozilla/5.0 (Windows NT 10.0; Win64; x64) AppleWebKit/537.36 (KHTML, like Gecko) Chrome/134.0.0.0 Safari/537.36"
::ffff:192.168.0.102 - - [25/Mar/2025:04:28:23 +0000] "GET /api/oneapp/admin/zone/find-sellers?lat=13.021325&long=80.200982 HTTP/1.1" 200 - "-" "PostmanRuntime/7.43.2"
::ffff:192.168.0.102 - - [25/Mar/2025:04:28:41 +0000] "POST /api/oneapp/admin/order/place-order HTTP/1.1" 200 - "-" "PostmanRuntime/7.43.2"
::ffff:192.168.0.102 - - [25/Mar/2025:04:32:12 +0000] "POST /api/oneapp/admin/order/place-order HTTP/1.1" 200 - "-" "PostmanRuntime/7.43.2"
::ffff:192.168.0.100 - - [25/Mar/2025:04:33:58 +0000] "POST /api/oneapp/admin/zone/send-otp-user HTTP/1.1" 200 - "-" "Mergit/1 CFNetwork/3826.400.120 Darwin/24.3.0"
::ffff:192.168.0.100 - - [25/Mar/2025:04:34:04 +0000] "POST /api/oneapp/admin/zone/verify-otp-user HTTP/1.1" 200 - "-" "Mergit/1 CFNetwork/3826.400.120 Darwin/24.3.0"
::ffff:192.168.0.100 - - [25/Mar/2025:04:36:34 +0000] "OPTIONS /api/oneapp/admin/zone/update-all-area HTTP/1.1" 204 0 "http://localhost:3000/" "Mozilla/5.0 (Windows NT 10.0; Win64; x64) AppleWebKit/537.36 (KHTML, like Gecko) Chrome/134.0.0.0 Safari/537.36"
::ffff:192.168.0.100 - - [25/Mar/2025:04:36:34 +0000] "PATCH /api/oneapp/admin/zone/update-all-area HTTP/1.1" 200 - "http://localhost:3000/" "Mozilla/5.0 (Windows NT 10.0; Win64; x64) AppleWebKit/537.36 (KHTML, like Gecko) Chrome/134.0.0.0 Safari/537.36"
::ffff:192.168.0.100 - - [25/Mar/2025:04:36:34 +0000] "GET /api/oneapp/admin/zone/get-area HTTP/1.1" 200 - "http://localhost:3000/" "Mozilla/5.0 (Windows NT 10.0; Win64; x64) AppleWebKit/537.36 (KHTML, like Gecko) Chrome/134.0.0.0 Safari/537.36"
::ffff:192.168.0.100 - - [25/Mar/2025:04:36:35 +0000] "POST /api/oneapp/admin/zone/send-otp-user HTTP/1.1" 200 - "-" "Mergit/1 CFNetwork/3826.400.120 Darwin/24.3.0"
::ffff:192.168.0.100 - - [25/Mar/2025:04:36:42 +0000] "GET /api/oneapp/admin/zone/get-area HTTP/1.1" 200 - "http://localhost:3000/" "Mozilla/5.0 (Windows NT 10.0; Win64; x64) AppleWebKit/537.36 (KHTML, like Gecko) Chrome/134.0.0.0 Safari/537.36"
::ffff:192.168.0.100 - - [25/Mar/2025:04:36:42 +0000] "GET /api/oneapp/admin/zone/get-zone HTTP/1.1" 200 - "http://localhost:3000/" "Mozilla/5.0 (Windows NT 10.0; Win64; x64) AppleWebKit/537.36 (KHTML, like Gecko) Chrome/134.0.0.0 Safari/537.36"
::ffff:192.168.0.100 - - [25/Mar/2025:04:36:53 +0000] "POST /api/oneapp/admin/zone/verify-otp-user HTTP/1.1" 200 - "-" "Mergit/1 CFNetwork/3826.400.120 Darwin/24.3.0"
::ffff:192.168.0.100 - - [25/Mar/2025:04:38:25 +0000] "POST /api/oneapp/admin/zone/send-otp-user HTTP/1.1" 200 - "-" "Mergit/1 CFNetwork/3826.400.120 Darwin/24.3.0"
::ffff:192.168.0.100 - - [25/Mar/2025:04:38:41 +0000] "POST /api/oneapp/admin/zone/verify-otp-user HTTP/1.1" 200 - "-" "Mergit/1 CFNetwork/3826.400.120 Darwin/24.3.0"
::ffff:192.168.0.100 - - [25/Mar/2025:04:40:48 +0000] "OPTIONS /api/oneapp/admin/zone/update-all-area HTTP/1.1" 204 0 "http://localhost:3000/" "Mozilla/5.0 (Windows NT 10.0; Win64; x64) AppleWebKit/537.36 (KHTML, like Gecko) Chrome/134.0.0.0 Safari/537.36"
::ffff:192.168.0.100 - - [25/Mar/2025:04:40:48 +0000] "PATCH /api/oneapp/admin/zone/update-all-area HTTP/1.1" 200 - "http://localhost:3000/" "Mozilla/5.0 (Windows NT 10.0; Win64; x64) AppleWebKit/537.36 (KHTML, like Gecko) Chrome/134.0.0.0 Safari/537.36"
::ffff:192.168.0.100 - - [25/Mar/2025:04:40:48 +0000] "GET /api/oneapp/admin/zone/get-area HTTP/1.1" 200 - "http://localhost:3000/" "Mozilla/5.0 (Windows NT 10.0; Win64; x64) AppleWebKit/537.36 (KHTML, like Gecko) Chrome/134.0.0.0 Safari/537.36"
::ffff:192.168.0.100 - - [25/Mar/2025:04:41:02 +0000] "OPTIONS /api/oneapp/admin/zone/update-all-area HTTP/1.1" 204 0 "http://localhost:3000/" "Mozilla/5.0 (Windows NT 10.0; Win64; x64) AppleWebKit/537.36 (KHTML, like Gecko) Chrome/134.0.0.0 Safari/537.36"
::ffff:192.168.0.100 - - [25/Mar/2025:04:41:02 +0000] "PATCH /api/oneapp/admin/zone/update-all-area HTTP/1.1" 200 - "http://localhost:3000/" "Mozilla/5.0 (Windows NT 10.0; Win64; x64) AppleWebKit/537.36 (KHTML, like Gecko) Chrome/134.0.0.0 Safari/537.36"
::ffff:192.168.0.100 - - [25/Mar/2025:04:41:02 +0000] "GET /api/oneapp/admin/zone/get-area HTTP/1.1" 200 - "http://localhost:3000/" "Mozilla/5.0 (Windows NT 10.0; Win64; x64) AppleWebKit/537.36 (KHTML, like Gecko) Chrome/134.0.0.0 Safari/537.36"
::ffff:192.168.0.100 - - [25/Mar/2025:04:42:39 +0000] "POST /api/oneapp/admin/zone/send-otp-user HTTP/1.1" 200 - "-" "Mergit/1 CFNetwork/3826.400.120 Darwin/24.3.0"
::ffff:192.168.0.100 - - [25/Mar/2025:04:42:49 +0000] "OPTIONS /api/oneapp/admin/zone/update-all-area HTTP/1.1" 204 0 "http://localhost:3000/" "Mozilla/5.0 (Windows NT 10.0; Win64; x64) AppleWebKit/537.36 (KHTML, like Gecko) Chrome/134.0.0.0 Safari/537.36"
::ffff:192.168.0.100 - - [25/Mar/2025:04:42:49 +0000] "PATCH /api/oneapp/admin/zone/update-all-area HTTP/1.1" 200 - "http://localhost:3000/" "Mozilla/5.0 (Windows NT 10.0; Win64; x64) AppleWebKit/537.36 (KHTML, like Gecko) Chrome/134.0.0.0 Safari/537.36"
::ffff:192.168.0.100 - - [25/Mar/2025:04:42:49 +0000] "GET /api/oneapp/admin/zone/get-area HTTP/1.1" 200 - "http://localhost:3000/" "Mozilla/5.0 (Windows NT 10.0; Win64; x64) AppleWebKit/537.36 (KHTML, like Gecko) Chrome/134.0.0.0 Safari/537.36"
::ffff:192.168.0.100 - - [25/Mar/2025:04:43:52 +0000] "OPTIONS /api/oneapp/admin/zone/update-all-area HTTP/1.1" 204 0 "http://localhost:3000/" "Mozilla/5.0 (Windows NT 10.0; Win64; x64) AppleWebKit/537.36 (KHTML, like Gecko) Chrome/134.0.0.0 Safari/537.36"
::ffff:192.168.0.100 - - [25/Mar/2025:04:43:52 +0000] "PATCH /api/oneapp/admin/zone/update-all-area HTTP/1.1" 200 - "http://localhost:3000/" "Mozilla/5.0 (Windows NT 10.0; Win64; x64) AppleWebKit/537.36 (KHTML, like Gecko) Chrome/134.0.0.0 Safari/537.36"
::ffff:192.168.0.100 - - [25/Mar/2025:04:43:53 +0000] "GET /api/oneapp/admin/zone/get-area HTTP/1.1" 200 - "http://localhost:3000/" "Mozilla/5.0 (Windows NT 10.0; Win64; x64) AppleWebKit/537.36 (KHTML, like Gecko) Chrome/134.0.0.0 Safari/537.36"
::ffff:192.168.0.100 - - [25/Mar/2025:04:44:13 +0000] "POST /api/oneapp/admin/zone/send-otp-user HTTP/1.1" 200 - "-" "Mergit/1 CFNetwork/3826.400.120 Darwin/24.3.0"
::ffff:192.168.0.102 - - [25/Mar/2025:04:44:17 +0000] "POST /api/oneapp/admin/order/place-order HTTP/1.1" 500 - "-" "PostmanRuntime/7.43.2"
::ffff:192.168.0.100 - - [25/Mar/2025:04:44:43 +0000] "POST /api/oneapp/admin/zone/send-otp-user HTTP/1.1" 200 - "-" "Mergit/1 CFNetwork/3826.400.120 Darwin/24.3.0"
::ffff:192.168.0.100 - - [25/Mar/2025:04:44:46 +0000] "OPTIONS /api/oneapp/admin/zone/update-all-area HTTP/1.1" 204 0 "http://localhost:3000/" "Mozilla/5.0 (Windows NT 10.0; Win64; x64) AppleWebKit/537.36 (KHTML, like Gecko) Chrome/134.0.0.0 Safari/537.36"
::ffff:192.168.0.100 - - [25/Mar/2025:04:44:46 +0000] "PATCH /api/oneapp/admin/zone/update-all-area HTTP/1.1" 200 - "http://localhost:3000/" "Mozilla/5.0 (Windows NT 10.0; Win64; x64) AppleWebKit/537.36 (KHTML, like Gecko) Chrome/134.0.0.0 Safari/537.36"
::ffff:192.168.0.100 - - [25/Mar/2025:04:44:46 +0000] "GET /api/oneapp/admin/zone/get-area HTTP/1.1" 200 - "http://localhost:3000/" "Mozilla/5.0 (Windows NT 10.0; Win64; x64) AppleWebKit/537.36 (KHTML, like Gecko) Chrome/134.0.0.0 Safari/537.36"
::ffff:192.168.0.102 - - [25/Mar/2025:04:45:01 +0000] "POST /api/oneapp/admin/order/place-order HTTP/1.1" 500 - "-" "PostmanRuntime/7.43.2"
::ffff:192.168.0.100 - - [25/Mar/2025:04:45:09 +0000] "POST /api/oneapp/admin/zone/verify-otp-user HTTP/1.1" 404 - "-" "Mergit/1 CFNetwork/3826.400.120 Darwin/24.3.0"
::ffff:192.168.0.100 - - [25/Mar/2025:04:45:20 +0000] "POST /api/oneapp/admin/zone/send-otp-user HTTP/1.1" 200 - "-" "Mergit/1 CFNetwork/3826.400.120 Darwin/24.3.0"
::ffff:192.168.0.100 - - [25/Mar/2025:04:45:21 +0000] "POST /api/oneapp/admin/zone/verify-otp-user HTTP/1.1" 200 - "-" "Mergit/1 CFNetwork/3826.400.120 Darwin/24.3.0"
::ffff:192.168.0.100 - - [25/Mar/2025:04:49:29 +0000] "POST /api/oneapp/admin/zone/send-otp-user HTTP/1.1" 200 - "-" "Mergit/1 CFNetwork/3826.400.120 Darwin/24.3.0"
::ffff:192.168.0.102 - - [25/Mar/2025:04:49:54 +0000] "POST /api/oneapp/admin/order/place-order HTTP/1.1" 500 - "-" "PostmanRuntime/7.43.2"
::ffff:192.168.0.100 - - [25/Mar/2025:04:50:14 +0000] "POST /api/oneapp/admin/zone/send-otp-user HTTP/1.1" 200 - "-" "Mergit/1 CFNetwork/3826.400.120 Darwin/24.3.0"
::ffff:192.168.0.100 - - [25/Mar/2025:04:50:31 +0000] "POST /api/oneapp/admin/zone/verify-otp-user HTTP/1.1" 404 - "-" "Mergit/1 CFNetwork/3826.400.120 Darwin/24.3.0"
::ffff:192.168.0.100 - - [25/Mar/2025:04:51:03 +0000] "POST /api/oneapp/admin/zone/send-otp-user HTTP/1.1" 200 - "-" "Mergit/1 CFNetwork/3826.400.120 Darwin/24.3.0"
::ffff:192.168.0.100 - - [25/Mar/2025:04:51:05 +0000] "POST /api/oneapp/admin/zone/verify-otp-user HTTP/1.1" 200 - "-" "Mergit/1 CFNetwork/3826.400.120 Darwin/24.3.0"
::ffff:192.168.0.102 - - [25/Mar/2025:04:51:07 +0000] "POST /api/oneapp/admin/order/place-order HTTP/1.1" 500 - "-" "PostmanRuntime/7.43.2"
::ffff:192.168.0.100 - - [25/Mar/2025:04:52:01 +0000] "POST /api/oneapp/admin/zone/send-otp-user HTTP/1.1" 200 - "-" "Mergit/1 CFNetwork/3826.400.120 Darwin/24.3.0"
::ffff:192.168.0.100 - - [25/Mar/2025:04:52:13 +0000] "POST /api/oneapp/admin/zone/send-otp-user HTTP/1.1" 200 - "-" "Mergit/1 CFNetwork/3826.400.120 Darwin/24.3.0"
::ffff:192.168.0.100 - - [25/Mar/2025:04:52:24 +0000] "POST /api/oneapp/admin/zone/verify-otp-user HTTP/1.1" 200 - "-" "Mergit/1 CFNetwork/3826.400.120 Darwin/24.3.0"
::ffff:192.168.0.100 - - [25/Mar/2025:04:53:09 +0000] "GET /api/oneapp/admin/zone/get-area HTTP/1.1" 200 - "http://localhost:3000/" "Mozilla/5.0 (Windows NT 10.0; Win64; x64) AppleWebKit/537.36 (KHTML, like Gecko) Chrome/134.0.0.0 Safari/537.36"
::ffff:192.168.0.100 - - [25/Mar/2025:04:53:09 +0000] "GET /api/oneapp/admin/zone/get-zone HTTP/1.1" 200 - "http://localhost:3000/" "Mozilla/5.0 (Windows NT 10.0; Win64; x64) AppleWebKit/537.36 (KHTML, like Gecko) Chrome/134.0.0.0 Safari/537.36"
::ffff:192.168.0.100 - - [25/Mar/2025:04:54:22 +0000] "OPTIONS /api/oneapp/admin/zone/update-all-area HTTP/1.1" 204 0 "http://localhost:3000/" "Mozilla/5.0 (Windows NT 10.0; Win64; x64) AppleWebKit/537.36 (KHTML, like Gecko) Chrome/134.0.0.0 Safari/537.36"
::ffff:192.168.0.100 - - [25/Mar/2025:04:54:22 +0000] "PATCH /api/oneapp/admin/zone/update-all-area HTTP/1.1" 200 - "http://localhost:3000/" "Mozilla/5.0 (Windows NT 10.0; Win64; x64) AppleWebKit/537.36 (KHTML, like Gecko) Chrome/134.0.0.0 Safari/537.36"
::ffff:192.168.0.100 - - [25/Mar/2025:04:54:22 +0000] "GET /api/oneapp/admin/zone/get-area HTTP/1.1" 200 - "http://localhost:3000/" "Mozilla/5.0 (Windows NT 10.0; Win64; x64) AppleWebKit/537.36 (KHTML, like Gecko) Chrome/134.0.0.0 Safari/537.36"
::ffff:192.168.0.100 - - [25/Mar/2025:04:54:33 +0000] "OPTIONS /api/oneapp/admin/zone/update-all-area HTTP/1.1" 204 0 "http://localhost:3000/" "Mozilla/5.0 (Windows NT 10.0; Win64; x64) AppleWebKit/537.36 (KHTML, like Gecko) Chrome/134.0.0.0 Safari/537.36"
::ffff:192.168.0.100 - - [25/Mar/2025:04:54:33 +0000] "PATCH /api/oneapp/admin/zone/update-all-area HTTP/1.1" 200 - "http://localhost:3000/" "Mozilla/5.0 (Windows NT 10.0; Win64; x64) AppleWebKit/537.36 (KHTML, like Gecko) Chrome/134.0.0.0 Safari/537.36"
::ffff:192.168.0.100 - - [25/Mar/2025:04:54:33 +0000] "GET /api/oneapp/admin/zone/get-area HTTP/1.1" 200 - "http://localhost:3000/" "Mozilla/5.0 (Windows NT 10.0; Win64; x64) AppleWebKit/537.36 (KHTML, like Gecko) Chrome/134.0.0.0 Safari/537.36"
::ffff:192.168.0.100 - - [25/Mar/2025:04:54:50 +0000] "POST /api/oneapp/admin/zone/send-otp-user HTTP/1.1" 200 - "-" "Mergit/1 CFNetwork/3826.400.120 Darwin/24.3.0"
::ffff:192.168.0.100 - - [25/Mar/2025:04:54:53 +0000] "POST /api/oneapp/admin/zone/verify-otp-user HTTP/1.1" 200 - "-" "Mergit/1 CFNetwork/3826.400.120 Darwin/24.3.0"
::ffff:192.168.0.100 - - [25/Mar/2025:04:55:55 +0000] "OPTIONS /api/oneapp/admin/zone/update-all-area HTTP/1.1" 204 0 "http://localhost:3000/" "Mozilla/5.0 (Windows NT 10.0; Win64; x64) AppleWebKit/537.36 (KHTML, like Gecko) Chrome/134.0.0.0 Safari/537.36"
::ffff:192.168.0.100 - - [25/Mar/2025:04:55:55 +0000] "PATCH /api/oneapp/admin/zone/update-all-area HTTP/1.1" 200 - "http://localhost:3000/" "Mozilla/5.0 (Windows NT 10.0; Win64; x64) AppleWebKit/537.36 (KHTML, like Gecko) Chrome/134.0.0.0 Safari/537.36"
::ffff:192.168.0.100 - - [25/Mar/2025:04:55:55 +0000] "GET /api/oneapp/admin/zone/get-area HTTP/1.1" 200 - "http://localhost:3000/" "Mozilla/5.0 (Windows NT 10.0; Win64; x64) AppleWebKit/537.36 (KHTML, like Gecko) Chrome/134.0.0.0 Safari/537.36"
::ffff:192.168.0.100 - - [25/Mar/2025:05:00:54 +0000] "GET /api/oneapp/admin/zone/get-area HTTP/1.1" 200 - "http://localhost:3000/" "Mozilla/5.0 (Windows NT 10.0; Win64; x64) AppleWebKit/537.36 (KHTML, like Gecko) Chrome/134.0.0.0 Safari/537.36"
::ffff:192.168.0.100 - - [25/Mar/2025:05:00:54 +0000] "GET /api/oneapp/admin/zone/get-zone HTTP/1.1" 200 - "http://localhost:3000/" "Mozilla/5.0 (Windows NT 10.0; Win64; x64) AppleWebKit/537.36 (KHTML, like Gecko) Chrome/134.0.0.0 Safari/537.36"
::ffff:192.168.0.102 - - [25/Mar/2025:05:04:34 +0000] "POST /api/oneapp/admin/order/place-order HTTP/1.1" 400 - "-" "PostmanRuntime/7.43.2"
::ffff:192.168.0.102 - - [25/Mar/2025:05:06:06 +0000] "POST /api/oneapp/admin/order/place-order HTTP/1.1" - - "-" "PostmanRuntime/7.43.2"
::ffff:192.168.0.102 - - [25/Mar/2025:05:07:05 +0000] "POST /api/oneapp/admin/order/place-order HTTP/1.1" 201 - "-" "PostmanRuntime/7.43.2"
::ffff:192.168.0.100 - - [25/Mar/2025:05:08:03 +0000] "GET /api/oneapp/admin/zone/get-area HTTP/1.1" 200 - "http://localhost:3000/" "Mozilla/5.0 (Windows NT 10.0; Win64; x64) AppleWebKit/537.36 (KHTML, like Gecko) Chrome/134.0.0.0 Safari/537.36"
::ffff:192.168.0.100 - - [25/Mar/2025:05:08:03 +0000] "GET /api/oneapp/admin/zone/get-zone HTTP/1.1" 200 - "http://localhost:3000/" "Mozilla/5.0 (Windows NT 10.0; Win64; x64) AppleWebKit/537.36 (KHTML, like Gecko) Chrome/134.0.0.0 Safari/537.36"
::ffff:192.168.0.100 - - [25/Mar/2025:05:08:05 +0000] "GET /api/oneapp/admin/zone/get-area HTTP/1.1" 200 - "http://localhost:3000/" "Mozilla/5.0 (Windows NT 10.0; Win64; x64) AppleWebKit/537.36 (KHTML, like Gecko) Chrome/134.0.0.0 Safari/537.36"
::ffff:192.168.0.100 - - [25/Mar/2025:05:08:05 +0000] "GET /api/oneapp/admin/zone/get-zone HTTP/1.1" 200 - "http://localhost:3000/" "Mozilla/5.0 (Windows NT 10.0; Win64; x64) AppleWebKit/537.36 (KHTML, like Gecko) Chrome/134.0.0.0 Safari/537.36"
::ffff:192.168.0.100 - - [25/Mar/2025:05:08:07 +0000] "GET /api/oneapp/admin/zone/get-area HTTP/1.1" 200 - "http://localhost:3000/" "Mozilla/5.0 (Windows NT 10.0; Win64; x64) AppleWebKit/537.36 (KHTML, like Gecko) Chrome/134.0.0.0 Safari/537.36"
::ffff:192.168.0.100 - - [25/Mar/2025:05:08:07 +0000] "GET /api/oneapp/admin/zone/get-zone HTTP/1.1" 200 - "http://localhost:3000/" "Mozilla/5.0 (Windows NT 10.0; Win64; x64) AppleWebKit/537.36 (KHTML, like Gecko) Chrome/134.0.0.0 Safari/537.36"
::ffff:192.168.0.100 - - [25/Mar/2025:05:08:09 +0000] "GET /api/oneapp/admin/zone/get-area HTTP/1.1" 200 - "http://localhost:3000/" "Mozilla/5.0 (Windows NT 10.0; Win64; x64) AppleWebKit/537.36 (KHTML, like Gecko) Chrome/134.0.0.0 Safari/537.36"
::ffff:192.168.0.100 - - [25/Mar/2025:05:08:09 +0000] "GET /api/oneapp/admin/zone/get-zone HTTP/1.1" 200 - "http://localhost:3000/" "Mozilla/5.0 (Windows NT 10.0; Win64; x64) AppleWebKit/537.36 (KHTML, like Gecko) Chrome/134.0.0.0 Safari/537.36"
::ffff:192.168.0.100 - - [25/Mar/2025:05:08:09 +0000] "GET /api/oneapp/admin/zone/get-area HTTP/1.1" 200 - "http://localhost:3000/" "Mozilla/5.0 (Windows NT 10.0; Win64; x64) AppleWebKit/537.36 (KHTML, like Gecko) Chrome/134.0.0.0 Safari/537.36"
::ffff:192.168.0.100 - - [25/Mar/2025:05:08:09 +0000] "GET /api/oneapp/admin/zone/get-zone HTTP/1.1" 200 - "http://localhost:3000/" "Mozilla/5.0 (Windows NT 10.0; Win64; x64) AppleWebKit/537.36 (KHTML, like Gecko) Chrome/134.0.0.0 Safari/537.36"
::ffff:192.168.0.100 - - [25/Mar/2025:05:08:10 +0000] "GET /api/oneapp/admin/zone/get-area HTTP/1.1" 200 - "http://localhost:3000/" "Mozilla/5.0 (Windows NT 10.0; Win64; x64) AppleWebKit/537.36 (KHTML, like Gecko) Chrome/134.0.0.0 Safari/537.36"
::ffff:192.168.0.100 - - [25/Mar/2025:05:08:10 +0000] "GET /api/oneapp/admin/zone/get-zone HTTP/1.1" 200 - "http://localhost:3000/" "Mozilla/5.0 (Windows NT 10.0; Win64; x64) AppleWebKit/537.36 (KHTML, like Gecko) Chrome/134.0.0.0 Safari/537.36"
::ffff:192.168.0.100 - - [25/Mar/2025:05:08:14 +0000] "GET /api/oneapp/admin/zone/get-area HTTP/1.1" 200 - "http://localhost:3000/" "Mozilla/5.0 (Windows NT 10.0; Win64; x64) AppleWebKit/537.36 (KHTML, like Gecko) Chrome/134.0.0.0 Safari/537.36"
::ffff:192.168.0.100 - - [25/Mar/2025:05:08:14 +0000] "GET /api/oneapp/admin/zone/get-zone HTTP/1.1" 200 - "http://localhost:3000/" "Mozilla/5.0 (Windows NT 10.0; Win64; x64) AppleWebKit/537.36 (KHTML, like Gecko) Chrome/134.0.0.0 Safari/537.36"
::ffff:192.168.0.100 - - [25/Mar/2025:05:09:01 +0000] "GET /api/oneapp/admin/zone/get-zone HTTP/1.1" 200 - "http://localhost:3000/" "Mozilla/5.0 (Windows NT 10.0; Win64; x64) AppleWebKit/537.36 (KHTML, like Gecko) Chrome/134.0.0.0 Safari/537.36"
::ffff:192.168.0.100 - - [25/Mar/2025:05:09:01 +0000] "GET /api/oneapp/admin/zone/get-area HTTP/1.1" 200 - "http://localhost:3000/" "Mozilla/5.0 (Windows NT 10.0; Win64; x64) AppleWebKit/537.36 (KHTML, like Gecko) Chrome/134.0.0.0 Safari/537.36"
