::ffff:192.168.0.100 - - [24/Mar/2025:09:37:50 +0000] "PATCH /api/oneapp/admin/zone/update-all-area HTTP/1.1" 200 - "http://localhost:3000/" "Mozilla/5.0 (Windows NT 10.0; Win64; x64) AppleWebKit/537.36 (KHTML, like Gecko) Chrome/134.0.0.0 Safari/537.36"
::ffff:192.168.0.100 - - [24/Mar/2025:09:37:50 +0000] "GET /api/oneapp/admin/zone/get-area HTTP/1.1" 200 - "http://localhost:3000/" "Mozilla/5.0 (Windows NT 10.0; Win64; x64) AppleWebKit/537.36 (KHTML, like Gecko) Chrome/134.0.0.0 Safari/537.36"
::ffff:192.168.0.108 - - [24/Mar/2025:09:38:07 +0000] "POST /api/oneapp/admin/zone/verify-otp-user HTTP/1.1" 200 - "-" "PostmanRuntime/7.43.2"
::ffff:192.168.0.100 - - [24/Mar/2025:09:38:17 +0000] "OPTIONS /api/oneapp/admin/zone/update-all-area HTTP/1.1" 204 0 "http://localhost:3000/" "Mozilla/5.0 (Windows NT 10.0; Win64; x64) AppleWebKit/537.36 (KHTML, like Gecko) Chrome/134.0.0.0 Safari/537.36"
::ffff:192.168.0.100 - - [24/Mar/2025:09:38:17 +0000] "PATCH /api/oneapp/admin/zone/update-all-area HTTP/1.1" 200 - "http://localhost:3000/" "Mozilla/5.0 (Windows NT 10.0; Win64; x64) AppleWebKit/537.36 (KHTML, like Gecko) Chrome/134.0.0.0 Safari/537.36"
::ffff:192.168.0.100 - - [24/Mar/2025:09:38:17 +0000] "GET /api/oneapp/admin/zone/get-area HTTP/1.1" 200 - "http://localhost:3000/" "Mozilla/5.0 (Windows NT 10.0; Win64; x64) AppleWebKit/537.36 (KHTML, like Gecko) Chrome/134.0.0.0 Safari/537.36"
::ffff:192.168.0.100 - - [24/Mar/2025:09:39:00 +0000] "OPTIONS /api/oneapp/admin/zone/update-all-area HTTP/1.1" 204 0 "http://localhost:3000/" "Mozilla/5.0 (Windows NT 10.0; Win64; x64) AppleWebKit/537.36 (KHTML, like Gecko) Chrome/134.0.0.0 Safari/537.36"
::ffff:192.168.0.100 - - [24/Mar/2025:09:39:00 +0000] "PATCH /api/oneapp/admin/zone/update-all-area HTTP/1.1" 200 - "http://localhost:3000/" "Mozilla/5.0 (Windows NT 10.0; Win64; x64) AppleWebKit/537.36 (KHTML, like Gecko) Chrome/134.0.0.0 Safari/537.36"
::ffff:192.168.0.100 - - [24/Mar/2025:09:39:00 +0000] "GET /api/oneapp/admin/zone/get-area HTTP/1.1" 200 - "http://localhost:3000/" "Mozilla/5.0 (Windows NT 10.0; Win64; x64) AppleWebKit/537.36 (KHTML, like Gecko) Chrome/134.0.0.0 Safari/537.36"
::ffff:192.168.0.100 - - [24/Mar/2025:09:39:52 +0000] "OPTIONS /api/oneapp/admin/zone/update-all-area HTTP/1.1" 204 0 "http://localhost:3000/" "Mozilla/5.0 (Windows NT 10.0; Win64; x64) AppleWebKit/537.36 (KHTML, like Gecko) Chrome/134.0.0.0 Safari/537.36"
::ffff:192.168.0.100 - - [24/Mar/2025:09:39:52 +0000] "PATCH /api/oneapp/admin/zone/update-all-area HTTP/1.1" 200 - "http://localhost:3000/" "Mozilla/5.0 (Windows NT 10.0; Win64; x64) AppleWebKit/537.36 (KHTML, like Gecko) Chrome/134.0.0.0 Safari/537.36"
::ffff:192.168.0.100 - - [24/Mar/2025:09:39:52 +0000] "GET /api/oneapp/admin/zone/get-area HTTP/1.1" 200 - "http://localhost:3000/" "Mozilla/5.0 (Windows NT 10.0; Win64; x64) AppleWebKit/537.36 (KHTML, like Gecko) Chrome/134.0.0.0 Safari/537.36"
::ffff:192.168.0.134 - - [24/Mar/2025:09:42:24 +0000] "POST /api/oneapp/admin/zone/send-otp-user HTTP/1.1" 200 - "-" "Expo/1017655 CFNetwork/3826.400.120 Darwin/24.3.0"
::ffff:192.168.0.102 - - [24/Mar/2025:09:44:32 +0000] "POST /api/oneapp/admin/zone/send-otp-user HTTP/1.1" 200 - "-" "PostmanRuntime/7.43.2"
::ffff:192.168.0.102 - - [24/Mar/2025:09:44:43 +0000] "POST /api/oneapp/admin/zone/verify-otp-user HTTP/1.1" 200 - "-" "PostmanRuntime/7.43.2"
::ffff:192.168.0.100 - - [24/Mar/2025:09:45:27 +0000] "GET /api/oneapp/admin/zone/get-area HTTP/1.1" 200 - "http://localhost:3000/" "Mozilla/5.0 (Windows NT 10.0; Win64; x64) AppleWebKit/537.36 (KHTML, like Gecko) Chrome/134.0.0.0 Safari/537.36"
::ffff:192.168.0.100 - - [24/Mar/2025:09:45:27 +0000] "GET /api/oneapp/admin/zone/get-zone HTTP/1.1" 200 - "http://localhost:3000/" "Mozilla/5.0 (Windows NT 10.0; Win64; x64) AppleWebKit/537.36 (KHTML, like Gecko) Chrome/134.0.0.0 Safari/537.36"
::ffff:192.168.0.102 - - [24/Mar/2025:09:45:29 +0000] "POST /api/oneapp/admin/zone/update-user-details HTTP/1.1" 200 - "-" "PostmanRuntime/7.43.2"
::ffff:192.168.0.134 - - [24/Mar/2025:09:46:02 +0000] "POST /api/oneapp/admin/zone/send-otp-user HTTP/1.1" 200 - "-" "Expo/1017655 CFNetwork/3826.400.120 Darwin/24.3.0"
::ffff:192.168.0.100 - - [24/Mar/2025:09:46:21 +0000] "OPTIONS /api/oneapp/admin/zone/multiple-all-area HTTP/1.1" 204 0 "http://localhost:3000/" "Mozilla/5.0 (Windows NT 10.0; Win64; x64) AppleWebKit/537.36 (KHTML, like Gecko) Chrome/134.0.0.0 Safari/537.36"
::ffff:192.168.0.100 - - [24/Mar/2025:09:46:21 +0000] "PATCH /api/oneapp/admin/zone/multiple-all-area HTTP/1.1" 200 - "http://localhost:3000/" "Mozilla/5.0 (Windows NT 10.0; Win64; x64) AppleWebKit/537.36 (KHTML, like Gecko) Chrome/134.0.0.0 Safari/537.36"
::ffff:192.168.0.100 - - [24/Mar/2025:09:46:21 +0000] "GET /api/oneapp/admin/zone/get-area HTTP/1.1" 200 - "http://localhost:3000/" "Mozilla/5.0 (Windows NT 10.0; Win64; x64) AppleWebKit/537.36 (KHTML, like Gecko) Chrome/134.0.0.0 Safari/537.36"
::ffff:192.168.0.100 - - [24/Mar/2025:09:46:58 +0000] "OPTIONS /api/oneapp/admin/zone/multiple-all-area HTTP/1.1" 204 0 "http://localhost:3000/" "Mozilla/5.0 (Windows NT 10.0; Win64; x64) AppleWebKit/537.36 (KHTML, like Gecko) Chrome/134.0.0.0 Safari/537.36"
::ffff:192.168.0.100 - - [24/Mar/2025:09:46:58 +0000] "PATCH /api/oneapp/admin/zone/multiple-all-area HTTP/1.1" 200 - "http://localhost:3000/" "Mozilla/5.0 (Windows NT 10.0; Win64; x64) AppleWebKit/537.36 (KHTML, like Gecko) Chrome/134.0.0.0 Safari/537.36"
::ffff:192.168.0.100 - - [24/Mar/2025:09:46:58 +0000] "GET /api/oneapp/admin/zone/get-area HTTP/1.1" 200 - "http://localhost:3000/" "Mozilla/5.0 (Windows NT 10.0; Win64; x64) AppleWebKit/537.36 (KHTML, like Gecko) Chrome/134.0.0.0 Safari/537.36"
::ffff:192.168.0.100 - - [24/Mar/2025:09:47:21 +0000] "OPTIONS /api/oneapp/admin/zone/multiple-all-area HTTP/1.1" 204 0 "http://localhost:3000/" "Mozilla/5.0 (Windows NT 10.0; Win64; x64) AppleWebKit/537.36 (KHTML, like Gecko) Chrome/134.0.0.0 Safari/537.36"
::ffff:192.168.0.100 - - [24/Mar/2025:09:47:22 +0000] "PATCH /api/oneapp/admin/zone/multiple-all-area HTTP/1.1" 200 - "http://localhost:3000/" "Mozilla/5.0 (Windows NT 10.0; Win64; x64) AppleWebKit/537.36 (KHTML, like Gecko) Chrome/134.0.0.0 Safari/537.36"
::ffff:192.168.0.100 - - [24/Mar/2025:09:47:22 +0000] "GET /api/oneapp/admin/zone/get-area HTTP/1.1" 200 - "http://localhost:3000/" "Mozilla/5.0 (Windows NT 10.0; Win64; x64) AppleWebKit/537.36 (KHTML, like Gecko) Chrome/134.0.0.0 Safari/537.36"
::ffff:192.168.0.100 - - [24/Mar/2025:09:47:26 +0000] "GET /api/oneapp/admin/zone/get-area HTTP/1.1" 200 - "http://localhost:3000/" "Mozilla/5.0 (Windows NT 10.0; Win64; x64) AppleWebKit/537.36 (KHTML, like Gecko) Chrome/134.0.0.0 Safari/537.36"
::ffff:192.168.0.100 - - [24/Mar/2025:09:47:26 +0000] "GET /api/oneapp/admin/zone/get-zone HTTP/1.1" 200 - "http://localhost:3000/" "Mozilla/5.0 (Windows NT 10.0; Win64; x64) AppleWebKit/537.36 (KHTML, like Gecko) Chrome/134.0.0.0 Safari/537.36"
::ffff:192.168.0.108 - - [24/Mar/2025:09:49:02 +0000] "GET /api/oneapp/admin/zone/find-sellers?lat=13.021659&long=80.207264 HTTP/1.1" 200 - "-" "PostmanRuntime/7.43.2"
::ffff:192.168.0.100 - - [24/Mar/2025:09:49:06 +0000] "OPTIONS /api/oneapp/admin/zone/create-zone HTTP/1.1" 204 0 "http://localhost:3000/" "Mozilla/5.0 (Windows NT 10.0; Win64; x64) AppleWebKit/537.36 (KHTML, like Gecko) Chrome/134.0.0.0 Safari/537.36"
::ffff:192.168.0.100 - - [24/Mar/2025:09:49:06 +0000] "POST /api/oneapp/admin/zone/create-zone HTTP/1.1" 201 - "http://localhost:3000/" "Mozilla/5.0 (Windows NT 10.0; Win64; x64) AppleWebKit/537.36 (KHTML, like Gecko) Chrome/134.0.0.0 Safari/537.36"
::ffff:192.168.0.100 - - [24/Mar/2025:09:49:06 +0000] "GET /api/oneapp/admin/zone/get-zone HTTP/1.1" 200 - "http://localhost:3000/" "Mozilla/5.0 (Windows NT 10.0; Win64; x64) AppleWebKit/537.36 (KHTML, like Gecko) Chrome/134.0.0.0 Safari/537.36"
::ffff:192.168.0.100 - - [24/Mar/2025:09:49:41 +0000] "OPTIONS /api/oneapp/admin/zone/multiple-all-area HTTP/1.1" 204 0 "http://localhost:3000/" "Mozilla/5.0 (Windows NT 10.0; Win64; x64) AppleWebKit/537.36 (KHTML, like Gecko) Chrome/134.0.0.0 Safari/537.36"
::ffff:192.168.0.100 - - [24/Mar/2025:09:49:41 +0000] "PATCH /api/oneapp/admin/zone/multiple-all-area HTTP/1.1" 200 - "http://localhost:3000/" "Mozilla/5.0 (Windows NT 10.0; Win64; x64) AppleWebKit/537.36 (KHTML, like Gecko) Chrome/134.0.0.0 Safari/537.36"
::ffff:192.168.0.100 - - [24/Mar/2025:09:49:41 +0000] "GET /api/oneapp/admin/zone/get-area HTTP/1.1" 200 - "http://localhost:3000/" "Mozilla/5.0 (Windows NT 10.0; Win64; x64) AppleWebKit/537.36 (KHTML, like Gecko) Chrome/134.0.0.0 Safari/537.36"
::ffff:192.168.0.102 - - [24/Mar/2025:09:54:16 +0000] "POST /api/oneapp/admin/zone/send-otp-seller HTTP/1.1" 200 - "-" "PostmanRuntime/7.43.2"
::ffff:192.168.0.102 - - [24/Mar/2025:09:54:41 +0000] "POST /api/oneapp/admin/zone/send-otp-seller HTTP/1.1" 200 - "-" "PostmanRuntime/7.43.2"
::ffff:192.168.0.102 - - [24/Mar/2025:09:54:49 +0000] "POST /api/oneapp/admin/zone/verify-otp-seller HTTP/1.1" 200 - "-" "PostmanRuntime/7.43.2"
::ffff:192.168.0.100 - - [24/Mar/2025:10:00:01 +0000] "GET /api/oneapp/admin/zone/get-zone HTTP/1.1" 200 - "http://localhost:3000/" "Mozilla/5.0 (Windows NT 10.0; Win64; x64) AppleWebKit/537.36 (KHTML, like Gecko) Chrome/134.0.0.0 Safari/537.36"
::ffff:192.168.0.100 - - [24/Mar/2025:10:00:01 +0000] "GET /api/oneapp/admin/zone/get-area HTTP/1.1" 200 - "http://localhost:3000/" "Mozilla/5.0 (Windows NT 10.0; Win64; x64) AppleWebKit/537.36 (KHTML, like Gecko) Chrome/134.0.0.0 Safari/537.36"
::ffff:192.168.0.100 - - [24/Mar/2025:10:00:01 +0000] "GET /api/oneapp/admin/zone/get-zone HTTP/1.1" 200 - "http://localhost:3000/" "Mozilla/5.0 (Windows NT 10.0; Win64; x64) AppleWebKit/537.36 (KHTML, like Gecko) Chrome/134.0.0.0 Safari/537.36"
::ffff:192.168.0.100 - - [24/Mar/2025:10:00:03 +0000] "GET /api/oneapp/admin/zone/get-area HTTP/1.1" 200 - "http://localhost:3000/" "Mozilla/5.0 (Windows NT 10.0; Win64; x64) AppleWebKit/537.36 (KHTML, like Gecko) Chrome/134.0.0.0 Safari/537.36"
::ffff:192.168.0.104 - - [24/Mar/2025:10:02:05 +0000] "POST /api/oneapp/admin/zone/send-otp-seller HTTP/1.1" 200 - "-" "okhttp/4.12.0"
::ffff:192.168.0.104 - - [24/Mar/2025:10:02:22 +0000] "POST /api/oneapp/admin/zone/verify-otp-seller HTTP/1.1" 200 - "-" "okhttp/4.12.0"
::ffff:192.168.0.104 - - [24/Mar/2025:10:03:31 +0000] "POST /api/oneapp/admin/zone/verify-otp-seller HTTP/1.1" 404 - "-" "okhttp/4.12.0"
::ffff:192.168.0.104 - - [24/Mar/2025:10:03:39 +0000] "POST /api/oneapp/admin/zone/verify-otp-seller HTTP/1.1" 404 - "-" "okhttp/4.12.0"
::ffff:192.168.0.104 - - [24/Mar/2025:10:03:40 +0000] "POST /api/oneapp/admin/zone/verify-otp-seller HTTP/1.1" 404 - "-" "okhttp/4.12.0"
::ffff:192.168.0.104 - - [24/Mar/2025:10:03:48 +0000] "POST /api/oneapp/admin/zone/send-otp-seller HTTP/1.1" 200 - "-" "okhttp/4.12.0"
::ffff:192.168.0.104 - - [24/Mar/2025:10:03:53 +0000] "POST /api/oneapp/admin/zone/verify-otp-seller HTTP/1.1" 200 - "-" "okhttp/4.12.0"
::ffff:192.168.0.100 - - [24/Mar/2025:10:09:24 +0000] "GET /api/oneapp/admin/zone/get-area HTTP/1.1" 200 - "http://localhost:3000/" "Mozilla/5.0 (Windows NT 10.0; Win64; x64) AppleWebKit/537.36 (KHTML, like Gecko) Chrome/134.0.0.0 Safari/537.36"
::ffff:192.168.0.100 - - [24/Mar/2025:10:09:24 +0000] "GET /api/oneapp/admin/zone/get-zone HTTP/1.1" 200 - "http://localhost:3000/" "Mozilla/5.0 (Windows NT 10.0; Win64; x64) AppleWebKit/537.36 (KHTML, like Gecko) Chrome/134.0.0.0 Safari/537.36"
::ffff:192.168.0.104 - - [24/Mar/2025:10:10:20 +0000] "POST /api/oneapp/admin/zone/send-otp-seller HTTP/1.1" 200 - "-" "okhttp/4.12.0"
::ffff:192.168.0.104 - - [24/Mar/2025:10:10:25 +0000] "POST /api/oneapp/admin/zone/verify-otp-seller HTTP/1.1" 404 - "-" "okhttp/4.12.0"
::ffff:192.168.0.104 - - [24/Mar/2025:10:10:32 +0000] "POST /api/oneapp/admin/zone/send-otp-seller HTTP/1.1" 200 - "-" "okhttp/4.12.0"
::ffff:192.168.0.104 - - [24/Mar/2025:10:10:35 +0000] "POST /api/oneapp/admin/zone/verify-otp-seller HTTP/1.1" 200 - "-" "okhttp/4.12.0"
::ffff:192.168.0.100 - - [24/Mar/2025:10:10:55 +0000] "GET /api/oneapp/admin/zone/get-zone HTTP/1.1" 200 - "http://localhost:3000/" "Mozilla/5.0 (Windows NT 10.0; Win64; x64) AppleWebKit/537.36 (KHTML, like Gecko) Chrome/134.0.0.0 Safari/537.36"
::ffff:192.168.0.100 - - [24/Mar/2025:10:10:55 +0000] "GET /api/oneapp/admin/zone/get-area HTTP/1.1" 200 - "http://localhost:3000/" "Mozilla/5.0 (Windows NT 10.0; Win64; x64) AppleWebKit/537.36 (KHTML, like Gecko) Chrome/134.0.0.0 Safari/537.36"
::ffff:192.168.0.134 - - [24/Mar/2025:10:11:19 +0000] "POST /api/oneapp/admin/zone/send-otp-user HTTP/1.1" 200 - "-" "Expo/1017655 CFNetwork/3826.400.120 Darwin/24.3.0"
::ffff:192.168.0.100 - - [24/Mar/2025:10:11:30 +0000] "GET /api/oneapp/admin/zone/get-area HTTP/1.1" 200 - "http://localhost:3000/" "Mozilla/5.0 (Windows NT 10.0; Win64; x64) AppleWebKit/537.36 (KHTML, like Gecko) Chrome/134.0.0.0 Safari/537.36"
::ffff:192.168.0.100 - - [24/Mar/2025:10:11:30 +0000] "GET /api/oneapp/admin/zone/get-zone HTTP/1.1" 200 - "http://localhost:3000/" "Mozilla/5.0 (Windows NT 10.0; Win64; x64) AppleWebKit/537.36 (KHTML, like Gecko) Chrome/134.0.0.0 Safari/537.36"
::ffff:192.168.0.100 - - [24/Mar/2025:10:19:10 +0000] "GET /api/oneapp/admin/zone/get-zone HTTP/1.1" 200 - "http://localhost:3000/" "Mozilla/5.0 (Windows NT 10.0; Win64; x64) AppleWebKit/537.36 (KHTML, like Gecko) Chrome/134.0.0.0 Safari/537.36"
::ffff:192.168.0.100 - - [24/Mar/2025:10:19:10 +0000] "GET /api/oneapp/admin/zone/get-area HTTP/1.1" 200 - "http://localhost:3000/" "Mozilla/5.0 (Windows NT 10.0; Win64; x64) AppleWebKit/537.36 (KHTML, like Gecko) Chrome/134.0.0.0 Safari/537.36"
::ffff:192.168.0.100 - - [24/Mar/2025:10:21:14 +0000] "GET /api/oneapp/admin/zone/get-area HTTP/1.1" 200 - "http://localhost:3000/" "Mozilla/5.0 (Windows NT 10.0; Win64; x64) AppleWebKit/537.36 (KHTML, like Gecko) Chrome/134.0.0.0 Safari/537.36"
::ffff:192.168.0.100 - - [24/Mar/2025:10:21:14 +0000] "GET /api/oneapp/admin/zone/get-zone HTTP/1.1" 200 - "http://localhost:3000/" "Mozilla/5.0 (Windows NT 10.0; Win64; x64) AppleWebKit/537.36 (KHTML, like Gecko) Chrome/134.0.0.0 Safari/537.36"
::ffff:192.168.0.100 - - [24/Mar/2025:10:21:14 +0000] "GET /api/oneapp/admin/zone/get-area HTTP/1.1" 200 - "http://localhost:3000/" "Mozilla/5.0 (Windows NT 10.0; Win64; x64) AppleWebKit/537.36 (KHTML, like Gecko) Chrome/134.0.0.0 Safari/537.36"
::ffff:192.168.0.100 - - [24/Mar/2025:10:21:14 +0000] "GET /api/oneapp/admin/zone/get-zone HTTP/1.1" 200 - "http://localhost:3000/" "Mozilla/5.0 (Windows NT 10.0; Win64; x64) AppleWebKit/537.36 (KHTML, like Gecko) Chrome/134.0.0.0 Safari/537.36"
::ffff:192.168.0.134 - - [24/Mar/2025:10:24:46 +0000] "POST /api/oneapp/admin/zone/send-otp-user HTTP/1.1" 200 - "-" "Expo/1017655 CFNetwork/3826.400.120 Darwin/24.3.0"
::ffff:192.168.0.100 - - [24/Mar/2025:10:24:54 +0000] "GET /api/oneapp/admin/zone/get-area HTTP/1.1" 200 - "http://localhost:3000/" "Mozilla/5.0 (Windows NT 10.0; Win64; x64) AppleWebKit/537.36 (KHTML, like Gecko) Chrome/134.0.0.0 Safari/537.36"
::ffff:192.168.0.100 - - [24/Mar/2025:10:24:54 +0000] "GET /api/oneapp/admin/zone/get-zone HTTP/1.1" 200 - "http://localhost:3000/" "Mozilla/5.0 (Windows NT 10.0; Win64; x64) AppleWebKit/537.36 (KHTML, like Gecko) Chrome/134.0.0.0 Safari/537.36"
::ffff:192.168.0.134 - - [24/Mar/2025:10:25:49 +0000] "POST /api/oneapp/admin/zone/send-otp-user HTTP/1.1" 200 - "-" "Expo/1017655 CFNetwork/3826.400.120 Darwin/24.3.0"
::ffff:192.168.0.134 - - [24/Mar/2025:10:33:47 +0000] "POST /api/oneapp/admin/zone/send-otp-user HTTP/1.1" 200 - "-" "Expo/1017655 CFNetwork/3826.400.120 Darwin/24.3.0"
::ffff:192.168.0.108 - - [24/Mar/2025:10:34:09 +0000] "POST /api/oneapp/admin/zone/send-otp-user HTTP/1.1" 200 - "-" "Mergit/1 CFNetwork/3826.400.120 Darwin/24.3.0"
::ffff:192.168.0.134 - - [24/Mar/2025:10:35:42 +0000] "POST /api/oneapp/admin/zone/send-otp-user HTTP/1.1" 200 - "-" "Expo/1017655 CFNetwork/3826.400.120 Darwin/24.3.0"
::ffff:192.168.0.100 - - [24/Mar/2025:10:36:55 +0000] "OPTIONS /api/oneapp/admin/zone/multiple-all-area HTTP/1.1" 204 0 "http://localhost:3000/" "Mozilla/5.0 (Windows NT 10.0; Win64; x64) AppleWebKit/537.36 (KHTML, like Gecko) Chrome/134.0.0.0 Safari/537.36"
::ffff:192.168.0.100 - - [24/Mar/2025:10:36:55 +0000] "PATCH /api/oneapp/admin/zone/multiple-all-area HTTP/1.1" 200 - "http://localhost:3000/" "Mozilla/5.0 (Windows NT 10.0; Win64; x64) AppleWebKit/537.36 (KHTML, like Gecko) Chrome/134.0.0.0 Safari/537.36"
::ffff:192.168.0.100 - - [24/Mar/2025:10:36:55 +0000] "GET /api/oneapp/admin/zone/get-area HTTP/1.1" 200 - "http://localhost:3000/" "Mozilla/5.0 (Windows NT 10.0; Win64; x64) AppleWebKit/537.36 (KHTML, like Gecko) Chrome/134.0.0.0 Safari/537.36"
::ffff:192.168.0.102 - - [24/Mar/2025:10:37:42 +0000] "POST /api/oneapp/admin/zone/send-otp-seller HTTP/1.1" 200 - "-" "PostmanRuntime/7.43.2"
::ffff:192.168.0.102 - - [24/Mar/2025:10:37:46 +0000] "POST /api/oneapp/admin/zone/verify-otp-seller HTTP/1.1" 200 - "-" "PostmanRuntime/7.43.2"
::ffff:192.168.0.102 - - [24/Mar/2025:10:38:26 +0000] "POST /api/oneapp/admin/zone/verify-otp-seller HTTP/1.1" 404 - "-" "PostmanRuntime/7.43.2"
::ffff:192.168.0.102 - - [24/Mar/2025:10:38:43 +0000] "POST /api/oneapp/admin/zone/send-otp-seller HTTP/1.1" 200 - "-" "PostmanRuntime/7.43.2"
::ffff:192.168.0.102 - - [24/Mar/2025:10:38:51 +0000] "POST /api/oneapp/admin/zone/verify-otp-seller HTTP/1.1" - - "-" "PostmanRuntime/7.43.2"
::ffff:192.168.0.102 - - [24/Mar/2025:10:39:26 +0000] "POST /api/oneapp/admin/zone/send-otp-user HTTP/1.1" 200 - "-" "PostmanRuntime/7.43.2"
::ffff:192.168.0.102 - - [24/Mar/2025:10:39:33 +0000] "POST /api/oneapp/admin/zone/verify-otp-user HTTP/1.1" - - "-" "PostmanRuntime/7.43.2"
::ffff:192.168.0.102 - - [24/Mar/2025:10:39:38 +0000] "POST /api/oneapp/admin/zone/verify-otp-user HTTP/1.1" 404 - "-" "PostmanRuntime/7.43.2"
::ffff:192.168.0.102 - - [24/Mar/2025:10:39:45 +0000] "POST /api/oneapp/admin/zone/send-otp-user HTTP/1.1" 200 - "-" "PostmanRuntime/7.43.2"
::ffff:192.168.0.102 - - [24/Mar/2025:10:39:50 +0000] "POST /api/oneapp/admin/zone/verify-otp-user HTTP/1.1" 200 - "-" "PostmanRuntime/7.43.2"
::ffff:192.168.0.134 - - [24/Mar/2025:10:40:42 +0000] "POST /api/oneapp/admin/zone/send-otp-user HTTP/1.1" 200 - "-" "Expo/1017655 CFNetwork/3826.400.120 Darwin/24.3.0"
::ffff:192.168.0.100 - - [24/Mar/2025:10:41:18 +0000] "GET /api/oneapp/admin/zone/get-area HTTP/1.1" 200 - "http://localhost:3000/" "Mozilla/5.0 (Windows NT 10.0; Win64; x64) AppleWebKit/537.36 (KHTML, like Gecko) Chrome/134.0.0.0 Safari/537.36"
::ffff:192.168.0.100 - - [24/Mar/2025:10:41:18 +0000] "GET /api/oneapp/admin/zone/get-zone HTTP/1.1" 200 - "http://localhost:3000/" "Mozilla/5.0 (Windows NT 10.0; Win64; x64) AppleWebKit/537.36 (KHTML, like Gecko) Chrome/134.0.0.0 Safari/537.36"
::ffff:192.168.0.100 - - [24/Mar/2025:10:41:18 +0000] "GET /api/oneapp/admin/zone/get-area HTTP/1.1" 200 - "http://localhost:3000/" "Mozilla/5.0 (Windows NT 10.0; Win64; x64) AppleWebKit/537.36 (KHTML, like Gecko) Chrome/134.0.0.0 Safari/537.36"
::ffff:192.168.0.100 - - [24/Mar/2025:10:41:18 +0000] "GET /api/oneapp/admin/zone/get-zone HTTP/1.1" 200 - "http://localhost:3000/" "Mozilla/5.0 (Windows NT 10.0; Win64; x64) AppleWebKit/537.36 (KHTML, like Gecko) Chrome/134.0.0.0 Safari/537.36"
::ffff:192.168.0.100 - - [24/Mar/2025:10:41:40 +0000] "GET /api/oneapp/admin/zone/get-area HTTP/1.1" 200 - "http://localhost:3000/" "Mozilla/5.0 (Windows NT 10.0; Win64; x64) AppleWebKit/537.36 (KHTML, like Gecko) Chrome/134.0.0.0 Safari/537.36"
::ffff:192.168.0.100 - - [24/Mar/2025:10:41:40 +0000] "GET /api/oneapp/admin/zone/get-zone HTTP/1.1" 200 - "http://localhost:3000/" "Mozilla/5.0 (Windows NT 10.0; Win64; x64) AppleWebKit/537.36 (KHTML, like Gecko) Chrome/134.0.0.0 Safari/537.36"
::ffff:192.168.0.100 - - [24/Mar/2025:10:41:40 +0000] "GET /api/oneapp/admin/zone/get-area HTTP/1.1" 200 - "http://localhost:3000/" "Mozilla/5.0 (Windows NT 10.0; Win64; x64) AppleWebKit/537.36 (KHTML, like Gecko) Chrome/134.0.0.0 Safari/537.36"
::ffff:192.168.0.100 - - [24/Mar/2025:10:41:40 +0000] "GET /api/oneapp/admin/zone/get-zone HTTP/1.1" 200 - "http://localhost:3000/" "Mozilla/5.0 (Windows NT 10.0; Win64; x64) AppleWebKit/537.36 (KHTML, like Gecko) Chrome/134.0.0.0 Safari/537.36"
::ffff:192.168.0.100 - - [24/Mar/2025:10:41:43 +0000] "GET /api/oneapp/admin/zone/get-area HTTP/1.1" 200 - "http://localhost:3000/" "Mozilla/5.0 (Windows NT 10.0; Win64; x64) AppleWebKit/537.36 (KHTML, like Gecko) Chrome/134.0.0.0 Safari/537.36"
::ffff:192.168.0.100 - - [24/Mar/2025:10:41:43 +0000] "GET /api/oneapp/admin/zone/get-zone HTTP/1.1" 200 - "http://localhost:3000/" "Mozilla/5.0 (Windows NT 10.0; Win64; x64) AppleWebKit/537.36 (KHTML, like Gecko) Chrome/134.0.0.0 Safari/537.36"
::ffff:192.168.0.100 - - [24/Mar/2025:10:41:43 +0000] "GET /api/oneapp/admin/zone/get-area HTTP/1.1" 200 - "http://localhost:3000/" "Mozilla/5.0 (Windows NT 10.0; Win64; x64) AppleWebKit/537.36 (KHTML, like Gecko) Chrome/134.0.0.0 Safari/537.36"
::ffff:192.168.0.100 - - [24/Mar/2025:10:41:43 +0000] "GET /api/oneapp/admin/zone/get-zone HTTP/1.1" 200 - "http://localhost:3000/" "Mozilla/5.0 (Windows NT 10.0; Win64; x64) AppleWebKit/537.36 (KHTML, like Gecko) Chrome/134.0.0.0 Safari/537.36"
::ffff:192.168.0.100 - - [24/Mar/2025:10:41:44 +0000] "GET /api/oneapp/admin/zone/get-area HTTP/1.1" 200 - "http://localhost:3000/" "Mozilla/5.0 (Windows NT 10.0; Win64; x64) AppleWebKit/537.36 (KHTML, like Gecko) Chrome/134.0.0.0 Safari/537.36"
::ffff:192.168.0.100 - - [24/Mar/2025:10:41:44 +0000] "GET /api/oneapp/admin/zone/get-zone HTTP/1.1" 200 - "http://localhost:3000/" "Mozilla/5.0 (Windows NT 10.0; Win64; x64) AppleWebKit/537.36 (KHTML, like Gecko) Chrome/134.0.0.0 Safari/537.36"
::ffff:192.168.0.100 - - [24/Mar/2025:10:41:44 +0000] "GET /api/oneapp/admin/zone/get-zone HTTP/1.1" 200 - "http://localhost:3000/" "Mozilla/5.0 (Windows NT 10.0; Win64; x64) AppleWebKit/537.36 (KHTML, like Gecko) Chrome/134.0.0.0 Safari/537.36"
::ffff:192.168.0.100 - - [24/Mar/2025:10:41:45 +0000] "GET /api/oneapp/admin/zone/get-area HTTP/1.1" 200 - "http://localhost:3000/" "Mozilla/5.0 (Windows NT 10.0; Win64; x64) AppleWebKit/537.36 (KHTML, like Gecko) Chrome/134.0.0.0 Safari/537.36"
::ffff:192.168.0.100 - - [24/Mar/2025:10:42:00 +0000] "GET /api/oneapp/admin/zone/get-area HTTP/1.1" 200 - "http://localhost:3000/" "Mozilla/5.0 (Windows NT 10.0; Win64; x64) AppleWebKit/537.36 (KHTML, like Gecko) Chrome/134.0.0.0 Safari/537.36"
::ffff:192.168.0.100 - - [24/Mar/2025:10:42:00 +0000] "GET /api/oneapp/admin/zone/get-zone HTTP/1.1" 200 - "http://localhost:3000/" "Mozilla/5.0 (Windows NT 10.0; Win64; x64) AppleWebKit/537.36 (KHTML, like Gecko) Chrome/134.0.0.0 Safari/537.36"
::ffff:192.168.0.100 - - [24/Mar/2025:10:42:00 +0000] "GET /api/oneapp/admin/zone/get-area HTTP/1.1" 200 - "http://localhost:3000/" "Mozilla/5.0 (Windows NT 10.0; Win64; x64) AppleWebKit/537.36 (KHTML, like Gecko) Chrome/134.0.0.0 Safari/537.36"
::ffff:192.168.0.100 - - [24/Mar/2025:10:42:00 +0000] "GET /api/oneapp/admin/zone/get-zone HTTP/1.1" 200 - "http://localhost:3000/" "Mozilla/5.0 (Windows NT 10.0; Win64; x64) AppleWebKit/537.36 (KHTML, like Gecko) Chrome/134.0.0.0 Safari/537.36"
::ffff:192.168.0.104 - - [24/Mar/2025:10:43:56 +0000] "POST /api/oneapp/admin/zone/send-otp-seller HTTP/1.1" 200 - "-" "PostmanRuntime/7.43.2"
::ffff:192.168.0.104 - - [24/Mar/2025:10:44:05 +0000] "POST /api/oneapp/admin/zone/verify-otp-seller HTTP/1.1" 200 - "-" "PostmanRuntime/7.43.2"
::ffff:192.168.0.102 - - [24/Mar/2025:10:45:03 +0000] "POST /api/oneapp/admin/zone/verify-otp-user HTTP/1.1" 404 - "-" "PostmanRuntime/7.43.2"
::ffff:192.168.0.102 - - [24/Mar/2025:10:45:35 +0000] "POST /api/oneapp/admin/zone/send-otp-seller HTTP/1.1" 200 - "-" "PostmanRuntime/7.43.2"
::ffff:192.168.0.102 - - [24/Mar/2025:10:45:39 +0000] "POST /api/oneapp/admin/zone/verify-otp-seller HTTP/1.1" 200 - "-" "PostmanRuntime/7.43.2"
::ffff:192.168.0.102 - - [24/Mar/2025:10:45:56 +0000] "POST /api/oneapp/admin/zone/send-otp-seller HTTP/1.1" 200 - "-" "PostmanRuntime/7.43.2"
::ffff:192.168.0.102 - - [24/Mar/2025:10:46:08 +0000] "POST /api/oneapp/admin/zone/verify-otp-seller HTTP/1.1" 200 - "-" "PostmanRuntime/7.43.2"
::ffff:192.168.0.104 - - [24/Mar/2025:10:46:21 +0000] "POST /api/oneapp/admin/zone/verify-otp-seller HTTP/1.1" 404 - "-" "PostmanRuntime/7.43.2"
::ffff:192.168.0.104 - - [24/Mar/2025:10:46:25 +0000] "POST /api/oneapp/admin/zone/send-otp-seller HTTP/1.1" 200 - "-" "PostmanRuntime/7.43.2"
::ffff:192.168.0.104 - - [24/Mar/2025:10:46:29 +0000] "POST /api/oneapp/admin/zone/verify-otp-seller HTTP/1.1" 200 - "-" "PostmanRuntime/7.43.2"
::ffff:192.168.0.100 - - [24/Mar/2025:10:48:23 +0000] "GET /api/oneapp/admin/zone/get-area HTTP/1.1" 200 - "http://localhost:3000/" "Mozilla/5.0 (Windows NT 10.0; Win64; x64) AppleWebKit/537.36 (KHTML, like Gecko) Chrome/134.0.0.0 Safari/537.36"
::ffff:192.168.0.100 - - [24/Mar/2025:10:48:23 +0000] "GET /api/oneapp/admin/zone/get-zone HTTP/1.1" 200 - "http://localhost:3000/" "Mozilla/5.0 (Windows NT 10.0; Win64; x64) AppleWebKit/537.36 (KHTML, like Gecko) Chrome/134.0.0.0 Safari/537.36"
::ffff:192.168.0.104 - - [24/Mar/2025:10:50:03 +0000] "POST /api/oneapp/admin/zone/add-category-seller HTTP/1.1" 500 - "-" "PostmanRuntime/7.43.2"
::ffff:192.168.0.104 - - [24/Mar/2025:10:50:11 +0000] "POST /api/oneapp/admin/zone/add-category-seller HTTP/1.1" 500 - "-" "PostmanRuntime/7.43.2"
::ffff:192.168.0.102 - - [24/Mar/2025:10:51:28 +0000] "POST /api/oneapp/admin/zone/send-otp-seller HTTP/1.1" 200 - "-" "PostmanRuntime/7.43.2"
::ffff:192.168.0.102 - - [24/Mar/2025:10:51:42 +0000] "POST /api/oneapp/admin/zone/verify-otp-seller HTTP/1.1" 200 - "-" "PostmanRuntime/7.43.2"
::ffff:192.168.0.102 - - [24/Mar/2025:10:51:51 +0000] "POST /api/oneapp/admin/zone/send-otp-user HTTP/1.1" 200 - "-" "PostmanRuntime/7.43.2"
::ffff:192.168.0.102 - - [24/Mar/2025:10:51:57 +0000] "POST /api/oneapp/admin/zone/verify-otp-user HTTP/1.1" 200 - "-" "PostmanRuntime/7.43.2"
::ffff:192.168.0.102 - - [24/Mar/2025:10:52:07 +0000] "POST /api/oneapp/admin/zone/send-otp-user HTTP/1.1" 200 - "-" "PostmanRuntime/7.43.2"
::ffff:192.168.0.102 - - [24/Mar/2025:10:52:14 +0000] "POST /api/oneapp/admin/zone/verify-otp-user HTTP/1.1" 200 - "-" "PostmanRuntime/7.43.2"
::ffff:192.168.0.100 - - [24/Mar/2025:10:55:34 +0000] "OPTIONS /api/oneapp/admin/zone/multiple-all-area HTTP/1.1" 204 0 "http://localhost:3000/" "Mozilla/5.0 (Windows NT 10.0; Win64; x64) AppleWebKit/537.36 (KHTML, like Gecko) Chrome/134.0.0.0 Safari/537.36"
::ffff:192.168.0.100 - - [24/Mar/2025:10:55:34 +0000] "PATCH /api/oneapp/admin/zone/multiple-all-area HTTP/1.1" 200 - "http://localhost:3000/" "Mozilla/5.0 (Windows NT 10.0; Win64; x64) AppleWebKit/537.36 (KHTML, like Gecko) Chrome/134.0.0.0 Safari/537.36"
::ffff:192.168.0.100 - - [24/Mar/2025:10:55:34 +0000] "GET /api/oneapp/admin/zone/get-area HTTP/1.1" 200 - "http://localhost:3000/" "Mozilla/5.0 (Windows NT 10.0; Win64; x64) AppleWebKit/537.36 (KHTML, like Gecko) Chrome/134.0.0.0 Safari/537.36"
::ffff:192.168.0.100 - - [24/Mar/2025:11:32:57 +0000] "GET /api/oneapp/admin/zone/get-zone HTTP/1.1" 200 - "http://localhost:3000/" "Mozilla/5.0 (Windows NT 10.0; Win64; x64) AppleWebKit/537.36 (KHTML, like Gecko) Chrome/134.0.0.0 Safari/537.36"
::ffff:192.168.0.100 - - [24/Mar/2025:11:32:57 +0000] "GET /api/oneapp/admin/zone/get-area HTTP/1.1" 200 - "http://localhost:3000/" "Mozilla/5.0 (Windows NT 10.0; Win64; x64) AppleWebKit/537.36 (KHTML, like Gecko) Chrome/134.0.0.0 Safari/537.36"
::ffff:192.168.0.100 - - [24/Mar/2025:11:35:35 +0000] "GET /api/oneapp/admin/zone/get-zone HTTP/1.1" 200 - "http://localhost:3000/" "Mozilla/5.0 (Windows NT 10.0; Win64; x64) AppleWebKit/537.36 (KHTML, like Gecko) Chrome/134.0.0.0 Safari/537.36"
::ffff:192.168.0.100 - - [24/Mar/2025:11:35:35 +0000] "GET /api/oneapp/admin/zone/get-area HTTP/1.1" 200 - "http://localhost:3000/" "Mozilla/5.0 (Windows NT 10.0; Win64; x64) AppleWebKit/537.36 (KHTML, like Gecko) Chrome/134.0.0.0 Safari/537.36"
::ffff:192.168.0.100 - - [24/Mar/2025:11:35:55 +0000] "GET /api/oneapp/admin/zone/get-area HTTP/1.1" 200 - "http://localhost:3000/" "Mozilla/5.0 (Windows NT 10.0; Win64; x64) AppleWebKit/537.36 (KHTML, like Gecko) Chrome/134.0.0.0 Safari/537.36"
::ffff:192.168.0.100 - - [24/Mar/2025:11:35:55 +0000] "GET /api/oneapp/admin/zone/get-zone HTTP/1.1" - - "http://localhost:3000/" "Mozilla/5.0 (Windows NT 10.0; Win64; x64) AppleWebKit/537.36 (KHTML, like Gecko) Chrome/134.0.0.0 Safari/537.36"
::ffff:192.168.0.100 - - [24/Mar/2025:11:35:55 +0000] "GET /api/oneapp/admin/zone/get-area HTTP/1.1" 200 - "http://localhost:3000/" "Mozilla/5.0 (Windows NT 10.0; Win64; x64) AppleWebKit/537.36 (KHTML, like Gecko) Chrome/134.0.0.0 Safari/537.36"
::ffff:192.168.0.100 - - [24/Mar/2025:11:35:55 +0000] "GET /api/oneapp/admin/zone/get-zone HTTP/1.1" 200 - "http://localhost:3000/" "Mozilla/5.0 (Windows NT 10.0; Win64; x64) AppleWebKit/537.36 (KHTML, like Gecko) Chrome/134.0.0.0 Safari/537.36"
::ffff:192.168.0.108 - - [24/Mar/2025:11:42:56 +0000] "POST /api/oneapp/admin/zone/send-otp-user HTTP/1.1" 200 - "-" "Mergit/1 CFNetwork/3826.400.120 Darwin/24.3.0"
::ffff:192.168.0.100 - - [24/Mar/2025:11:45:38 +0000] "GET /api/oneapp/admin/zone/get-area HTTP/1.1" 200 - "http://localhost:3000/" "Mozilla/5.0 (Windows NT 10.0; Win64; x64) AppleWebKit/537.36 (KHTML, like Gecko) Chrome/134.0.0.0 Safari/537.36"
::ffff:192.168.0.100 - - [24/Mar/2025:11:45:38 +0000] "GET /api/oneapp/admin/zone/get-zone HTTP/1.1" 200 - "http://localhost:3000/" "Mozilla/5.0 (Windows NT 10.0; Win64; x64) AppleWebKit/537.36 (KHTML, like Gecko) Chrome/134.0.0.0 Safari/537.36"
::ffff:192.168.0.100 - - [24/Mar/2025:11:46:29 +0000] "GET /api/oneapp/admin/zone/get-area HTTP/1.1" 200 - "http://localhost:3000/" "Mozilla/5.0 (Windows NT 10.0; Win64; x64) AppleWebKit/537.36 (KHTML, like Gecko) Chrome/134.0.0.0 Safari/537.36"
::ffff:192.168.0.100 - - [24/Mar/2025:11:46:29 +0000] "GET /api/oneapp/admin/zone/get-zone HTTP/1.1" 200 - "http://localhost:3000/" "Mozilla/5.0 (Windows NT 10.0; Win64; x64) AppleWebKit/537.36 (KHTML, like Gecko) Chrome/134.0.0.0 Safari/537.36"
::ffff:192.168.0.100 - - [24/Mar/2025:11:48:41 +0000] "OPTIONS /api/oneapp/admin/zone/update-all-area HTTP/1.1" 204 0 "http://localhost:3000/" "Mozilla/5.0 (Windows NT 10.0; Win64; x64) AppleWebKit/537.36 (KHTML, like Gecko) Chrome/134.0.0.0 Safari/537.36"
::ffff:192.168.0.100 - - [24/Mar/2025:11:48:41 +0000] "PATCH /api/oneapp/admin/zone/update-all-area HTTP/1.1" 200 - "http://localhost:3000/" "Mozilla/5.0 (Windows NT 10.0; Win64; x64) AppleWebKit/537.36 (KHTML, like Gecko) Chrome/134.0.0.0 Safari/537.36"
::ffff:192.168.0.100 - - [24/Mar/2025:11:48:41 +0000] "GET /api/oneapp/admin/zone/get-area HTTP/1.1" 200 - "http://localhost:3000/" "Mozilla/5.0 (Windows NT 10.0; Win64; x64) AppleWebKit/537.36 (KHTML, like Gecko) Chrome/134.0.0.0 Safari/537.36"
::ffff:192.168.0.100 - - [24/Mar/2025:11:50:09 +0000] "OPTIONS /api/oneapp/admin/zone/update-all-area HTTP/1.1" 204 0 "http://localhost:3000/" "Mozilla/5.0 (Windows NT 10.0; Win64; x64) AppleWebKit/537.36 (KHTML, like Gecko) Chrome/134.0.0.0 Safari/537.36"
::ffff:192.168.0.100 - - [24/Mar/2025:11:50:09 +0000] "PATCH /api/oneapp/admin/zone/update-all-area HTTP/1.1" 200 - "http://localhost:3000/" "Mozilla/5.0 (Windows NT 10.0; Win64; x64) AppleWebKit/537.36 (KHTML, like Gecko) Chrome/134.0.0.0 Safari/537.36"
::ffff:192.168.0.100 - - [24/Mar/2025:11:50:09 +0000] "GET /api/oneapp/admin/zone/get-area HTTP/1.1" 200 - "http://localhost:3000/" "Mozilla/5.0 (Windows NT 10.0; Win64; x64) AppleWebKit/537.36 (KHTML, like Gecko) Chrome/134.0.0.0 Safari/537.36"
::ffff:192.168.0.100 - - [24/Mar/2025:11:51:00 +0000] "OPTIONS /api/oneapp/admin/zone/update-all-area HTTP/1.1" 204 0 "http://localhost:3000/" "Mozilla/5.0 (Windows NT 10.0; Win64; x64) AppleWebKit/537.36 (KHTML, like Gecko) Chrome/134.0.0.0 Safari/537.36"
::ffff:192.168.0.100 - - [24/Mar/2025:11:51:00 +0000] "PATCH /api/oneapp/admin/zone/update-all-area HTTP/1.1" 200 - "http://localhost:3000/" "Mozilla/5.0 (Windows NT 10.0; Win64; x64) AppleWebKit/537.36 (KHTML, like Gecko) Chrome/134.0.0.0 Safari/537.36"
::ffff:192.168.0.100 - - [24/Mar/2025:11:51:00 +0000] "GET /api/oneapp/admin/zone/get-area HTTP/1.1" 200 - "http://localhost:3000/" "Mozilla/5.0 (Windows NT 10.0; Win64; x64) AppleWebKit/537.36 (KHTML, like Gecko) Chrome/134.0.0.0 Safari/537.36"
::ffff:192.168.0.100 - - [24/Mar/2025:11:52:45 +0000] "OPTIONS /api/oneapp/admin/zone/update-all-area HTTP/1.1" 204 0 "http://localhost:3000/" "Mozilla/5.0 (Windows NT 10.0; Win64; x64) AppleWebKit/537.36 (KHTML, like Gecko) Chrome/134.0.0.0 Safari/537.36"
::ffff:192.168.0.100 - - [24/Mar/2025:11:52:45 +0000] "PATCH /api/oneapp/admin/zone/update-all-area HTTP/1.1" 200 - "http://localhost:3000/" "Mozilla/5.0 (Windows NT 10.0; Win64; x64) AppleWebKit/537.36 (KHTML, like Gecko) Chrome/134.0.0.0 Safari/537.36"
::ffff:192.168.0.100 - - [24/Mar/2025:11:52:46 +0000] "GET /api/oneapp/admin/zone/get-area HTTP/1.1" 200 - "http://localhost:3000/" "Mozilla/5.0 (Windows NT 10.0; Win64; x64) AppleWebKit/537.36 (KHTML, like Gecko) Chrome/134.0.0.0 Safari/537.36"
::ffff:192.168.0.108 - - [24/Mar/2025:11:52:58 +0000] "POST /api/oneapp/admin/zone/send-otp-user HTTP/1.1" 200 - "-" "Mergit/1 CFNetwork/3826.400.120 Darwin/24.3.0"
::ffff:192.168.0.108 - - [24/Mar/2025:11:53:23 +0000] "POST /api/oneapp/admin/zone/verify-otp-user HTTP/1.1" 404 - "-" "PostmanRuntime/7.43.2"
::ffff:192.168.0.100 - - [24/Mar/2025:11:53:47 +0000] "GET /api/oneapp/admin/zone/get-zone HTTP/1.1" 200 - "http://localhost:3000/" "Mozilla/5.0 (Windows NT 10.0; Win64; x64) AppleWebKit/537.36 (KHTML, like Gecko) Chrome/134.0.0.0 Safari/537.36"
::ffff:192.168.0.100 - - [24/Mar/2025:11:53:47 +0000] "GET /api/oneapp/admin/zone/get-area HTTP/1.1" 200 - "http://localhost:3000/" "Mozilla/5.0 (Windows NT 10.0; Win64; x64) AppleWebKit/537.36 (KHTML, like Gecko) Chrome/134.0.0.0 Safari/537.36"
::ffff:192.168.0.100 - - [24/Mar/2025:11:54:07 +0000] "OPTIONS /api/oneapp/admin/zone/multiple-all-area HTTP/1.1" 204 0 "http://localhost:3000/" "Mozilla/5.0 (Windows NT 10.0; Win64; x64) AppleWebKit/537.36 (KHTML, like Gecko) Chrome/134.0.0.0 Safari/537.36"
::ffff:192.168.0.100 - - [24/Mar/2025:11:54:07 +0000] "PATCH /api/oneapp/admin/zone/multiple-all-area HTTP/1.1" 200 - "http://localhost:3000/" "Mozilla/5.0 (Windows NT 10.0; Win64; x64) AppleWebKit/537.36 (KHTML, like Gecko) Chrome/134.0.0.0 Safari/537.36"
::ffff:192.168.0.100 - - [24/Mar/2025:11:54:07 +0000] "GET /api/oneapp/admin/zone/get-area HTTP/1.1" 200 - "http://localhost:3000/" "Mozilla/5.0 (Windows NT 10.0; Win64; x64) AppleWebKit/537.36 (KHTML, like Gecko) Chrome/134.0.0.0 Safari/537.36"
::ffff:192.168.0.108 - - [24/Mar/2025:11:54:10 +0000] "POST /api/oneapp/admin/zone/send-otp-user HTTP/1.1" 200 - "-" "Mergit/1 CFNetwork/3826.400.120 Darwin/24.3.0"
::ffff:192.168.0.108 - - [24/Mar/2025:11:54:18 +0000] "POST /api/oneapp/admin/zone/send-otp-user HTTP/1.1" 200 - "-" "Mergit/1 CFNetwork/3826.400.120 Darwin/24.3.0"
::ffff:192.168.0.100 - - [24/Mar/2025:11:54:29 +0000] "OPTIONS /api/oneapp/admin/zone/multiple-all-area HTTP/1.1" 204 0 "http://localhost:3000/" "Mozilla/5.0 (Windows NT 10.0; Win64; x64) AppleWebKit/537.36 (KHTML, like Gecko) Chrome/134.0.0.0 Safari/537.36"
::ffff:192.168.0.100 - - [24/Mar/2025:11:54:29 +0000] "PATCH /api/oneapp/admin/zone/multiple-all-area HTTP/1.1" 200 - "http://localhost:3000/" "Mozilla/5.0 (Windows NT 10.0; Win64; x64) AppleWebKit/537.36 (KHTML, like Gecko) Chrome/134.0.0.0 Safari/537.36"
::ffff:192.168.0.100 - - [24/Mar/2025:11:54:29 +0000] "GET /api/oneapp/admin/zone/get-area HTTP/1.1" 200 - "http://localhost:3000/" "Mozilla/5.0 (Windows NT 10.0; Win64; x64) AppleWebKit/537.36 (KHTML, like Gecko) Chrome/134.0.0.0 Safari/537.36"
::ffff:192.168.0.100 - - [24/Mar/2025:11:55:25 +0000] "OPTIONS /api/oneapp/admin/zone/multiple-all-area HTTP/1.1" 204 0 "http://localhost:3000/" "Mozilla/5.0 (Windows NT 10.0; Win64; x64) AppleWebKit/537.36 (KHTML, like Gecko) Chrome/134.0.0.0 Safari/537.36"
::ffff:192.168.0.100 - - [24/Mar/2025:11:55:25 +0000] "PATCH /api/oneapp/admin/zone/multiple-all-area HTTP/1.1" 200 - "http://localhost:3000/" "Mozilla/5.0 (Windows NT 10.0; Win64; x64) AppleWebKit/537.36 (KHTML, like Gecko) Chrome/134.0.0.0 Safari/537.36"
::ffff:192.168.0.100 - - [24/Mar/2025:11:55:25 +0000] "GET /api/oneapp/admin/zone/get-area HTTP/1.1" 200 - "http://localhost:3000/" "Mozilla/5.0 (Windows NT 10.0; Win64; x64) AppleWebKit/537.36 (KHTML, like Gecko) Chrome/134.0.0.0 Safari/537.36"
::ffff:192.168.0.108 - - [24/Mar/2025:11:55:28 +0000] "POST /api/oneapp/admin/zone/send-otp-user HTTP/1.1" 200 - "-" "Mergit/1 CFNetwork/3826.400.120 Darwin/24.3.0"
::ffff:192.168.0.108 - - [24/Mar/2025:11:55:32 +0000] "POST /api/oneapp/admin/zone/send-otp-user HTTP/1.1" 200 - "-" "Mergit/1 CFNetwork/3826.400.120 Darwin/24.3.0"
::ffff:192.168.0.108 - - [24/Mar/2025:11:55:40 +0000] "POST /api/oneapp/admin/zone/verify-otp-user HTTP/1.1" 404 - "-" "PostmanRuntime/7.43.2"
::ffff:192.168.0.108 - - [24/Mar/2025:11:56:18 +0000] "POST /api/oneapp/admin/zone/send-otp-user HTTP/1.1" 200 - "-" "PostmanRuntime/7.43.2"
::ffff:192.168.0.108 - - [24/Mar/2025:11:56:22 +0000] "POST /api/oneapp/admin/zone/verify-otp-user HTTP/1.1" 200 - "-" "PostmanRuntime/7.43.2"
::ffff:192.168.0.100 - - [24/Mar/2025:11:56:41 +0000] "OPTIONS /api/oneapp/admin/zone/multiple-all-area HTTP/1.1" 204 0 "http://localhost:3000/" "Mozilla/5.0 (Windows NT 10.0; Win64; x64) AppleWebKit/537.36 (KHTML, like Gecko) Chrome/134.0.0.0 Safari/537.36"
::ffff:192.168.0.100 - - [24/Mar/2025:11:56:41 +0000] "PATCH /api/oneapp/admin/zone/multiple-all-area HTTP/1.1" 200 - "http://localhost:3000/" "Mozilla/5.0 (Windows NT 10.0; Win64; x64) AppleWebKit/537.36 (KHTML, like Gecko) Chrome/134.0.0.0 Safari/537.36"
::ffff:192.168.0.100 - - [24/Mar/2025:11:56:41 +0000] "GET /api/oneapp/admin/zone/get-area HTTP/1.1" 200 - "http://localhost:3000/" "Mozilla/5.0 (Windows NT 10.0; Win64; x64) AppleWebKit/537.36 (KHTML, like Gecko) Chrome/134.0.0.0 Safari/537.36"
::ffff:192.168.0.108 - - [24/Mar/2025:11:57:01 +0000] "POST /api/oneapp/admin/zone/send-otp-user HTTP/1.1" 200 - "-" "Mergit/1 CFNetwork/3826.400.120 Darwin/24.3.0"
::ffff:192.168.0.108 - - [24/Mar/2025:11:57:06 +0000] "POST /api/oneapp/admin/zone/send-otp-user HTTP/1.1" 200 - "-" "Mergit/1 CFNetwork/3826.400.120 Darwin/24.3.0"
::ffff:192.168.0.100 - - [24/Mar/2025:11:57:21 +0000] "OPTIONS /api/oneapp/admin/zone/multiple-all-area HTTP/1.1" 204 0 "http://localhost:3000/" "Mozilla/5.0 (Windows NT 10.0; Win64; x64) AppleWebKit/537.36 (KHTML, like Gecko) Chrome/134.0.0.0 Safari/537.36"
::ffff:192.168.0.100 - - [24/Mar/2025:11:57:21 +0000] "PATCH /api/oneapp/admin/zone/multiple-all-area HTTP/1.1" 200 - "http://localhost:3000/" "Mozilla/5.0 (Windows NT 10.0; Win64; x64) AppleWebKit/537.36 (KHTML, like Gecko) Chrome/134.0.0.0 Safari/537.36"
::ffff:192.168.0.100 - - [24/Mar/2025:11:57:21 +0000] "GET /api/oneapp/admin/zone/get-area HTTP/1.1" 200 - "http://localhost:3000/" "Mozilla/5.0 (Windows NT 10.0; Win64; x64) AppleWebKit/537.36 (KHTML, like Gecko) Chrome/134.0.0.0 Safari/537.36"
::ffff:192.168.0.100 - - [24/Mar/2025:11:57:30 +0000] "GET /api/oneapp/admin/zone/get-area HTTP/1.1" 200 - "http://localhost:3000/" "Mozilla/5.0 (Windows NT 10.0; Win64; x64) AppleWebKit/537.36 (KHTML, like Gecko) Chrome/134.0.0.0 Safari/537.36"
::ffff:192.168.0.100 - - [24/Mar/2025:11:57:30 +0000] "GET /api/oneapp/admin/zone/get-zone HTTP/1.1" 200 - "http://localhost:3000/" "Mozilla/5.0 (Windows NT 10.0; Win64; x64) AppleWebKit/537.36 (KHTML, like Gecko) Chrome/134.0.0.0 Safari/537.36"
::ffff:192.168.0.108 - - [24/Mar/2025:11:58:32 +0000] "POST /api/oneapp/admin/zone/send-otp-user HTTP/1.1" 200 - "-" "Mergit/1 CFNetwork/3826.400.120 Darwin/24.3.0"
::ffff:192.168.0.108 - - [24/Mar/2025:11:58:36 +0000] "POST /api/oneapp/admin/zone/send-otp-user HTTP/1.1" 200 - "-" "Mergit/1 CFNetwork/3826.400.120 Darwin/24.3.0"
::ffff:192.168.0.100 - - [24/Mar/2025:11:59:14 +0000] "OPTIONS /api/oneapp/admin/zone/update-all-area HTTP/1.1" 204 0 "http://localhost:3000/" "Mozilla/5.0 (Windows NT 10.0; Win64; x64) AppleWebKit/537.36 (KHTML, like Gecko) Chrome/134.0.0.0 Safari/537.36"
::ffff:192.168.0.100 - - [24/Mar/2025:11:59:14 +0000] "PATCH /api/oneapp/admin/zone/update-all-area HTTP/1.1" 200 - "http://localhost:3000/" "Mozilla/5.0 (Windows NT 10.0; Win64; x64) AppleWebKit/537.36 (KHTML, like Gecko) Chrome/134.0.0.0 Safari/537.36"
::ffff:192.168.0.100 - - [24/Mar/2025:11:59:14 +0000] "GET /api/oneapp/admin/zone/get-area HTTP/1.1" 200 - "http://localhost:3000/" "Mozilla/5.0 (Windows NT 10.0; Win64; x64) AppleWebKit/537.36 (KHTML, like Gecko) Chrome/134.0.0.0 Safari/537.36"
::ffff:192.168.0.108 - - [24/Mar/2025:12:00:16 +0000] "POST /api/oneapp/admin/zone/send-otp-user HTTP/1.1" 200 - "-" "Mergit/1 CFNetwork/3826.400.120 Darwin/24.3.0"
::ffff:192.168.0.108 - - [24/Mar/2025:12:00:21 +0000] "POST /api/oneapp/admin/zone/send-otp-user HTTP/1.1" 200 - "-" "Mergit/1 CFNetwork/3826.400.120 Darwin/24.3.0"
::ffff:192.168.0.108 - - [24/Mar/2025:12:01:11 +0000] "POST /api/oneapp/admin/zone/send-otp-user HTTP/1.1" 200 - "-" "Mergit/1 CFNetwork/3826.400.120 Darwin/24.3.0"
::ffff:192.168.0.108 - - [24/Mar/2025:12:01:18 +0000] "POST /api/oneapp/admin/zone/send-otp-user HTTP/1.1" 200 - "-" "Mergit/1 CFNetwork/3826.400.120 Darwin/24.3.0"
::ffff:192.168.0.100 - - [24/Mar/2025:12:01:34 +0000] "OPTIONS /api/oneapp/admin/zone/update-all-area HTTP/1.1" 204 0 "http://localhost:3000/" "Mozilla/5.0 (Windows NT 10.0; Win64; x64) AppleWebKit/537.36 (KHTML, like Gecko) Chrome/134.0.0.0 Safari/537.36"
::ffff:192.168.0.100 - - [24/Mar/2025:12:01:34 +0000] "PATCH /api/oneapp/admin/zone/update-all-area HTTP/1.1" 200 - "http://localhost:3000/" "Mozilla/5.0 (Windows NT 10.0; Win64; x64) AppleWebKit/537.36 (KHTML, like Gecko) Chrome/134.0.0.0 Safari/537.36"
::ffff:192.168.0.100 - - [24/Mar/2025:12:01:34 +0000] "GET /api/oneapp/admin/zone/get-area HTTP/1.1" 200 - "http://localhost:3000/" "Mozilla/5.0 (Windows NT 10.0; Win64; x64) AppleWebKit/537.36 (KHTML, like Gecko) Chrome/134.0.0.0 Safari/537.36"
::ffff:192.168.0.108 - - [24/Mar/2025:12:01:57 +0000] "POST /api/oneapp/admin/zone/send-otp-user HTTP/1.1" 200 - "-" "Mergit/1 CFNetwork/3826.400.120 Darwin/24.3.0"
::ffff:192.168.0.100 - - [24/Mar/2025:12:02:24 +0000] "OPTIONS /api/oneapp/admin/zone/update-all-area HTTP/1.1" 204 0 "http://localhost:3000/" "Mozilla/5.0 (Windows NT 10.0; Win64; x64) AppleWebKit/537.36 (KHTML, like Gecko) Chrome/134.0.0.0 Safari/537.36"
::ffff:192.168.0.100 - - [24/Mar/2025:12:02:24 +0000] "PATCH /api/oneapp/admin/zone/update-all-area HTTP/1.1" 200 - "http://localhost:3000/" "Mozilla/5.0 (Windows NT 10.0; Win64; x64) AppleWebKit/537.36 (KHTML, like Gecko) Chrome/134.0.0.0 Safari/537.36"
::ffff:192.168.0.100 - - [24/Mar/2025:12:02:25 +0000] "GET /api/oneapp/admin/zone/get-area HTTP/1.1" 200 - "http://localhost:3000/" "Mozilla/5.0 (Windows NT 10.0; Win64; x64) AppleWebKit/537.36 (KHTML, like Gecko) Chrome/134.0.0.0 Safari/537.36"
::ffff:192.168.0.100 - - [24/Mar/2025:12:03:44 +0000] "GET /api/oneapp/admin/zone/get-area HTTP/1.1" 200 - "http://localhost:3000/" "Mozilla/5.0 (Windows NT 10.0; Win64; x64) AppleWebKit/537.36 (KHTML, like Gecko) Chrome/134.0.0.0 Safari/537.36"
::ffff:192.168.0.100 - - [24/Mar/2025:12:03:44 +0000] "GET /api/oneapp/admin/zone/get-zone HTTP/1.1" 200 - "http://localhost:3000/" "Mozilla/5.0 (Windows NT 10.0; Win64; x64) AppleWebKit/537.36 (KHTML, like Gecko) Chrome/134.0.0.0 Safari/537.36"
::ffff:192.168.0.100 - - [24/Mar/2025:12:03:57 +0000] "OPTIONS /api/oneapp/admin/zone/multiple-all-area HTTP/1.1" 204 0 "http://localhost:3000/" "Mozilla/5.0 (Windows NT 10.0; Win64; x64) AppleWebKit/537.36 (KHTML, like Gecko) Chrome/134.0.0.0 Safari/537.36"
::ffff:192.168.0.100 - - [24/Mar/2025:12:03:57 +0000] "PATCH /api/oneapp/admin/zone/multiple-all-area HTTP/1.1" 200 - "http://localhost:3000/" "Mozilla/5.0 (Windows NT 10.0; Win64; x64) AppleWebKit/537.36 (KHTML, like Gecko) Chrome/134.0.0.0 Safari/537.36"
::ffff:192.168.0.100 - - [24/Mar/2025:12:03:57 +0000] "GET /api/oneapp/admin/zone/get-area HTTP/1.1" 200 - "http://localhost:3000/" "Mozilla/5.0 (Windows NT 10.0; Win64; x64) AppleWebKit/537.36 (KHTML, like Gecko) Chrome/134.0.0.0 Safari/537.36"
::ffff:192.168.0.108 - - [24/Mar/2025:12:04:43 +0000] "POST /api/oneapp/admin/zone/send-otp-user HTTP/1.1" 200 - "-" "Mergit/1 CFNetwork/3826.400.120 Darwin/24.3.0"
::ffff:192.168.0.108 - - [24/Mar/2025:12:04:57 +0000] "POST /api/oneapp/admin/zone/send-otp-user HTTP/1.1" 200 - "-" "Mergit/1 CFNetwork/3826.400.120 Darwin/24.3.0"
::ffff:192.168.0.100 - - [24/Mar/2025:12:04:57 +0000] "OPTIONS /api/oneapp/admin/zone/multiple-all-area HTTP/1.1" 204 0 "http://localhost:3000/" "Mozilla/5.0 (Windows NT 10.0; Win64; x64) AppleWebKit/537.36 (KHTML, like Gecko) Chrome/134.0.0.0 Safari/537.36"
::ffff:192.168.0.100 - - [24/Mar/2025:12:04:57 +0000] "PATCH /api/oneapp/admin/zone/multiple-all-area HTTP/1.1" 200 - "http://localhost:3000/" "Mozilla/5.0 (Windows NT 10.0; Win64; x64) AppleWebKit/537.36 (KHTML, like Gecko) Chrome/134.0.0.0 Safari/537.36"
::ffff:192.168.0.100 - - [24/Mar/2025:12:04:57 +0000] "GET /api/oneapp/admin/zone/get-area HTTP/1.1" 200 - "http://localhost:3000/" "Mozilla/5.0 (Windows NT 10.0; Win64; x64) AppleWebKit/537.36 (KHTML, like Gecko) Chrome/134.0.0.0 Safari/537.36"
::ffff:192.168.0.102 - - [24/Mar/2025:12:04:57 +0000] "POST /api/oneapp/admin/zone/send-otp-user HTTP/1.1" 200 - "-" "PostmanRuntime/7.43.2"
::ffff:192.168.0.108 - - [24/Mar/2025:12:05:17 +0000] "POST /api/oneapp/admin/zone/verify-otp-user HTTP/1.1" 401 - "-" "Mergit/1 CFNetwork/3826.400.120 Darwin/24.3.0"
::ffff:192.168.0.108 - - [24/Mar/2025:12:05:20 +0000] "POST /api/oneapp/admin/zone/verify-otp-user HTTP/1.1" 401 - "-" "Mergit/1 CFNetwork/3826.400.120 Darwin/24.3.0"
::ffff:192.168.0.102 - - [24/Mar/2025:12:06:06 +0000] "POST /api/oneapp/admin/zone/send-otp-user HTTP/1.1" 200 - "-" "PostmanRuntime/7.43.2"
::ffff:192.168.0.108 - - [24/Mar/2025:12:06:15 +0000] "POST /api/oneapp/admin/zone/verify-otp-user HTTP/1.1" 404 - "-" "Mergit/1 CFNetwork/3826.400.120 Darwin/24.3.0"
::ffff:192.168.0.102 - - [24/Mar/2025:12:07:34 +0000] "POST /api/oneapp/admin/zone/verify-otp-user HTTP/1.1" 200 - "-" "PostmanRuntime/7.43.2"
::ffff:192.168.0.108 - - [24/Mar/2025:12:07:36 +0000] "POST /api/oneapp/admin/zone/verify-otp-user HTTP/1.1" 404 - "-" "Mergit/1 CFNetwork/3826.400.120 Darwin/24.3.0"
::ffff:192.168.0.108 - - [24/Mar/2025:12:07:43 +0000] "POST /api/oneapp/admin/zone/send-otp-user HTTP/1.1" 200 - "-" "Mergit/1 CFNetwork/3826.400.120 Darwin/24.3.0"
::ffff:192.168.0.108 - - [24/Mar/2025:12:07:46 +0000] "POST /api/oneapp/admin/zone/verify-otp-user HTTP/1.1" 404 - "-" "Mergit/1 CFNetwork/3826.400.120 Darwin/24.3.0"
::ffff:192.168.0.108 - - [24/Mar/2025:12:07:57 +0000] "POST /api/oneapp/admin/zone/verify-otp-user HTTP/1.1" 404 - "-" "PostmanRuntime/7.43.2"
::ffff:192.168.0.108 - - [24/Mar/2025:12:08:03 +0000] "POST /api/oneapp/admin/zone/send-otp-user HTTP/1.1" 200 - "-" "PostmanRuntime/7.43.2"
::ffff:192.168.0.108 - - [24/Mar/2025:12:08:09 +0000] "POST /api/oneapp/admin/zone/verify-otp-user HTTP/1.1" 200 - "-" "PostmanRuntime/7.43.2"
::ffff:192.168.0.108 - - [24/Mar/2025:12:08:12 +0000] "POST /api/oneapp/admin/zone/verify-otp-user HTTP/1.1" 404 - "-" "Mergit/1 CFNetwork/3826.400.120 Darwin/24.3.0"
::ffff:192.168.0.108 - - [24/Mar/2025:12:08:28 +0000] "POST /api/oneapp/admin/zone/send-otp-user HTTP/1.1" 200 - "-" "Mergit/1 CFNetwork/3826.400.120 Darwin/24.3.0"
::ffff:192.168.0.108 - - [24/Mar/2025:12:08:32 +0000] "POST /api/oneapp/admin/zone/verify-otp-user HTTP/1.1" 404 - "-" "Mergit/1 CFNetwork/3826.400.120 Darwin/24.3.0"
::ffff:192.168.0.108 - - [24/Mar/2025:12:08:38 +0000] "POST /api/oneapp/admin/zone/verify-otp-user HTTP/1.1" 404 - "-" "Mergit/1 CFNetwork/3826.400.120 Darwin/24.3.0"
::ffff:192.168.0.108 - - [24/Mar/2025:12:09:38 +0000] "POST /api/oneapp/admin/zone/verify-otp-user HTTP/1.1" 404 - "-" "PostmanRuntime/7.43.2"
::ffff:192.168.0.108 - - [24/Mar/2025:12:09:42 +0000] "POST /api/oneapp/admin/zone/send-otp-user HTTP/1.1" 200 - "-" "PostmanRuntime/7.43.2"
::ffff:192.168.0.108 - - [24/Mar/2025:12:09:45 +0000] "POST /api/oneapp/admin/zone/verify-otp-user HTTP/1.1" 200 - "-" "PostmanRuntime/7.43.2"
::ffff:192.168.0.108 - - [24/Mar/2025:12:10:10 +0000] "POST /api/oneapp/admin/zone/verify-otp-user HTTP/1.1" 404 - "-" "Mergit/1 CFNetwork/3826.400.120 Darwin/24.3.0"
::ffff:192.168.0.108 - - [24/Mar/2025:12:11:09 +0000] "POST /api/oneapp/admin/zone/send-otp-user HTTP/1.1" 200 - "-" "Mergit/1 CFNetwork/3826.400.120 Darwin/24.3.0"
::ffff:192.168.0.108 - - [24/Mar/2025:12:11:14 +0000] "POST /api/oneapp/admin/zone/verify-otp-user HTTP/1.1" 404 - "-" "Mergit/1 CFNetwork/3826.400.120 Darwin/24.3.0"
::ffff:192.168.0.108 - - [24/Mar/2025:12:12:16 +0000] "POST /api/oneapp/admin/zone/send-otp-user HTTP/1.1" 200 - "-" "PostmanRuntime/7.43.2"
::ffff:192.168.0.108 - - [24/Mar/2025:12:12:20 +0000] "POST /api/oneapp/admin/zone/verify-otp-user HTTP/1.1" 404 - "-" "PostmanRuntime/7.43.2"
::ffff:192.168.0.108 - - [24/Mar/2025:12:12:26 +0000] "POST /api/oneapp/admin/zone/send-otp-user HTTP/1.1" 200 - "-" "PostmanRuntime/7.43.2"
::ffff:192.168.0.108 - - [24/Mar/2025:12:12:30 +0000] "POST /api/oneapp/admin/zone/verify-otp-user HTTP/1.1" 200 - "-" "PostmanRuntime/7.43.2"
::ffff:192.168.0.108 - - [24/Mar/2025:12:12:54 +0000] "POST /api/oneapp/admin/zone/send-otp-user HTTP/1.1" 200 - "-" "Mergit/1 CFNetwork/3826.400.120 Darwin/24.3.0"
::ffff:192.168.0.108 - - [24/Mar/2025:12:13:02 +0000] "POST /api/oneapp/admin/zone/verify-otp-user HTTP/1.1" 404 - "-" "Mergit/1 CFNetwork/3826.400.120 Darwin/24.3.0"
