::ffff:192.168.0.100 - - [24/Mar/2025:07:06:51 +0000] "GET /api/oneapp/admin/zone/get-zone HTTP/1.1" 200 - "http://localhost:3000/" "Mozilla/5.0 (Windows NT 10.0; Win64; x64) AppleWebKit/537.36 (KHTML, like Gecko) Chrome/134.0.0.0 Safari/537.36"
::ffff:192.168.0.100 - - [24/Mar/2025:07:06:55 +0000] "GET /api/oneapp/admin/zone/get-area HTTP/1.1" 200 - "http://localhost:3000/" "Mozilla/5.0 (Windows NT 10.0; Win64; x64) AppleWebKit/537.36 (KHTML, like Gecko) Chrome/134.0.0.0 Safari/537.36"
::ffff:192.168.0.100 - - [24/Mar/2025:07:06:55 +0000] "GET /api/oneapp/admin/zone/get-zone HTTP/1.1" 200 - "http://localhost:3000/" "Mozilla/5.0 (Windows NT 10.0; Win64; x64) AppleWebKit/537.36 (KHTML, like Gecko) Chrome/134.0.0.0 Safari/537.36"
::ffff:192.168.0.100 - - [24/Mar/2025:07:06:55 +0000] "GET /api/oneapp/admin/zone/get-area HTTP/1.1" 200 - "http://localhost:3000/" "Mozilla/5.0 (Windows NT 10.0; Win64; x64) AppleWebKit/537.36 (KHTML, like Gecko) Chrome/134.0.0.0 Safari/537.36"
::ffff:192.168.0.100 - - [24/Mar/2025:07:06:55 +0000] "GET /api/oneapp/admin/zone/get-zone HTTP/1.1" 200 - "http://localhost:3000/" "Mozilla/5.0 (Windows NT 10.0; Win64; x64) AppleWebKit/537.36 (KHTML, like Gecko) Chrome/134.0.0.0 Safari/537.36"
::ffff:192.168.0.100 - - [24/Mar/2025:07:07:00 +0000] "GET /api/oneapp/admin/zone/get-area HTTP/1.1" 200 - "http://localhost:3000/" "Mozilla/5.0 (Windows NT 10.0; Win64; x64) AppleWebKit/537.36 (KHTML, like Gecko) Chrome/134.0.0.0 Safari/537.36"
::ffff:192.168.0.100 - - [24/Mar/2025:07:07:00 +0000] "GET /api/oneapp/admin/zone/get-zone HTTP/1.1" 200 - "http://localhost:3000/" "Mozilla/5.0 (Windows NT 10.0; Win64; x64) AppleWebKit/537.36 (KHTML, like Gecko) Chrome/134.0.0.0 Safari/537.36"
::ffff:192.168.0.100 - - [24/Mar/2025:07:09:00 +0000] "GET /api/oneapp/admin/zone/get-area HTTP/1.1" 200 - "http://localhost:3000/" "Mozilla/5.0 (Windows NT 10.0; Win64; x64) AppleWebKit/537.36 (KHTML, like Gecko) Chrome/134.0.0.0 Safari/537.36"
::ffff:192.168.0.100 - - [24/Mar/2025:07:09:00 +0000] "GET /api/oneapp/admin/zone/get-zone HTTP/1.1" 200 - "http://localhost:3000/" "Mozilla/5.0 (Windows NT 10.0; Win64; x64) AppleWebKit/537.36 (KHTML, like Gecko) Chrome/134.0.0.0 Safari/537.36"
::ffff:192.168.0.100 - - [24/Mar/2025:07:10:36 +0000] "GET /api/oneapp/admin/zone/get-zone HTTP/1.1" 200 - "http://localhost:3000/" "Mozilla/5.0 (Windows NT 10.0; Win64; x64) AppleWebKit/537.36 (KHTML, like Gecko) Chrome/134.0.0.0 Safari/537.36"
::ffff:192.168.0.100 - - [24/Mar/2025:07:10:36 +0000] "GET /api/oneapp/admin/zone/get-area HTTP/1.1" 200 - "http://localhost:3000/" "Mozilla/5.0 (Windows NT 10.0; Win64; x64) AppleWebKit/537.36 (KHTML, like Gecko) Chrome/134.0.0.0 Safari/537.36"
::ffff:192.168.0.100 - - [24/Mar/2025:07:12:46 +0000] "GET /api/oneapp/admin/zone/get-area HTTP/1.1" 200 - "http://localhost:3000/" "Mozilla/5.0 (Windows NT 10.0; Win64; x64) AppleWebKit/537.36 (KHTML, like Gecko) Chrome/134.0.0.0 Safari/537.36"
::ffff:192.168.0.100 - - [24/Mar/2025:07:12:46 +0000] "GET /api/oneapp/admin/zone/get-zone HTTP/1.1" 200 - "http://localhost:3000/" "Mozilla/5.0 (Windows NT 10.0; Win64; x64) AppleWebKit/537.36 (KHTML, like Gecko) Chrome/134.0.0.0 Safari/537.36"
::ffff:192.168.0.102 - - [24/Mar/2025:07:21:08 +0000] "POST /api/oneapp/admin/zone/update-user-details HTTP/1.1" 500 - "-" "PostmanRuntime/7.43.2"
::ffff:192.168.0.102 - - [24/Mar/2025:07:22:40 +0000] "POST /api/oneapp/admin/zone/update-user-details HTTP/1.1" 403 - "-" "PostmanRuntime/7.43.2"
::ffff:192.168.0.102 - - [24/Mar/2025:07:23:34 +0000] "POST /api/oneapp/admin/zone/update-user-details HTTP/1.1" - - "-" "PostmanRuntime/7.43.2"
::ffff:192.168.0.102 - - [24/Mar/2025:07:25:01 +0000] "POST /api/oneapp/admin/zone/update-user-details HTTP/1.1" 200 - "-" "PostmanRuntime/7.43.2"
::ffff:192.168.0.100 - - [24/Mar/2025:08:01:50 +0000] "GET /api/oneapp/admin/zone/get-zone HTTP/1.1" 200 - "http://localhost:3000/" "Mozilla/5.0 (Windows NT 10.0; Win64; x64) AppleWebKit/537.36 (KHTML, like Gecko) Chrome/134.0.0.0 Safari/537.36"
::ffff:192.168.0.100 - - [24/Mar/2025:08:01:50 +0000] "GET /api/oneapp/admin/zone/get-area HTTP/1.1" 200 - "http://localhost:3000/" "Mozilla/5.0 (Windows NT 10.0; Win64; x64) AppleWebKit/537.36 (KHTML, like Gecko) Chrome/134.0.0.0 Safari/537.36"
::ffff:192.168.0.100 - - [24/Mar/2025:08:01:51 +0000] "GET /api/oneapp/admin/zone/get-area HTTP/1.1" 200 - "http://localhost:3000/" "Mozilla/5.0 (Windows NT 10.0; Win64; x64) AppleWebKit/537.36 (KHTML, like Gecko) Chrome/134.0.0.0 Safari/537.36"
::ffff:192.168.0.100 - - [24/Mar/2025:08:01:51 +0000] "GET /api/oneapp/admin/zone/get-zone HTTP/1.1" 200 - "http://localhost:3000/" "Mozilla/5.0 (Windows NT 10.0; Win64; x64) AppleWebKit/537.36 (KHTML, like Gecko) Chrome/134.0.0.0 Safari/537.36"
::ffff:192.168.0.100 - - [24/Mar/2025:08:02:09 +0000] "GET /api/oneapp/admin/zone/get-zone HTTP/1.1" 200 - "http://localhost:3000/" "Mozilla/5.0 (Windows NT 10.0; Win64; x64) AppleWebKit/537.36 (KHTML, like Gecko) Chrome/134.0.0.0 Safari/537.36"
::ffff:192.168.0.100 - - [24/Mar/2025:08:02:09 +0000] "GET /api/oneapp/admin/zone/get-area HTTP/1.1" 200 - "http://localhost:3000/" "Mozilla/5.0 (Windows NT 10.0; Win64; x64) AppleWebKit/537.36 (KHTML, like Gecko) Chrome/134.0.0.0 Safari/537.36"
::ffff:192.168.0.100 - - [24/Mar/2025:08:02:17 +0000] "GET /api/oneapp/admin/zone/get-area HTTP/1.1" 200 - "http://localhost:3000/" "Mozilla/5.0 (Windows NT 10.0; Win64; x64) AppleWebKit/537.36 (KHTML, like Gecko) Chrome/134.0.0.0 Safari/537.36"
::ffff:192.168.0.100 - - [24/Mar/2025:08:02:17 +0000] "GET /api/oneapp/admin/zone/get-zone HTTP/1.1" 200 - "http://localhost:3000/" "Mozilla/5.0 (Windows NT 10.0; Win64; x64) AppleWebKit/537.36 (KHTML, like Gecko) Chrome/134.0.0.0 Safari/537.36"
::ffff:192.168.0.100 - - [24/Mar/2025:08:02:17 +0000] "GET /api/oneapp/admin/zone/get-area HTTP/1.1" 200 - "http://localhost:3000/" "Mozilla/5.0 (Windows NT 10.0; Win64; x64) AppleWebKit/537.36 (KHTML, like Gecko) Chrome/134.0.0.0 Safari/537.36"
::ffff:192.168.0.100 - - [24/Mar/2025:08:02:17 +0000] "GET /api/oneapp/admin/zone/get-zone HTTP/1.1" 200 - "http://localhost:3000/" "Mozilla/5.0 (Windows NT 10.0; Win64; x64) AppleWebKit/537.36 (KHTML, like Gecko) Chrome/134.0.0.0 Safari/537.36"
::ffff:192.168.0.100 - - [24/Mar/2025:08:02:24 +0000] "GET /api/oneapp/admin/zone/get-area HTTP/1.1" 200 - "http://localhost:3000/" "Mozilla/5.0 (Windows NT 10.0; Win64; x64) AppleWebKit/537.36 (KHTML, like Gecko) Chrome/134.0.0.0 Safari/537.36"
::ffff:192.168.0.100 - - [24/Mar/2025:08:02:24 +0000] "GET /api/oneapp/admin/zone/get-zone HTTP/1.1" 200 - "http://localhost:3000/" "Mozilla/5.0 (Windows NT 10.0; Win64; x64) AppleWebKit/537.36 (KHTML, like Gecko) Chrome/134.0.0.0 Safari/537.36"
::ffff:192.168.0.100 - - [24/Mar/2025:08:02:28 +0000] "GET /api/oneapp/admin/zone/get-area HTTP/1.1" 200 - "http://localhost:3000/" "Mozilla/5.0 (Windows NT 10.0; Win64; x64) AppleWebKit/537.36 (KHTML, like Gecko) Chrome/134.0.0.0 Safari/537.36"
::ffff:192.168.0.100 - - [24/Mar/2025:08:02:28 +0000] "GET /api/oneapp/admin/zone/get-zone HTTP/1.1" 200 - "http://localhost:3000/" "Mozilla/5.0 (Windows NT 10.0; Win64; x64) AppleWebKit/537.36 (KHTML, like Gecko) Chrome/134.0.0.0 Safari/537.36"
::ffff:192.168.0.100 - - [24/Mar/2025:08:02:38 +0000] "GET /api/oneapp/admin/zone/get-area HTTP/1.1" 200 - "http://localhost:3000/" "Mozilla/5.0 (Windows NT 10.0; Win64; x64) AppleWebKit/537.36 (KHTML, like Gecko) Chrome/134.0.0.0 Safari/537.36"
::ffff:192.168.0.100 - - [24/Mar/2025:08:02:38 +0000] "GET /api/oneapp/admin/zone/get-zone HTTP/1.1" 200 - "http://localhost:3000/" "Mozilla/5.0 (Windows NT 10.0; Win64; x64) AppleWebKit/537.36 (KHTML, like Gecko) Chrome/134.0.0.0 Safari/537.36"
::ffff:192.168.0.100 - - [24/Mar/2025:08:02:51 +0000] "GET /api/oneapp/admin/zone/get-area HTTP/1.1" 200 - "http://localhost:3000/" "Mozilla/5.0 (Windows NT 10.0; Win64; x64) AppleWebKit/537.36 (KHTML, like Gecko) Chrome/134.0.0.0 Safari/537.36"
::ffff:192.168.0.100 - - [24/Mar/2025:08:02:51 +0000] "GET /api/oneapp/admin/zone/get-zone HTTP/1.1" 200 - "http://localhost:3000/" "Mozilla/5.0 (Windows NT 10.0; Win64; x64) AppleWebKit/537.36 (KHTML, like Gecko) Chrome/134.0.0.0 Safari/537.36"
::ffff:192.168.0.100 - - [24/Mar/2025:08:02:51 +0000] "GET /api/oneapp/admin/zone/get-area HTTP/1.1" 200 - "http://localhost:3000/" "Mozilla/5.0 (Windows NT 10.0; Win64; x64) AppleWebKit/537.36 (KHTML, like Gecko) Chrome/134.0.0.0 Safari/537.36"
::ffff:192.168.0.100 - - [24/Mar/2025:08:02:51 +0000] "GET /api/oneapp/admin/zone/get-zone HTTP/1.1" 200 - "http://localhost:3000/" "Mozilla/5.0 (Windows NT 10.0; Win64; x64) AppleWebKit/537.36 (KHTML, like Gecko) Chrome/134.0.0.0 Safari/537.36"
::ffff:192.168.0.100 - - [24/Mar/2025:08:02:51 +0000] "GET /api/oneapp/admin/zone/get-area HTTP/1.1" 200 - "http://localhost:3000/" "Mozilla/5.0 (Windows NT 10.0; Win64; x64) AppleWebKit/537.36 (KHTML, like Gecko) Chrome/134.0.0.0 Safari/537.36"
::ffff:192.168.0.100 - - [24/Mar/2025:08:02:51 +0000] "GET /api/oneapp/admin/zone/get-zone HTTP/1.1" 200 - "http://localhost:3000/" "Mozilla/5.0 (Windows NT 10.0; Win64; x64) AppleWebKit/537.36 (KHTML, like Gecko) Chrome/134.0.0.0 Safari/537.36"
::ffff:192.168.0.100 - - [24/Mar/2025:08:02:51 +0000] "GET /api/oneapp/admin/zone/get-area HTTP/1.1" 200 - "http://localhost:3000/" "Mozilla/5.0 (Windows NT 10.0; Win64; x64) AppleWebKit/537.36 (KHTML, like Gecko) Chrome/134.0.0.0 Safari/537.36"
::ffff:192.168.0.100 - - [24/Mar/2025:08:02:51 +0000] "GET /api/oneapp/admin/zone/get-zone HTTP/1.1" 200 - "http://localhost:3000/" "Mozilla/5.0 (Windows NT 10.0; Win64; x64) AppleWebKit/537.36 (KHTML, like Gecko) Chrome/134.0.0.0 Safari/537.36"
::ffff:192.168.0.100 - - [24/Mar/2025:08:02:52 +0000] "GET /api/oneapp/admin/zone/get-area HTTP/1.1" 200 - "http://localhost:3000/" "Mozilla/5.0 (Windows NT 10.0; Win64; x64) AppleWebKit/537.36 (KHTML, like Gecko) Chrome/134.0.0.0 Safari/537.36"
::ffff:192.168.0.100 - - [24/Mar/2025:08:02:52 +0000] "GET /api/oneapp/admin/zone/get-zone HTTP/1.1" 200 - "http://localhost:3000/" "Mozilla/5.0 (Windows NT 10.0; Win64; x64) AppleWebKit/537.36 (KHTML, like Gecko) Chrome/134.0.0.0 Safari/537.36"
::ffff:192.168.0.100 - - [24/Mar/2025:08:02:52 +0000] "GET /api/oneapp/admin/zone/get-area HTTP/1.1" 200 - "http://localhost:3000/" "Mozilla/5.0 (Windows NT 10.0; Win64; x64) AppleWebKit/537.36 (KHTML, like Gecko) Chrome/134.0.0.0 Safari/537.36"
::ffff:192.168.0.100 - - [24/Mar/2025:08:02:52 +0000] "GET /api/oneapp/admin/zone/get-zone HTTP/1.1" 200 - "http://localhost:3000/" "Mozilla/5.0 (Windows NT 10.0; Win64; x64) AppleWebKit/537.36 (KHTML, like Gecko) Chrome/134.0.0.0 Safari/537.36"
::ffff:192.168.0.100 - - [24/Mar/2025:08:02:52 +0000] "GET /api/oneapp/admin/zone/get-area HTTP/1.1" 200 - "http://localhost:3000/" "Mozilla/5.0 (Windows NT 10.0; Win64; x64) AppleWebKit/537.36 (KHTML, like Gecko) Chrome/134.0.0.0 Safari/537.36"
::ffff:192.168.0.100 - - [24/Mar/2025:08:02:52 +0000] "GET /api/oneapp/admin/zone/get-zone HTTP/1.1" 200 - "http://localhost:3000/" "Mozilla/5.0 (Windows NT 10.0; Win64; x64) AppleWebKit/537.36 (KHTML, like Gecko) Chrome/134.0.0.0 Safari/537.36"
::ffff:192.168.0.100 - - [24/Mar/2025:08:02:52 +0000] "GET /api/oneapp/admin/zone/get-area HTTP/1.1" 200 - "http://localhost:3000/" "Mozilla/5.0 (Windows NT 10.0; Win64; x64) AppleWebKit/537.36 (KHTML, like Gecko) Chrome/134.0.0.0 Safari/537.36"
::ffff:192.168.0.100 - - [24/Mar/2025:08:02:52 +0000] "GET /api/oneapp/admin/zone/get-zone HTTP/1.1" 200 - "http://localhost:3000/" "Mozilla/5.0 (Windows NT 10.0; Win64; x64) AppleWebKit/537.36 (KHTML, like Gecko) Chrome/134.0.0.0 Safari/537.36"
::ffff:192.168.0.100 - - [24/Mar/2025:08:02:52 +0000] "GET /api/oneapp/admin/zone/get-area HTTP/1.1" 200 - "http://localhost:3000/" "Mozilla/5.0 (Windows NT 10.0; Win64; x64) AppleWebKit/537.36 (KHTML, like Gecko) Chrome/134.0.0.0 Safari/537.36"
::ffff:192.168.0.100 - - [24/Mar/2025:08:02:52 +0000] "GET /api/oneapp/admin/zone/get-zone HTTP/1.1" 200 - "http://localhost:3000/" "Mozilla/5.0 (Windows NT 10.0; Win64; x64) AppleWebKit/537.36 (KHTML, like Gecko) Chrome/134.0.0.0 Safari/537.36"
::ffff:192.168.0.100 - - [24/Mar/2025:08:02:52 +0000] "GET /api/oneapp/admin/zone/get-area HTTP/1.1" 200 - "http://localhost:3000/" "Mozilla/5.0 (Windows NT 10.0; Win64; x64) AppleWebKit/537.36 (KHTML, like Gecko) Chrome/134.0.0.0 Safari/537.36"
::ffff:192.168.0.100 - - [24/Mar/2025:08:02:52 +0000] "GET /api/oneapp/admin/zone/get-zone HTTP/1.1" 200 - "http://localhost:3000/" "Mozilla/5.0 (Windows NT 10.0; Win64; x64) AppleWebKit/537.36 (KHTML, like Gecko) Chrome/134.0.0.0 Safari/537.36"
::ffff:192.168.0.100 - - [24/Mar/2025:08:02:58 +0000] "GET /api/oneapp/admin/zone/get-area HTTP/1.1" 200 - "http://localhost:3000/" "Mozilla/5.0 (Windows NT 10.0; Win64; x64) AppleWebKit/537.36 (KHTML, like Gecko) Chrome/134.0.0.0 Safari/537.36"
::ffff:192.168.0.100 - - [24/Mar/2025:08:02:58 +0000] "GET /api/oneapp/admin/zone/get-zone HTTP/1.1" 200 - "http://localhost:3000/" "Mozilla/5.0 (Windows NT 10.0; Win64; x64) AppleWebKit/537.36 (KHTML, like Gecko) Chrome/134.0.0.0 Safari/537.36"
::ffff:192.168.0.100 - - [24/Mar/2025:08:04:23 +0000] "GET /api/oneapp/admin/zone/get-zone HTTP/1.1" 200 - "http://localhost:3000/" "Mozilla/5.0 (Windows NT 10.0; Win64; x64) AppleWebKit/537.36 (KHTML, like Gecko) Chrome/134.0.0.0 Safari/537.36"
::ffff:192.168.0.100 - - [24/Mar/2025:08:04:23 +0000] "GET /api/oneapp/admin/zone/get-area HTTP/1.1" 200 - "http://localhost:3000/" "Mozilla/5.0 (Windows NT 10.0; Win64; x64) AppleWebKit/537.36 (KHTML, like Gecko) Chrome/134.0.0.0 Safari/537.36"
::ffff:192.168.0.100 - - [24/Mar/2025:08:06:12 +0000] "GET /api/oneapp/admin/zone/get-zone HTTP/1.1" 200 - "http://localhost:3000/" "Mozilla/5.0 (Windows NT 10.0; Win64; x64) AppleWebKit/537.36 (KHTML, like Gecko) Chrome/134.0.0.0 Safari/537.36"
::ffff:192.168.0.100 - - [24/Mar/2025:08:06:12 +0000] "GET /api/oneapp/admin/zone/get-area HTTP/1.1" 200 - "http://localhost:3000/" "Mozilla/5.0 (Windows NT 10.0; Win64; x64) AppleWebKit/537.36 (KHTML, like Gecko) Chrome/134.0.0.0 Safari/537.36"
::ffff:192.168.0.100 - - [24/Mar/2025:08:10:12 +0000] "OPTIONS /api/oneapp/admin/zone/update-all-area HTTP/1.1" 204 0 "http://localhost:3000/" "Mozilla/5.0 (Windows NT 10.0; Win64; x64) AppleWebKit/537.36 (KHTML, like Gecko) Chrome/134.0.0.0 Safari/537.36"
::ffff:192.168.0.100 - - [24/Mar/2025:08:10:12 +0000] "PATCH /api/oneapp/admin/zone/update-all-area HTTP/1.1" 200 - "http://localhost:3000/" "Mozilla/5.0 (Windows NT 10.0; Win64; x64) AppleWebKit/537.36 (KHTML, like Gecko) Chrome/134.0.0.0 Safari/537.36"
::ffff:192.168.0.100 - - [24/Mar/2025:08:10:12 +0000] "GET /api/oneapp/admin/zone/get-area HTTP/1.1" 200 - "http://localhost:3000/" "Mozilla/5.0 (Windows NT 10.0; Win64; x64) AppleWebKit/537.36 (KHTML, like Gecko) Chrome/134.0.0.0 Safari/537.36"
::ffff:192.168.0.100 - - [24/Mar/2025:08:10:55 +0000] "OPTIONS /api/oneapp/admin/zone/update-all-area HTTP/1.1" 204 0 "http://localhost:3000/" "Mozilla/5.0 (Windows NT 10.0; Win64; x64) AppleWebKit/537.36 (KHTML, like Gecko) Chrome/134.0.0.0 Safari/537.36"
::ffff:192.168.0.100 - - [24/Mar/2025:08:10:55 +0000] "PATCH /api/oneapp/admin/zone/update-all-area HTTP/1.1" 200 - "http://localhost:3000/" "Mozilla/5.0 (Windows NT 10.0; Win64; x64) AppleWebKit/537.36 (KHTML, like Gecko) Chrome/134.0.0.0 Safari/537.36"
::ffff:192.168.0.100 - - [24/Mar/2025:08:10:55 +0000] "GET /api/oneapp/admin/zone/get-area HTTP/1.1" 200 - "http://localhost:3000/" "Mozilla/5.0 (Windows NT 10.0; Win64; x64) AppleWebKit/537.36 (KHTML, like Gecko) Chrome/134.0.0.0 Safari/537.36"
::ffff:192.168.0.100 - - [24/Mar/2025:08:11:50 +0000] "OPTIONS /api/oneapp/admin/zone/update-all-area HTTP/1.1" 204 0 "http://localhost:3000/" "Mozilla/5.0 (Windows NT 10.0; Win64; x64) AppleWebKit/537.36 (KHTML, like Gecko) Chrome/134.0.0.0 Safari/537.36"
::ffff:192.168.0.100 - - [24/Mar/2025:08:11:50 +0000] "PATCH /api/oneapp/admin/zone/update-all-area HTTP/1.1" 200 - "http://localhost:3000/" "Mozilla/5.0 (Windows NT 10.0; Win64; x64) AppleWebKit/537.36 (KHTML, like Gecko) Chrome/134.0.0.0 Safari/537.36"
::ffff:192.168.0.100 - - [24/Mar/2025:08:11:50 +0000] "GET /api/oneapp/admin/zone/get-area HTTP/1.1" 200 - "http://localhost:3000/" "Mozilla/5.0 (Windows NT 10.0; Win64; x64) AppleWebKit/537.36 (KHTML, like Gecko) Chrome/134.0.0.0 Safari/537.36"
::ffff:192.168.0.100 - - [24/Mar/2025:08:12:44 +0000] "OPTIONS /api/oneapp/admin/zone/update-all-area HTTP/1.1" 204 0 "http://localhost:3000/" "Mozilla/5.0 (Windows NT 10.0; Win64; x64) AppleWebKit/537.36 (KHTML, like Gecko) Chrome/134.0.0.0 Safari/537.36"
::ffff:192.168.0.100 - - [24/Mar/2025:08:12:44 +0000] "PATCH /api/oneapp/admin/zone/update-all-area HTTP/1.1" 200 - "http://localhost:3000/" "Mozilla/5.0 (Windows NT 10.0; Win64; x64) AppleWebKit/537.36 (KHTML, like Gecko) Chrome/134.0.0.0 Safari/537.36"
::ffff:192.168.0.100 - - [24/Mar/2025:08:12:44 +0000] "GET /api/oneapp/admin/zone/get-area HTTP/1.1" 200 - "http://localhost:3000/" "Mozilla/5.0 (Windows NT 10.0; Win64; x64) AppleWebKit/537.36 (KHTML, like Gecko) Chrome/134.0.0.0 Safari/537.36"
::ffff:192.168.0.100 - - [24/Mar/2025:08:13:03 +0000] "GET /api/oneapp/admin/zone/get-zone HTTP/1.1" 200 - "http://localhost:3000/" "Mozilla/5.0 (Windows NT 10.0; Win64; x64) AppleWebKit/537.36 (KHTML, like Gecko) Chrome/134.0.0.0 Safari/537.36"
::ffff:192.168.0.100 - - [24/Mar/2025:08:13:03 +0000] "GET /api/oneapp/admin/zone/get-area HTTP/1.1" 200 - "http://localhost:3000/" "Mozilla/5.0 (Windows NT 10.0; Win64; x64) AppleWebKit/537.36 (KHTML, like Gecko) Chrome/134.0.0.0 Safari/537.36"
::ffff:192.168.0.100 - - [24/Mar/2025:08:13:48 +0000] "OPTIONS /api/oneapp/admin/zone/multiple-all-area HTTP/1.1" 204 0 "http://localhost:3000/" "Mozilla/5.0 (Windows NT 10.0; Win64; x64) AppleWebKit/537.36 (KHTML, like Gecko) Chrome/134.0.0.0 Safari/537.36"
::ffff:192.168.0.100 - - [24/Mar/2025:08:13:48 +0000] "PATCH /api/oneapp/admin/zone/multiple-all-area HTTP/1.1" 200 - "http://localhost:3000/" "Mozilla/5.0 (Windows NT 10.0; Win64; x64) AppleWebKit/537.36 (KHTML, like Gecko) Chrome/134.0.0.0 Safari/537.36"
::ffff:192.168.0.100 - - [24/Mar/2025:08:13:48 +0000] "GET /api/oneapp/admin/zone/get-area HTTP/1.1" 200 - "http://localhost:3000/" "Mozilla/5.0 (Windows NT 10.0; Win64; x64) AppleWebKit/537.36 (KHTML, like Gecko) Chrome/134.0.0.0 Safari/537.36"
::ffff:192.168.0.100 - - [24/Mar/2025:08:14:23 +0000] "OPTIONS /api/oneapp/admin/zone/update-all-area HTTP/1.1" 204 0 "http://localhost:3000/" "Mozilla/5.0 (Windows NT 10.0; Win64; x64) AppleWebKit/537.36 (KHTML, like Gecko) Chrome/134.0.0.0 Safari/537.36"
::ffff:192.168.0.100 - - [24/Mar/2025:08:14:23 +0000] "PATCH /api/oneapp/admin/zone/update-all-area HTTP/1.1" 200 - "http://localhost:3000/" "Mozilla/5.0 (Windows NT 10.0; Win64; x64) AppleWebKit/537.36 (KHTML, like Gecko) Chrome/134.0.0.0 Safari/537.36"
::ffff:192.168.0.100 - - [24/Mar/2025:08:14:23 +0000] "GET /api/oneapp/admin/zone/get-area HTTP/1.1" 200 - "http://localhost:3000/" "Mozilla/5.0 (Windows NT 10.0; Win64; x64) AppleWebKit/537.36 (KHTML, like Gecko) Chrome/134.0.0.0 Safari/537.36"
::ffff:192.168.0.100 - - [24/Mar/2025:08:16:06 +0000] "OPTIONS /api/oneapp/admin/zone/update-all-area HTTP/1.1" 204 0 "http://localhost:3000/" "Mozilla/5.0 (Windows NT 10.0; Win64; x64) AppleWebKit/537.36 (KHTML, like Gecko) Chrome/134.0.0.0 Safari/537.36"
::ffff:192.168.0.100 - - [24/Mar/2025:08:16:06 +0000] "PATCH /api/oneapp/admin/zone/update-all-area HTTP/1.1" 200 - "http://localhost:3000/" "Mozilla/5.0 (Windows NT 10.0; Win64; x64) AppleWebKit/537.36 (KHTML, like Gecko) Chrome/134.0.0.0 Safari/537.36"
::ffff:192.168.0.100 - - [24/Mar/2025:08:16:06 +0000] "GET /api/oneapp/admin/zone/get-area HTTP/1.1" 200 - "http://localhost:3000/" "Mozilla/5.0 (Windows NT 10.0; Win64; x64) AppleWebKit/537.36 (KHTML, like Gecko) Chrome/134.0.0.0 Safari/537.36"
::ffff:192.168.0.100 - - [24/Mar/2025:08:16:46 +0000] "OPTIONS /api/oneapp/admin/zone/update-all-area HTTP/1.1" 204 0 "http://localhost:3000/" "Mozilla/5.0 (Windows NT 10.0; Win64; x64) AppleWebKit/537.36 (KHTML, like Gecko) Chrome/134.0.0.0 Safari/537.36"
::ffff:192.168.0.100 - - [24/Mar/2025:08:16:46 +0000] "PATCH /api/oneapp/admin/zone/update-all-area HTTP/1.1" 200 - "http://localhost:3000/" "Mozilla/5.0 (Windows NT 10.0; Win64; x64) AppleWebKit/537.36 (KHTML, like Gecko) Chrome/134.0.0.0 Safari/537.36"
::ffff:192.168.0.100 - - [24/Mar/2025:08:16:46 +0000] "GET /api/oneapp/admin/zone/get-area HTTP/1.1" 200 - "http://localhost:3000/" "Mozilla/5.0 (Windows NT 10.0; Win64; x64) AppleWebKit/537.36 (KHTML, like Gecko) Chrome/134.0.0.0 Safari/537.36"
::ffff:192.168.0.100 - - [24/Mar/2025:08:17:14 +0000] "OPTIONS /api/oneapp/admin/zone/update-all-area HTTP/1.1" 204 0 "http://localhost:3000/" "Mozilla/5.0 (Windows NT 10.0; Win64; x64) AppleWebKit/537.36 (KHTML, like Gecko) Chrome/134.0.0.0 Safari/537.36"
::ffff:192.168.0.100 - - [24/Mar/2025:08:17:14 +0000] "PATCH /api/oneapp/admin/zone/update-all-area HTTP/1.1" 200 - "http://localhost:3000/" "Mozilla/5.0 (Windows NT 10.0; Win64; x64) AppleWebKit/537.36 (KHTML, like Gecko) Chrome/134.0.0.0 Safari/537.36"
::ffff:192.168.0.100 - - [24/Mar/2025:08:17:14 +0000] "GET /api/oneapp/admin/zone/get-area HTTP/1.1" 200 - "http://localhost:3000/" "Mozilla/5.0 (Windows NT 10.0; Win64; x64) AppleWebKit/537.36 (KHTML, like Gecko) Chrome/134.0.0.0 Safari/537.36"
::ffff:192.168.0.100 - - [24/Mar/2025:08:17:28 +0000] "OPTIONS /api/oneapp/admin/zone/update-all-area HTTP/1.1" 204 0 "http://localhost:3000/" "Mozilla/5.0 (Windows NT 10.0; Win64; x64) AppleWebKit/537.36 (KHTML, like Gecko) Chrome/134.0.0.0 Safari/537.36"
::ffff:192.168.0.100 - - [24/Mar/2025:08:17:28 +0000] "PATCH /api/oneapp/admin/zone/update-all-area HTTP/1.1" 200 - "http://localhost:3000/" "Mozilla/5.0 (Windows NT 10.0; Win64; x64) AppleWebKit/537.36 (KHTML, like Gecko) Chrome/134.0.0.0 Safari/537.36"
::ffff:192.168.0.100 - - [24/Mar/2025:08:17:28 +0000] "GET /api/oneapp/admin/zone/get-area HTTP/1.1" 200 - "http://localhost:3000/" "Mozilla/5.0 (Windows NT 10.0; Win64; x64) AppleWebKit/537.36 (KHTML, like Gecko) Chrome/134.0.0.0 Safari/537.36"
::ffff:192.168.0.100 - - [24/Mar/2025:08:18:24 +0000] "OPTIONS /api/oneapp/admin/zone/update-all-area HTTP/1.1" 204 0 "http://localhost:3000/" "Mozilla/5.0 (Windows NT 10.0; Win64; x64) AppleWebKit/537.36 (KHTML, like Gecko) Chrome/134.0.0.0 Safari/537.36"
::ffff:192.168.0.100 - - [24/Mar/2025:08:18:24 +0000] "PATCH /api/oneapp/admin/zone/update-all-area HTTP/1.1" 200 - "http://localhost:3000/" "Mozilla/5.0 (Windows NT 10.0; Win64; x64) AppleWebKit/537.36 (KHTML, like Gecko) Chrome/134.0.0.0 Safari/537.36"
::ffff:192.168.0.100 - - [24/Mar/2025:08:18:24 +0000] "GET /api/oneapp/admin/zone/get-area HTTP/1.1" 200 - "http://localhost:3000/" "Mozilla/5.0 (Windows NT 10.0; Win64; x64) AppleWebKit/537.36 (KHTML, like Gecko) Chrome/134.0.0.0 Safari/537.36"
::ffff:192.168.0.104 - - [24/Mar/2025:08:30:38 +0000] "POST /api/oneapp/admin/zone/send-otp-seller HTTP/1.1" 500 - "-" "okhttp/4.12.0"
::ffff:192.168.0.104 - - [24/Mar/2025:08:33:36 +0000] "GET /api/oneapp/admin/zone/send-otp-seller HTTP/1.1" 404 - "-" "PostmanRuntime/7.43.2"
::ffff:192.168.0.104 - - [24/Mar/2025:08:33:45 +0000] "POST /api/oneapp/admin/zone/send-otp-seller HTTP/1.1" 500 - "-" "PostmanRuntime/7.43.2"
::ffff:192.168.0.104 - - [24/Mar/2025:08:33:57 +0000] "POST /api/oneapp/admin/zone/send-otp-seller HTTP/1.1" 500 - "-" "PostmanRuntime/7.43.2"
::ffff:192.168.0.102 - - [24/Mar/2025:08:34:29 +0000] "POST /api/oneapp/admin/zone/send-otp-seller HTTP/1.1" 500 - "-" "PostmanRuntime/7.43.2"
::ffff:192.168.0.102 - - [24/Mar/2025:08:40:11 +0000] "POST /api/oneapp/admin/zone/send-otp-seller HTTP/1.1" - - "-" "PostmanRuntime/7.43.2"
::ffff:192.168.0.102 - - [24/Mar/2025:08:46:16 +0000] "POST /api/oneapp/admin/zone/send-otp-seller HTTP/1.1" 201 - "-" "PostmanRuntime/7.43.2"
::ffff:192.168.0.100 - - [24/Mar/2025:08:50:54 +0000] "OPTIONS /api/oneapp/admin/zone/update-all-area HTTP/1.1" 204 0 "http://localhost:3000/" "Mozilla/5.0 (Windows NT 10.0; Win64; x64) AppleWebKit/537.36 (KHTML, like Gecko) Chrome/134.0.0.0 Safari/537.36"
::ffff:192.168.0.100 - - [24/Mar/2025:08:50:54 +0000] "PATCH /api/oneapp/admin/zone/update-all-area HTTP/1.1" 200 - "http://localhost:3000/" "Mozilla/5.0 (Windows NT 10.0; Win64; x64) AppleWebKit/537.36 (KHTML, like Gecko) Chrome/134.0.0.0 Safari/537.36"
::ffff:192.168.0.100 - - [24/Mar/2025:08:50:54 +0000] "GET /api/oneapp/admin/zone/get-area HTTP/1.1" 200 - "http://localhost:3000/" "Mozilla/5.0 (Windows NT 10.0; Win64; x64) AppleWebKit/537.36 (KHTML, like Gecko) Chrome/134.0.0.0 Safari/537.36"
::ffff:192.168.0.100 - - [24/Mar/2025:08:52:00 +0000] "GET /api/oneapp/admin/zone/get-area HTTP/1.1" 200 - "http://localhost:3000/" "Mozilla/5.0 (Windows NT 10.0; Win64; x64) AppleWebKit/537.36 (KHTML, like Gecko) Chrome/134.0.0.0 Safari/537.36"
::ffff:192.168.0.100 - - [24/Mar/2025:08:52:00 +0000] "GET /api/oneapp/admin/zone/get-zone HTTP/1.1" 200 - "http://localhost:3000/" "Mozilla/5.0 (Windows NT 10.0; Win64; x64) AppleWebKit/537.36 (KHTML, like Gecko) Chrome/134.0.0.0 Safari/537.36"
::ffff:192.168.0.102 - - [24/Mar/2025:08:52:44 +0000] "POST /api/oneapp/admin/zone/verify-otp-seller HTTP/1.1" 404 - "-" "PostmanRuntime/7.43.2"
::ffff:192.168.0.102 - - [24/Mar/2025:08:52:49 +0000] "POST /api/oneapp/admin/zone/send-otp-seller HTTP/1.1" 201 - "-" "PostmanRuntime/7.43.2"
::ffff:192.168.0.100 - - [24/Mar/2025:08:52:52 +0000] "GET /api/oneapp/admin/zone/get-area HTTP/1.1" 200 - "http://localhost:3000/" "Mozilla/5.0 (Windows NT 10.0; Win64; x64) AppleWebKit/537.36 (KHTML, like Gecko) Chrome/134.0.0.0 Safari/537.36"
::ffff:192.168.0.100 - - [24/Mar/2025:08:52:52 +0000] "GET /api/oneapp/admin/zone/get-zone HTTP/1.1" 200 - "http://localhost:3000/" "Mozilla/5.0 (Windows NT 10.0; Win64; x64) AppleWebKit/537.36 (KHTML, like Gecko) Chrome/134.0.0.0 Safari/537.36"
::ffff:192.168.0.102 - - [24/Mar/2025:08:52:54 +0000] "POST /api/oneapp/admin/zone/verify-otp-seller HTTP/1.1" 200 - "-" "PostmanRuntime/7.43.2"
::ffff:192.168.0.100 - - [24/Mar/2025:08:53:00 +0000] "GET /api/oneapp/admin/zone/get-zone HTTP/1.1" 200 - "http://localhost:3000/" "Mozilla/5.0 (Windows NT 10.0; Win64; x64) AppleWebKit/537.36 (KHTML, like Gecko) Chrome/134.0.0.0 Safari/537.36"
::ffff:192.168.0.100 - - [24/Mar/2025:08:53:00 +0000] "GET /api/oneapp/admin/zone/get-area HTTP/1.1" 200 - "http://localhost:3000/" "Mozilla/5.0 (Windows NT 10.0; Win64; x64) AppleWebKit/537.36 (KHTML, like Gecko) Chrome/134.0.0.0 Safari/537.36"
::ffff:192.168.0.100 - - [24/Mar/2025:08:53:04 +0000] "GET /api/oneapp/admin/zone/get-area HTTP/1.1" 200 - "http://localhost:3000/" "Mozilla/5.0 (Windows NT 10.0; Win64; x64) AppleWebKit/537.36 (KHTML, like Gecko) Chrome/134.0.0.0 Safari/537.36"
::ffff:192.168.0.100 - - [24/Mar/2025:08:53:04 +0000] "GET /api/oneapp/admin/zone/get-zone HTTP/1.1" 200 - "http://localhost:3000/" "Mozilla/5.0 (Windows NT 10.0; Win64; x64) AppleWebKit/537.36 (KHTML, like Gecko) Chrome/134.0.0.0 Safari/537.36"
::ffff:192.168.0.100 - - [24/Mar/2025:08:53:05 +0000] "GET /api/oneapp/admin/zone/get-area HTTP/1.1" 200 - "http://localhost:3000/" "Mozilla/5.0 (Windows NT 10.0; Win64; x64) AppleWebKit/537.36 (KHTML, like Gecko) Chrome/134.0.0.0 Safari/537.36"
::ffff:192.168.0.100 - - [24/Mar/2025:08:53:05 +0000] "GET /api/oneapp/admin/zone/get-zone HTTP/1.1" 200 - "http://localhost:3000/" "Mozilla/5.0 (Windows NT 10.0; Win64; x64) AppleWebKit/537.36 (KHTML, like Gecko) Chrome/134.0.0.0 Safari/537.36"
::ffff:192.168.0.100 - - [24/Mar/2025:08:53:42 +0000] "GET /api/oneapp/admin/zone/get-area HTTP/1.1" 200 - "http://localhost:3000/" "Mozilla/5.0 (Windows NT 10.0; Win64; x64) AppleWebKit/537.36 (KHTML, like Gecko) Chrome/134.0.0.0 Safari/537.36"
::ffff:192.168.0.100 - - [24/Mar/2025:08:53:42 +0000] "GET /api/oneapp/admin/zone/get-zone HTTP/1.1" 200 - "http://localhost:3000/" "Mozilla/5.0 (Windows NT 10.0; Win64; x64) AppleWebKit/537.36 (KHTML, like Gecko) Chrome/134.0.0.0 Safari/537.36"
::ffff:192.168.0.100 - - [24/Mar/2025:08:54:00 +0000] "GET /api/oneapp/admin/zone/get-area HTTP/1.1" 200 - "http://localhost:3000/" "Mozilla/5.0 (Windows NT 10.0; Win64; x64) AppleWebKit/537.36 (KHTML, like Gecko) Chrome/134.0.0.0 Safari/537.36"
::ffff:192.168.0.100 - - [24/Mar/2025:08:54:00 +0000] "GET /api/oneapp/admin/zone/get-zone HTTP/1.1" 200 - "http://localhost:3000/" "Mozilla/5.0 (Windows NT 10.0; Win64; x64) AppleWebKit/537.36 (KHTML, like Gecko) Chrome/134.0.0.0 Safari/537.36"
::ffff:192.168.0.100 - - [24/Mar/2025:08:57:34 +0000] "GET /api/oneapp/admin/zone/get-area HTTP/1.1" 200 - "http://localhost:3000/" "Mozilla/5.0 (Windows NT 10.0; Win64; x64) AppleWebKit/537.36 (KHTML, like Gecko) Chrome/134.0.0.0 Safari/537.36"
::ffff:192.168.0.100 - - [24/Mar/2025:08:57:34 +0000] "GET /api/oneapp/admin/zone/get-zone HTTP/1.1" 200 - "http://localhost:3000/" "Mozilla/5.0 (Windows NT 10.0; Win64; x64) AppleWebKit/537.36 (KHTML, like Gecko) Chrome/134.0.0.0 Safari/537.36"
::ffff:192.168.0.100 - - [24/Mar/2025:08:57:34 +0000] "GET /api/oneapp/admin/zone/get-area HTTP/1.1" 200 - "http://localhost:3000/" "Mozilla/5.0 (Windows NT 10.0; Win64; x64) AppleWebKit/537.36 (KHTML, like Gecko) Chrome/134.0.0.0 Safari/537.36"
::ffff:192.168.0.100 - - [24/Mar/2025:08:57:34 +0000] "GET /api/oneapp/admin/zone/get-zone HTTP/1.1" 200 - "http://localhost:3000/" "Mozilla/5.0 (Windows NT 10.0; Win64; x64) AppleWebKit/537.36 (KHTML, like Gecko) Chrome/134.0.0.0 Safari/537.36"
::ffff:192.168.0.100 - - [24/Mar/2025:08:57:35 +0000] "GET /api/oneapp/admin/zone/get-area HTTP/1.1" 200 - "http://localhost:3000/" "Mozilla/5.0 (Windows NT 10.0; Win64; x64) AppleWebKit/537.36 (KHTML, like Gecko) Chrome/134.0.0.0 Safari/537.36"
::ffff:192.168.0.100 - - [24/Mar/2025:08:57:35 +0000] "GET /api/oneapp/admin/zone/get-zone HTTP/1.1" 200 - "http://localhost:3000/" "Mozilla/5.0 (Windows NT 10.0; Win64; x64) AppleWebKit/537.36 (KHTML, like Gecko) Chrome/134.0.0.0 Safari/537.36"
::ffff:192.168.0.100 - - [24/Mar/2025:08:57:35 +0000] "GET /api/oneapp/admin/zone/get-area HTTP/1.1" 200 - "http://localhost:3000/" "Mozilla/5.0 (Windows NT 10.0; Win64; x64) AppleWebKit/537.36 (KHTML, like Gecko) Chrome/134.0.0.0 Safari/537.36"
::ffff:192.168.0.100 - - [24/Mar/2025:08:57:35 +0000] "GET /api/oneapp/admin/zone/get-zone HTTP/1.1" 200 - "http://localhost:3000/" "Mozilla/5.0 (Windows NT 10.0; Win64; x64) AppleWebKit/537.36 (KHTML, like Gecko) Chrome/134.0.0.0 Safari/537.36"
::ffff:192.168.0.100 - - [24/Mar/2025:09:05:07 +0000] "GET /api/oneapp/admin/zone/get-area HTTP/1.1" 200 - "http://localhost:3000/" "Mozilla/5.0 (Windows NT 10.0; Win64; x64) AppleWebKit/537.36 (KHTML, like Gecko) Chrome/134.0.0.0 Safari/537.36"
::ffff:192.168.0.100 - - [24/Mar/2025:09:05:07 +0000] "GET /api/oneapp/admin/zone/get-zone HTTP/1.1" 200 - "http://localhost:3000/" "Mozilla/5.0 (Windows NT 10.0; Win64; x64) AppleWebKit/537.36 (KHTML, like Gecko) Chrome/134.0.0.0 Safari/537.36"
::ffff:192.168.0.100 - - [24/Mar/2025:09:05:37 +0000] "GET /api/oneapp/admin/zone/get-area HTTP/1.1" 200 - "http://localhost:3000/" "Mozilla/5.0 (Windows NT 10.0; Win64; x64) AppleWebKit/537.36 (KHTML, like Gecko) Chrome/134.0.0.0 Safari/537.36"
::ffff:192.168.0.100 - - [24/Mar/2025:09:05:37 +0000] "GET /api/oneapp/admin/zone/get-zone HTTP/1.1" 200 - "http://localhost:3000/" "Mozilla/5.0 (Windows NT 10.0; Win64; x64) AppleWebKit/537.36 (KHTML, like Gecko) Chrome/134.0.0.0 Safari/537.36"
::ffff:192.168.0.100 - - [24/Mar/2025:09:07:07 +0000] "OPTIONS /api/oneapp/admin/zone/update-all-area HTTP/1.1" 204 0 "http://localhost:3000/" "Mozilla/5.0 (Windows NT 10.0; Win64; x64) AppleWebKit/537.36 (KHTML, like Gecko) Chrome/134.0.0.0 Safari/537.36"
::ffff:192.168.0.100 - - [24/Mar/2025:09:07:07 +0000] "PATCH /api/oneapp/admin/zone/update-all-area HTTP/1.1" 200 - "http://localhost:3000/" "Mozilla/5.0 (Windows NT 10.0; Win64; x64) AppleWebKit/537.36 (KHTML, like Gecko) Chrome/134.0.0.0 Safari/537.36"
::ffff:192.168.0.100 - - [24/Mar/2025:09:07:07 +0000] "GET /api/oneapp/admin/zone/get-area HTTP/1.1" 200 - "http://localhost:3000/" "Mozilla/5.0 (Windows NT 10.0; Win64; x64) AppleWebKit/537.36 (KHTML, like Gecko) Chrome/134.0.0.0 Safari/537.36"
::ffff:192.168.0.100 - - [24/Mar/2025:09:07:28 +0000] "OPTIONS /api/oneapp/admin/zone/update-all-area HTTP/1.1" 204 0 "http://localhost:3000/" "Mozilla/5.0 (Windows NT 10.0; Win64; x64) AppleWebKit/537.36 (KHTML, like Gecko) Chrome/134.0.0.0 Safari/537.36"
::ffff:192.168.0.100 - - [24/Mar/2025:09:07:28 +0000] "PATCH /api/oneapp/admin/zone/update-all-area HTTP/1.1" 200 - "http://localhost:3000/" "Mozilla/5.0 (Windows NT 10.0; Win64; x64) AppleWebKit/537.36 (KHTML, like Gecko) Chrome/134.0.0.0 Safari/537.36"
::ffff:192.168.0.100 - - [24/Mar/2025:09:07:28 +0000] "GET /api/oneapp/admin/zone/get-area HTTP/1.1" 200 - "http://localhost:3000/" "Mozilla/5.0 (Windows NT 10.0; Win64; x64) AppleWebKit/537.36 (KHTML, like Gecko) Chrome/134.0.0.0 Safari/537.36"
::ffff:192.168.0.100 - - [24/Mar/2025:09:07:44 +0000] "GET /api/oneapp/admin/zone/get-area HTTP/1.1" 200 - "http://localhost:3000/" "Mozilla/5.0 (Windows NT 10.0; Win64; x64) AppleWebKit/537.36 (KHTML, like Gecko) Chrome/134.0.0.0 Safari/537.36"
::ffff:192.168.0.100 - - [24/Mar/2025:09:07:44 +0000] "GET /api/oneapp/admin/zone/get-zone HTTP/1.1" 200 - "http://localhost:3000/" "Mozilla/5.0 (Windows NT 10.0; Win64; x64) AppleWebKit/537.36 (KHTML, like Gecko) Chrome/134.0.0.0 Safari/537.36"
::ffff:192.168.0.134 - - [24/Mar/2025:09:12:26 +0000] "POST /api/oneapp/admin/zone/send-otp-user HTTP/1.1" 500 - "-" "Expo/1017655 CFNetwork/3826.400.120 Darwin/24.3.0"
::ffff:192.168.0.134 - - [24/Mar/2025:09:13:03 +0000] "POST /api/oneapp/admin/zone/send-otp-user HTTP/1.1" 500 - "-" "Expo/1017655 CFNetwork/3826.400.120 Darwin/24.3.0"
::ffff:192.168.0.100 - - [24/Mar/2025:09:13:59 +0000] "OPTIONS /api/oneapp/admin/zone/update-all-area HTTP/1.1" 204 0 "http://localhost:3000/" "Mozilla/5.0 (Windows NT 10.0; Win64; x64) AppleWebKit/537.36 (KHTML, like Gecko) Chrome/134.0.0.0 Safari/537.36"
::ffff:192.168.0.100 - - [24/Mar/2025:09:13:59 +0000] "PATCH /api/oneapp/admin/zone/update-all-area HTTP/1.1" 200 - "http://localhost:3000/" "Mozilla/5.0 (Windows NT 10.0; Win64; x64) AppleWebKit/537.36 (KHTML, like Gecko) Chrome/134.0.0.0 Safari/537.36"
::ffff:192.168.0.100 - - [24/Mar/2025:09:13:59 +0000] "GET /api/oneapp/admin/zone/get-area HTTP/1.1" 200 - "http://localhost:3000/" "Mozilla/5.0 (Windows NT 10.0; Win64; x64) AppleWebKit/537.36 (KHTML, like Gecko) Chrome/134.0.0.0 Safari/537.36"
::ffff:192.168.0.134 - - [24/Mar/2025:09:14:15 +0000] "POST /api/oneapp/admin/zone/send-otp-user HTTP/1.1" 500 - "-" "Expo/1017655 CFNetwork/3826.400.120 Darwin/24.3.0"
::ffff:192.168.0.100 - - [24/Mar/2025:09:14:23 +0000] "OPTIONS /api/oneapp/admin/zone/update-all-area HTTP/1.1" 204 0 "http://localhost:3000/" "Mozilla/5.0 (Windows NT 10.0; Win64; x64) AppleWebKit/537.36 (KHTML, like Gecko) Chrome/134.0.0.0 Safari/537.36"
::ffff:192.168.0.100 - - [24/Mar/2025:09:14:23 +0000] "PATCH /api/oneapp/admin/zone/update-all-area HTTP/1.1" 200 - "http://localhost:3000/" "Mozilla/5.0 (Windows NT 10.0; Win64; x64) AppleWebKit/537.36 (KHTML, like Gecko) Chrome/134.0.0.0 Safari/537.36"
::ffff:192.168.0.100 - - [24/Mar/2025:09:14:23 +0000] "GET /api/oneapp/admin/zone/get-area HTTP/1.1" 200 - "http://localhost:3000/" "Mozilla/5.0 (Windows NT 10.0; Win64; x64) AppleWebKit/537.36 (KHTML, like Gecko) Chrome/134.0.0.0 Safari/537.36"
::ffff:192.168.0.134 - - [24/Mar/2025:09:14:52 +0000] "POST /api/oneapp/admin/zone/send-otp-user HTTP/1.1" 500 - "-" "Expo/1017655 CFNetwork/3826.400.120 Darwin/24.3.0"
::ffff:192.168.0.134 - - [24/Mar/2025:09:15:39 +0000] "POST /api/oneapp/admin/zone/send-otp-user HTTP/1.1" 500 - "-" "Expo/1017655 CFNetwork/3826.400.120 Darwin/24.3.0"
::ffff:192.168.0.100 - - [24/Mar/2025:09:16:18 +0000] "OPTIONS /api/oneapp/admin/zone/multiple-all-area HTTP/1.1" 204 0 "http://localhost:3000/" "Mozilla/5.0 (Windows NT 10.0; Win64; x64) AppleWebKit/537.36 (KHTML, like Gecko) Chrome/134.0.0.0 Safari/537.36"
::ffff:192.168.0.100 - - [24/Mar/2025:09:16:18 +0000] "PATCH /api/oneapp/admin/zone/multiple-all-area HTTP/1.1" 200 - "http://localhost:3000/" "Mozilla/5.0 (Windows NT 10.0; Win64; x64) AppleWebKit/537.36 (KHTML, like Gecko) Chrome/134.0.0.0 Safari/537.36"
::ffff:192.168.0.100 - - [24/Mar/2025:09:16:18 +0000] "GET /api/oneapp/admin/zone/get-area HTTP/1.1" 200 - "http://localhost:3000/" "Mozilla/5.0 (Windows NT 10.0; Win64; x64) AppleWebKit/537.36 (KHTML, like Gecko) Chrome/134.0.0.0 Safari/537.36"
::ffff:192.168.0.134 - - [24/Mar/2025:09:16:45 +0000] "POST /api/oneapp/admin/zone/send-otp-user HTTP/1.1" 500 - "-" "Expo/1017655 CFNetwork/3826.400.120 Darwin/24.3.0"
::ffff:192.168.0.134 - - [24/Mar/2025:09:18:49 +0000] "POST /api/oneapp/admin/zone/send-otp-user HTTP/1.1" 500 - "-" "Expo/1017655 CFNetwork/3826.400.120 Darwin/24.3.0"
::ffff:192.168.0.100 - - [24/Mar/2025:09:19:45 +0000] "OPTIONS /api/oneapp/admin/zone/update-all-area HTTP/1.1" 204 0 "http://localhost:3000/" "Mozilla/5.0 (Windows NT 10.0; Win64; x64) AppleWebKit/537.36 (KHTML, like Gecko) Chrome/134.0.0.0 Safari/537.36"
::ffff:192.168.0.100 - - [24/Mar/2025:09:19:45 +0000] "PATCH /api/oneapp/admin/zone/update-all-area HTTP/1.1" 200 - "http://localhost:3000/" "Mozilla/5.0 (Windows NT 10.0; Win64; x64) AppleWebKit/537.36 (KHTML, like Gecko) Chrome/134.0.0.0 Safari/537.36"
::ffff:192.168.0.100 - - [24/Mar/2025:09:19:46 +0000] "GET /api/oneapp/admin/zone/get-area HTTP/1.1" 200 - "http://localhost:3000/" "Mozilla/5.0 (Windows NT 10.0; Win64; x64) AppleWebKit/537.36 (KHTML, like Gecko) Chrome/134.0.0.0 Safari/537.36"
::ffff:192.168.0.100 - - [24/Mar/2025:09:20:10 +0000] "OPTIONS /api/oneapp/admin/zone/update-all-area HTTP/1.1" 204 0 "http://localhost:3000/" "Mozilla/5.0 (Windows NT 10.0; Win64; x64) AppleWebKit/537.36 (KHTML, like Gecko) Chrome/134.0.0.0 Safari/537.36"
::ffff:192.168.0.100 - - [24/Mar/2025:09:20:10 +0000] "PATCH /api/oneapp/admin/zone/update-all-area HTTP/1.1" 200 - "http://localhost:3000/" "Mozilla/5.0 (Windows NT 10.0; Win64; x64) AppleWebKit/537.36 (KHTML, like Gecko) Chrome/134.0.0.0 Safari/537.36"
::ffff:192.168.0.100 - - [24/Mar/2025:09:20:10 +0000] "GET /api/oneapp/admin/zone/get-area HTTP/1.1" 200 - "http://localhost:3000/" "Mozilla/5.0 (Windows NT 10.0; Win64; x64) AppleWebKit/537.36 (KHTML, like Gecko) Chrome/134.0.0.0 Safari/537.36"
::ffff:192.168.0.134 - - [24/Mar/2025:09:21:33 +0000] "POST /api/oneapp/admin/zone/send-otp-user HTTP/1.1" 500 - "-" "Expo/1017655 CFNetwork/3826.400.120 Darwin/24.3.0"
::ffff:192.168.0.100 - - [24/Mar/2025:09:21:49 +0000] "OPTIONS /api/oneapp/admin/zone/update-all-area HTTP/1.1" 204 0 "http://localhost:3000/" "Mozilla/5.0 (Windows NT 10.0; Win64; x64) AppleWebKit/537.36 (KHTML, like Gecko) Chrome/134.0.0.0 Safari/537.36"
::ffff:192.168.0.100 - - [24/Mar/2025:09:21:49 +0000] "PATCH /api/oneapp/admin/zone/update-all-area HTTP/1.1" 200 - "http://localhost:3000/" "Mozilla/5.0 (Windows NT 10.0; Win64; x64) AppleWebKit/537.36 (KHTML, like Gecko) Chrome/134.0.0.0 Safari/537.36"
::ffff:192.168.0.100 - - [24/Mar/2025:09:21:49 +0000] "GET /api/oneapp/admin/zone/get-area HTTP/1.1" 200 - "http://localhost:3000/" "Mozilla/5.0 (Windows NT 10.0; Win64; x64) AppleWebKit/537.36 (KHTML, like Gecko) Chrome/134.0.0.0 Safari/537.36"
::ffff:192.168.0.104 - - [24/Mar/2025:09:22:57 +0000] "POST /api/oneapp/admin/zone/send-otp-seller HTTP/1.1" 500 - "-" "okhttp/4.12.0"
::ffff:192.168.0.100 - - [24/Mar/2025:09:24:50 +0000] "OPTIONS /api/oneapp/admin/zone/update-all-area HTTP/1.1" 204 0 "http://localhost:3000/" "Mozilla/5.0 (Windows NT 10.0; Win64; x64) AppleWebKit/537.36 (KHTML, like Gecko) Chrome/134.0.0.0 Safari/537.36"
::ffff:192.168.0.100 - - [24/Mar/2025:09:24:50 +0000] "PATCH /api/oneapp/admin/zone/update-all-area HTTP/1.1" 200 - "http://localhost:3000/" "Mozilla/5.0 (Windows NT 10.0; Win64; x64) AppleWebKit/537.36 (KHTML, like Gecko) Chrome/134.0.0.0 Safari/537.36"
::ffff:192.168.0.100 - - [24/Mar/2025:09:24:50 +0000] "GET /api/oneapp/admin/zone/get-area HTTP/1.1" 200 - "http://localhost:3000/" "Mozilla/5.0 (Windows NT 10.0; Win64; x64) AppleWebKit/537.36 (KHTML, like Gecko) Chrome/134.0.0.0 Safari/537.36"
::ffff:192.168.0.100 - - [24/Mar/2025:09:26:16 +0000] "OPTIONS /api/oneapp/admin/zone/update-all-area HTTP/1.1" 204 0 "http://localhost:3000/" "Mozilla/5.0 (Windows NT 10.0; Win64; x64) AppleWebKit/537.36 (KHTML, like Gecko) Chrome/134.0.0.0 Safari/537.36"
::ffff:192.168.0.100 - - [24/Mar/2025:09:26:16 +0000] "PATCH /api/oneapp/admin/zone/update-all-area HTTP/1.1" 200 - "http://localhost:3000/" "Mozilla/5.0 (Windows NT 10.0; Win64; x64) AppleWebKit/537.36 (KHTML, like Gecko) Chrome/134.0.0.0 Safari/537.36"
::ffff:192.168.0.100 - - [24/Mar/2025:09:26:16 +0000] "GET /api/oneapp/admin/zone/get-area HTTP/1.1" 200 - "http://localhost:3000/" "Mozilla/5.0 (Windows NT 10.0; Win64; x64) AppleWebKit/537.36 (KHTML, like Gecko) Chrome/134.0.0.0 Safari/537.36"
::ffff:192.168.0.100 - - [24/Mar/2025:09:26:59 +0000] "OPTIONS /api/oneapp/admin/zone/update-all-area HTTP/1.1" 204 0 "http://localhost:3000/" "Mozilla/5.0 (Windows NT 10.0; Win64; x64) AppleWebKit/537.36 (KHTML, like Gecko) Chrome/134.0.0.0 Safari/537.36"
::ffff:192.168.0.100 - - [24/Mar/2025:09:26:59 +0000] "PATCH /api/oneapp/admin/zone/update-all-area HTTP/1.1" 200 - "http://localhost:3000/" "Mozilla/5.0 (Windows NT 10.0; Win64; x64) AppleWebKit/537.36 (KHTML, like Gecko) Chrome/134.0.0.0 Safari/537.36"
::ffff:192.168.0.100 - - [24/Mar/2025:09:26:59 +0000] "GET /api/oneapp/admin/zone/get-area HTTP/1.1" 200 - "http://localhost:3000/" "Mozilla/5.0 (Windows NT 10.0; Win64; x64) AppleWebKit/537.36 (KHTML, like Gecko) Chrome/134.0.0.0 Safari/537.36"
::ffff:192.168.0.100 - - [24/Mar/2025:09:27:38 +0000] "OPTIONS /api/oneapp/admin/zone/update-all-area HTTP/1.1" 204 0 "http://localhost:3000/" "Mozilla/5.0 (Windows NT 10.0; Win64; x64) AppleWebKit/537.36 (KHTML, like Gecko) Chrome/134.0.0.0 Safari/537.36"
::ffff:192.168.0.100 - - [24/Mar/2025:09:27:38 +0000] "PATCH /api/oneapp/admin/zone/update-all-area HTTP/1.1" 200 - "http://localhost:3000/" "Mozilla/5.0 (Windows NT 10.0; Win64; x64) AppleWebKit/537.36 (KHTML, like Gecko) Chrome/134.0.0.0 Safari/537.36"
::ffff:192.168.0.100 - - [24/Mar/2025:09:27:38 +0000] "GET /api/oneapp/admin/zone/get-area HTTP/1.1" 200 - "http://localhost:3000/" "Mozilla/5.0 (Windows NT 10.0; Win64; x64) AppleWebKit/537.36 (KHTML, like Gecko) Chrome/134.0.0.0 Safari/537.36"
::ffff:192.168.0.100 - - [24/Mar/2025:09:29:06 +0000] "OPTIONS /api/oneapp/admin/zone/update-all-area HTTP/1.1" 204 0 "http://localhost:3000/" "Mozilla/5.0 (Windows NT 10.0; Win64; x64) AppleWebKit/537.36 (KHTML, like Gecko) Chrome/134.0.0.0 Safari/537.36"
::ffff:192.168.0.100 - - [24/Mar/2025:09:29:06 +0000] "PATCH /api/oneapp/admin/zone/update-all-area HTTP/1.1" 200 - "http://localhost:3000/" "Mozilla/5.0 (Windows NT 10.0; Win64; x64) AppleWebKit/537.36 (KHTML, like Gecko) Chrome/134.0.0.0 Safari/537.36"
::ffff:192.168.0.100 - - [24/Mar/2025:09:29:06 +0000] "GET /api/oneapp/admin/zone/get-area HTTP/1.1" 200 - "http://localhost:3000/" "Mozilla/5.0 (Windows NT 10.0; Win64; x64) AppleWebKit/537.36 (KHTML, like Gecko) Chrome/134.0.0.0 Safari/537.36"
::ffff:192.168.0.100 - - [24/Mar/2025:09:30:14 +0000] "OPTIONS /api/oneapp/admin/zone/update-all-area HTTP/1.1" 204 0 "http://localhost:3000/" "Mozilla/5.0 (Windows NT 10.0; Win64; x64) AppleWebKit/537.36 (KHTML, like Gecko) Chrome/134.0.0.0 Safari/537.36"
::ffff:192.168.0.100 - - [24/Mar/2025:09:30:14 +0000] "PATCH /api/oneapp/admin/zone/update-all-area HTTP/1.1" 200 - "http://localhost:3000/" "Mozilla/5.0 (Windows NT 10.0; Win64; x64) AppleWebKit/537.36 (KHTML, like Gecko) Chrome/134.0.0.0 Safari/537.36"
::ffff:192.168.0.100 - - [24/Mar/2025:09:30:14 +0000] "GET /api/oneapp/admin/zone/get-area HTTP/1.1" 200 - "http://localhost:3000/" "Mozilla/5.0 (Windows NT 10.0; Win64; x64) AppleWebKit/537.36 (KHTML, like Gecko) Chrome/134.0.0.0 Safari/537.36"
::ffff:192.168.0.108 - - [24/Mar/2025:09:31:48 +0000] "POST /api/oneapp/admin/zone/send-otp-user HTTP/1.1" 201 - "-" "PostmanRuntime/7.43.2"
::ffff:192.168.0.100 - - [24/Mar/2025:09:32:25 +0000] "OPTIONS /api/oneapp/admin/zone/update-all-area HTTP/1.1" 204 0 "http://localhost:3000/" "Mozilla/5.0 (Windows NT 10.0; Win64; x64) AppleWebKit/537.36 (KHTML, like Gecko) Chrome/134.0.0.0 Safari/537.36"
::ffff:192.168.0.100 - - [24/Mar/2025:09:32:25 +0000] "PATCH /api/oneapp/admin/zone/update-all-area HTTP/1.1" 200 - "http://localhost:3000/" "Mozilla/5.0 (Windows NT 10.0; Win64; x64) AppleWebKit/537.36 (KHTML, like Gecko) Chrome/134.0.0.0 Safari/537.36"
::ffff:192.168.0.100 - - [24/Mar/2025:09:32:25 +0000] "GET /api/oneapp/admin/zone/get-area HTTP/1.1" 200 - "http://localhost:3000/" "Mozilla/5.0 (Windows NT 10.0; Win64; x64) AppleWebKit/537.36 (KHTML, like Gecko) Chrome/134.0.0.0 Safari/537.36"
::ffff:192.168.0.108 - - [24/Mar/2025:09:32:34 +0000] "POST /api/oneapp/admin/zone/verify-otp-user HTTP/1.1" 404 - "-" "PostmanRuntime/7.43.2"
::ffff:192.168.0.108 - - [24/Mar/2025:09:32:52 +0000] "POST /api/oneapp/admin/zone/verify-otp-user HTTP/1.1" 404 - "-" "PostmanRuntime/7.43.2"
::ffff:192.168.0.100 - - [24/Mar/2025:09:33:15 +0000] "OPTIONS /api/oneapp/admin/zone/update-all-area HTTP/1.1" 204 0 "http://localhost:3000/" "Mozilla/5.0 (Windows NT 10.0; Win64; x64) AppleWebKit/537.36 (KHTML, like Gecko) Chrome/134.0.0.0 Safari/537.36"
::ffff:192.168.0.100 - - [24/Mar/2025:09:33:15 +0000] "PATCH /api/oneapp/admin/zone/update-all-area HTTP/1.1" 200 - "http://localhost:3000/" "Mozilla/5.0 (Windows NT 10.0; Win64; x64) AppleWebKit/537.36 (KHTML, like Gecko) Chrome/134.0.0.0 Safari/537.36"
::ffff:192.168.0.100 - - [24/Mar/2025:09:33:15 +0000] "GET /api/oneapp/admin/zone/get-area HTTP/1.1" 200 - "http://localhost:3000/" "Mozilla/5.0 (Windows NT 10.0; Win64; x64) AppleWebKit/537.36 (KHTML, like Gecko) Chrome/134.0.0.0 Safari/537.36"
::ffff:192.168.0.100 - - [24/Mar/2025:09:33:45 +0000] "OPTIONS /api/oneapp/admin/zone/update-all-area HTTP/1.1" 204 0 "http://localhost:3000/" "Mozilla/5.0 (Windows NT 10.0; Win64; x64) AppleWebKit/537.36 (KHTML, like Gecko) Chrome/134.0.0.0 Safari/537.36"
::ffff:192.168.0.100 - - [24/Mar/2025:09:33:45 +0000] "PATCH /api/oneapp/admin/zone/update-all-area HTTP/1.1" 200 - "http://localhost:3000/" "Mozilla/5.0 (Windows NT 10.0; Win64; x64) AppleWebKit/537.36 (KHTML, like Gecko) Chrome/134.0.0.0 Safari/537.36"
::ffff:192.168.0.100 - - [24/Mar/2025:09:33:45 +0000] "GET /api/oneapp/admin/zone/get-area HTTP/1.1" 200 - "http://localhost:3000/" "Mozilla/5.0 (Windows NT 10.0; Win64; x64) AppleWebKit/537.36 (KHTML, like Gecko) Chrome/134.0.0.0 Safari/537.36"
::ffff:192.168.0.108 - - [24/Mar/2025:09:34:27 +0000] "POST /api/oneapp/admin/zone/send-otp-user HTTP/1.1" 500 - "-" "Mergit/1 CFNetwork/3826.400.120 Darwin/24.3.0"
::ffff:192.168.0.100 - - [24/Mar/2025:09:35:08 +0000] "OPTIONS /api/oneapp/admin/zone/update-all-area HTTP/1.1" 204 0 "http://localhost:3000/" "Mozilla/5.0 (Windows NT 10.0; Win64; x64) AppleWebKit/537.36 (KHTML, like Gecko) Chrome/134.0.0.0 Safari/537.36"
::ffff:192.168.0.100 - - [24/Mar/2025:09:35:08 +0000] "PATCH /api/oneapp/admin/zone/update-all-area HTTP/1.1" 200 - "http://localhost:3000/" "Mozilla/5.0 (Windows NT 10.0; Win64; x64) AppleWebKit/537.36 (KHTML, like Gecko) Chrome/134.0.0.0 Safari/537.36"
::ffff:192.168.0.100 - - [24/Mar/2025:09:35:08 +0000] "GET /api/oneapp/admin/zone/get-area HTTP/1.1" 200 - "http://localhost:3000/" "Mozilla/5.0 (Windows NT 10.0; Win64; x64) AppleWebKit/537.36 (KHTML, like Gecko) Chrome/134.0.0.0 Safari/537.36"
::ffff:192.168.0.102 - - [24/Mar/2025:09:35:08 +0000] "POST /api/oneapp/admin/zone/send-otp-user HTTP/1.1" 200 - "-" "PostmanRuntime/7.43.2"
::ffff:192.168.0.102 - - [24/Mar/2025:09:35:13 +0000] "POST /api/oneapp/admin/zone/verify-otp-user HTTP/1.1" 200 - "-" "PostmanRuntime/7.43.2"
::ffff:192.168.0.108 - - [24/Mar/2025:09:35:22 +0000] "POST /api/oneapp/admin/zone/send-otp-user HTTP/1.1" 500 - "-" "Mergit/1 CFNetwork/3826.400.120 Darwin/24.3.0"
::ffff:192.168.0.108 - - [24/Mar/2025:09:36:05 +0000] "POST /api/oneapp/admin/zone/send-otp-user HTTP/1.1" 500 - "-" "PostmanRuntime/7.43.2"
::ffff:192.168.0.108 - - [24/Mar/2025:09:36:14 +0000] "POST /api/oneapp/admin/zone/verify-otp-user HTTP/1.1" 404 - "-" "PostmanRuntime/7.43.2"
::ffff:192.168.0.100 - - [24/Mar/2025:09:36:21 +0000] "OPTIONS /api/oneapp/admin/zone/update-all-area HTTP/1.1" 204 0 "http://localhost:3000/" "Mozilla/5.0 (Windows NT 10.0; Win64; x64) AppleWebKit/537.36 (KHTML, like Gecko) Chrome/134.0.0.0 Safari/537.36"
::ffff:192.168.0.100 - - [24/Mar/2025:09:36:21 +0000] "PATCH /api/oneapp/admin/zone/update-all-area HTTP/1.1" 200 - "http://localhost:3000/" "Mozilla/5.0 (Windows NT 10.0; Win64; x64) AppleWebKit/537.36 (KHTML, like Gecko) Chrome/134.0.0.0 Safari/537.36"
::ffff:192.168.0.100 - - [24/Mar/2025:09:36:22 +0000] "GET /api/oneapp/admin/zone/get-area HTTP/1.1" 200 - "http://localhost:3000/" "Mozilla/5.0 (Windows NT 10.0; Win64; x64) AppleWebKit/537.36 (KHTML, like Gecko) Chrome/134.0.0.0 Safari/537.36"
::ffff:192.168.0.108 - - [24/Mar/2025:09:36:26 +0000] "POST /api/oneapp/admin/zone/send-otp-user HTTP/1.1" 500 - "-" "PostmanRuntime/7.43.2"
::ffff:192.168.0.108 - - [24/Mar/2025:09:36:33 +0000] "POST /api/oneapp/admin/zone/send-otp-user HTTP/1.1" 200 - "-" "PostmanRuntime/7.43.2"
::ffff:192.168.0.108 - - [24/Mar/2025:09:37:01 +0000] "POST /api/oneapp/admin/zone/send-otp-user HTTP/1.1" 200 - "-" "Mergit/1 CFNetwork/3826.400.120 Darwin/24.3.0"
::ffff:192.168.0.100 - - [24/Mar/2025:09:37:50 +0000] "OPTIONS /api/oneapp/admin/zone/update-all-area HTTP/1.1" 204 0 "http://localhost:3000/" "Mozilla/5.0 (Windows NT 10.0; Win64; x64) AppleWebKit/537.36 (KHTML, like Gecko) Chrome/134.0.0.0 Safari/537.36"
